04-08 13:49:21.570  2753 23368 W NetworkScheduler: 	at byui.f(:com.google.android.gms@231818047@23.18.18 (190800-535401451):59)
04-08 13:49:21.570  2753 23368 W NetworkScheduler: 	at bytb.n(:com.google.android.gms@231818047@23.18.18 (190800-535401451):3)
04-08 13:49:21.570  2753 23368 W NetworkScheduler: 	at bytb.u(:com.google.android.gms@231818047@23.18.18 (190800-535401451):20)
04-08 13:49:21.570  2753 23368 W NetworkScheduler: 	at bytb.h(:com.google.android.gms@231818047@23.18.18 (190800-535401451):3)
04-08 13:49:21.570  2753 23368 W NetworkScheduler: 	at byot.run(:com.google.android.gms@231818047@23.18.18 (190800-535401451):9)
04-08 13:49:21.570  2753 23368 W NetworkScheduler: 	at aced.c(:com.google.android.gms@231818047@23.18.18 (190800-535401451):6)
04-08 13:49:21.570  2753 23368 W NetworkScheduler: 	at aced.run(:com.google.android.gms@231818047@23.18.18 (190800-535401451):7)
04-08 13:49:21.570  2753 23368 W NetworkScheduler: 	at java.util.concurrent.ThreadPoolExecutor.runWorker(ThreadPoolExecutor.java:1145)
04-08 13:49:21.570  2753 23368 W NetworkScheduler: 	at java.util.concurrent.ThreadPoolExecutor$Worker.run(ThreadPoolExecutor.java:644)
04-08 13:49:21.570  2753 23368 W NetworkScheduler: 	at acjn.run(:com.google.android.gms@231818047@23.18.18 (190800-535401451):0)
04-08 13:49:21.570  2753 23368 W NetworkScheduler: 	at java.lang.Thread.run(Thread.java:1012)
04-08 13:49:21.595  2753 23628 W NetworkScheduler: Error inserting flex_time=1000 job_id=-1 period=4000 source=16 requires_charging=0 preferred_network_type=1 target_class=com.google.android.gms.measurement.PackageMeasurementTaskService user_id=0 target_package=com.google.android.gms tag=Measurement.PackageMeasurementTaskService.UPLOAD_TASK_TAG task_type=0 required_idleness_state=0 service_kind=0 source_version=231818000 persistence_level=1 preferred_charging_state=1 required_network_type=0 runtime=1712605761589 retry_strategy={"maximum_backoff_seconds":{"3600":0},"initial_backoff_seconds":{"30":0},"retry_policy":{"0":0}} last_runtime=0 [CONTEXT service_id=218 ]
04-08 13:49:21.595  2753 23628 W NetworkScheduler: android.database.sqlite.SQLiteConstraintException: UNIQUE constraint failed: pending_ops.tag, pending_ops.target_class, pending_ops.target_package, pending_ops.user_id (code 2067 SQLITE_CONSTRAINT_UNIQUE)
04-08 13:49:21.595  2753 23628 W NetworkScheduler: 	at android.database.sqlite.SQLiteConnection.nativeExecuteForLastInsertedRowId(Native Method)
04-08 13:49:21.595  2753 23628 W NetworkScheduler: 	at android.database.sqlite.SQLiteConnection.executeForLastInsertedRowId(SQLiteConnection.java:961)
04-08 13:49:21.595  2753 23628 W NetworkScheduler: 	at android.database.sqlite.SQLiteSession.executeForLastInsertedRowId(SQLiteSession.java:790)
04-08 13:49:21.595  2753 23628 W NetworkScheduler: 	at android.database.sqlite.SQLiteStatement.executeInsert(SQLiteStatement.java:89)
04-08 13:49:21.595  2753 23628 W NetworkScheduler: 	at android.database.sqlite.SQLiteDatabase.insertWithOnConflict(SQLiteDatabase.java:1870)
04-08 13:49:21.595  2753 23628 W NetworkScheduler: 	at android.database.sqlite.SQLiteDatabase.insertOrThrow(SQLiteDatabase.java:1765)
04-08 13:49:21.595  2753 23628 W NetworkScheduler: 	at byui.f(:com.google.android.gms@231818047@23.18.18 (190800-535401451):59)
04-08 13:49:21.595  2753 23628 W NetworkScheduler: 	at bytb.n(:com.google.android.gms@231818047@23.18.18 (190800-535401451):3)
04-08 13:49:21.595  2753 23628 W NetworkScheduler: 	at bytb.u(:com.google.android.gms@231818047@23.18.18 (190800-535401451):20)
04-08 13:49:21.595  2753 23628 W NetworkScheduler: 	at bytb.h(:com.google.android.gms@231818047@23.18.18 (190800-535401451):3)
04-08 13:49:21.595  2753 23628 W NetworkScheduler: 	at byot.run(:com.google.android.gms@231818047@23.18.18 (190800-535401451):9)
04-08 13:49:21.595  2753 23628 W NetworkScheduler: 	at aced.c(:com.google.android.gms@231818047@23.18.18 (190800-535401451):6)
04-08 13:49:21.595  2753 23628 W NetworkScheduler: 	at aced.run(:com.google.android.gms@231818047@23.18.18 (190800-535401451):7)
04-08 13:49:21.595  2753 23628 W NetworkScheduler: 	at java.util.concurrent.ThreadPoolExecutor.runWorker(ThreadPoolExecutor.java:1145)
04-08 13:49:21.595  2753 23628 W NetworkScheduler: 	at java.util.concurrent.ThreadPoolExecutor$Worker.run(ThreadPoolExecutor.java:644)
04-08 13:49:21.595  2753 23628 W NetworkScheduler: 	at acjn.run(:com.google.android.gms@231818047@23.18.18 (190800-535401451):0)
04-08 13:49:21.595  2753 23628 W NetworkScheduler: 	at java.lang.Thread.run(Thread.java:1012)
04-08 13:49:21.712   818   886 D EGL_emulation: app_time_stats: avg=106.28ms min=10.19ms max=1937.97ms count=21
04-08 13:49:21.770 23535 23535 I ViewInteraction: Performing 'send keyCode: 4, metaState: 0 key event' action on view view.getRootView() to equal view
04-08 13:49:21.777  1386  1386 I GoogleInputMethodService: GoogleInputMethodService.onKeyDown():2444 Received KEYCODE_BACK. isAllViewsInvisible=false
04-08 13:49:21.800 23535 23535 D LifecycleMonitor: Lifecycle status change: com.example.qr_dasher.Attendee@10d40a4 in: PAUSED
04-08 13:49:21.879 23535 23535 D LifecycleMonitor: Lifecycle status change: com.example.qr_dasher.RolePage@95b4860 in: RESTARTED
04-08 13:49:21.882 23535 23535 D LifecycleMonitor: Lifecycle status change: com.example.qr_dasher.RolePage@95b4860 in: STARTED
04-08 13:49:21.887 23535 23535 D LifecycleMonitor: Lifecycle status change: com.example.qr_dasher.RolePage@95b4860 in: RESUMED
04-08 13:49:21.952   818   818 W WindowOnBackDispatcher: sendCancelIfRunning: isInProgress=falsecallback=android.view.ViewRootImpl$$ExternalSyntheticLambda17@cf41f29
04-08 13:49:21.960 23535 23598 E OpenGLRenderer: Unable to match the desired swap behavior.
04-08 13:49:21.962   586  1875 W InputManager-JNI: Input channel object '4c375d3 Toast (client)' was disposed without first being removed with the input manager!
04-08 13:49:22.139   818   886 E OpenGLRenderer: Unable to match the desired swap behavior.
04-08 13:49:22.144 23535 23598 D EGL_emulation: app_time_stats: avg=16.45ms min=3.04ms max=141.48ms count=44
04-08 13:49:22.154   935 23645 D android.hardware.gnss-service.ranchu: GnssHwListener:consume:87 sz=64
04-08 13:49:22.158   935 23645 D android.hardware.gnss-service.ranchu: GnssHwListener:consume:87 sz=64
04-08 13:49:22.158   935 23645 D android.hardware.gnss-service.ranchu: Gnss:onGnssLocationCb:311
04-08 13:49:22.158   935 23645 D android.hardware.gnss-service.ranchu: Gnss:onGnssLocationCb:333
04-08 13:49:22.183 23535 23598 D OpenGLRenderer: endAllActiveAnimators on 0x714ca79c1100 (RippleDrawable) with handle 0x714be7996530
04-08 13:49:22.204 23535 23535 D LifecycleMonitor: Lifecycle status change: com.example.qr_dasher.EditProfile@85ca9c0 in: STOPPED
04-08 13:49:22.207 23535 23535 D AutofillManager: onActivityFinishing(): calling cancelLocked()
04-08 13:49:22.209 23535 23535 D LifecycleMonitor: Lifecycle status change: com.example.qr_dasher.EditProfile@85ca9c0 in: DESTROYED
04-08 13:49:22.211 23535 23535 W WindowOnBackDispatcher: sendCancelIfRunning: isInProgress=falsecallback=android.view.ViewRootImpl$$ExternalSyntheticLambda17@a75e562
04-08 13:49:22.226  2753 23368 W NetworkScheduler: Error inserting flex_time=1000 job_id=-1 period=3000 source=16 requires_charging=0 preferred_network_type=1 target_class=com.google.android.gms.measurement.PackageMeasurementTaskService user_id=0 target_package=com.google.android.gms tag=Measurement.PackageMeasurementTaskService.UPLOAD_TASK_TAG task_type=0 required_idleness_state=0 service_kind=0 source_version=231818000 persistence_level=1 preferred_charging_state=1 required_network_type=0 runtime=1712605762204 retry_strategy={"maximum_backoff_seconds":{"3600":0},"initial_backoff_seconds":{"30":0},"retry_policy":{"0":0}} last_runtime=0 [CONTEXT service_id=218 ]
04-08 13:49:22.226  2753 23368 W NetworkScheduler: android.database.sqlite.SQLiteConstraintException: UNIQUE constraint failed: pending_ops.tag, pending_ops.target_class, pending_ops.target_package, pending_ops.user_id (code 2067 SQLITE_CONSTRAINT_UNIQUE)
04-08 13:49:22.226  2753 23368 W NetworkScheduler: 	at android.database.sqlite.SQLiteConnection.nativeExecuteForLastInsertedRowId(Native Method)
04-08 13:49:22.226  2753 23368 W NetworkScheduler: 	at android.database.sqlite.SQLiteConnection.executeForLastInsertedRowId(SQLiteConnection.java:961)
04-08 13:49:22.226  2753 23368 W NetworkScheduler: 	at android.database.sqlite.SQLiteSession.executeForLastInsertedRowId(SQLiteSession.java:790)
04-08 13:49:22.226  2753 23368 W NetworkScheduler: 	at android.database.sqlite.SQLiteStatement.executeInsert(SQLiteStatement.java:89)
04-08 13:49:22.226  2753 23368 W NetworkScheduler: 	at android.database.sqlite.SQLiteDatabase.insertWithOnConflict(SQLiteDatabase.java:1870)
04-08 13:49:22.226  2753 23368 W NetworkScheduler: 	at android.database.sqlite.SQLiteDatabase.insertOrThrow(SQLiteDatabase.java:1765)
04-08 13:49:22.226  2753 23368 W NetworkScheduler: 	at byui.f(:com.google.android.gms@231818047@23.18.18 (190800-535401451):59)
04-08 13:49:22.226  2753 23368 W NetworkScheduler: 	at bytb.n(:com.google.android.gms@231818047@23.18.18 (190800-535401451):3)
04-08 13:49:22.226  2753 23368 W NetworkScheduler: 	at bytb.u(:com.google.android.gms@231818047@23.18.18 (190800-535401451):20)
04-08 13:49:22.226  2753 23368 W NetworkScheduler: 	at bytb.h(:com.google.android.gms@231818047@23.18.18 (190800-535401451):3)
04-08 13:49:22.226  2753 23368 W NetworkScheduler: 	at byot.run(:com.google.android.gms@231818047@23.18.18 (190800-535401451):9)
04-08 13:49:22.226  2753 23368 W NetworkScheduler: 	at aced.c(:com.google.android.gms@231818047@23.18.18 (190800-535401451):6)
04-08 13:49:22.226  2753 23368 W NetworkScheduler: 	at aced.run(:com.google.android.gms@231818047@23.18.18 (190800-535401451):7)
04-08 13:49:22.226  2753 23368 W NetworkScheduler: 	at java.util.concurrent.ThreadPoolExecutor.runWorker(ThreadPoolExecutor.java:1145)
04-08 13:49:22.226  2753 23368 W NetworkScheduler: 	at java.util.concurrent.ThreadPoolExecutor$Worker.run(ThreadPoolExecutor.java:644)
04-08 13:49:22.226  2753 23368 W NetworkScheduler: 	at acjn.run(:com.google.android.gms@231818047@23.18.18 (190800-535401451):0)
04-08 13:49:22.226  2753 23368 W NetworkScheduler: 	at java.lang.Thread.run(Thread.java:1012)
04-08 13:49:22.227   586  1920 W InputManager-JNI: Input channel object 'c8093c1 com.example.qr_dasher/com.example.qr_dasher.EditProfile (client)' was disposed without first being removed with the input manager!
04-08 13:49:22.263   586   660 I ImeTracker: com.example.qr_dasher:63784249: onRequestHide at ORIGIN_SERVER_HIDE_INPUT reason HIDE_UNSPECIFIED_WINDOW
04-08 13:49:22.264   586   660 I ImeTracker: com.example.qr_dasher:63784249: onCancelled at PHASE_SERVER_SHOULD_HIDE
04-08 13:49:22.265  1386  1386 I GoogleInputMethodService: GoogleInputMethodService.onFinishInput():3227
04-08 13:49:22.267  1386  1386 I GoogleInputMethodService: GoogleInputMethodService.updateDeviceLockedStatus():2087 repeatCheckTimes = 0, unlocked = true
04-08 13:49:22.268  1386  1386 I GoogleInputMethodService: GoogleInputMethodService.onStartInput():1877 onStartInput(EditorInfo{inputType=0x0(NULL) imeOptions=0x0 privateImeOptions=null actionName=UNSPECIFIED actionLabel=null actionId=0 initialSelStart=-1 initialSelEnd=-1 initialCapsMode=0x0 hintText=null label=null packageName=com.example.qr_dasher fieldId=0 fieldName=null extras=null}, false)
04-08 13:49:22.270  1386  1386 I GoogleInputMethodService: GoogleInputMethodService.shouldHideHeaderOnInitialState():4008 ShouldHideHeaderOnInitialState = false
04-08 13:49:22.272  1386  1386 I GoogleInputMethodService: GoogleInputMethodService.updateDeviceLockedStatus():2087 repeatCheckTimes = 2, unlocked = true
04-08 13:49:22.813 23535 23535 D LifecycleMonitor: Lifecycle status change: com.example.qr_dasher.Attendee@10d40a4 in: STOPPED
04-08 13:49:22.820   935 23645 D android.hardware.gnss-service.ranchu: GnssHwConn:workerThread:119
04-08 13:49:22.820 23535 23535 D LifecycleMonitor: Lifecycle status change: com.example.qr_dasher.Attendee@10d40a4 in: DESTROYED
04-08 13:49:22.821 23535 23535 W WindowOnBackDispatcher: sendCancelIfRunning: isInProgress=falsecallback=android.view.ViewRootImpl$$ExternalSyntheticLambda17@843eef7
04-08 13:49:22.821   586   612 W AlarmManager: Unrecognized alarm listener com.android.server.location.gnss.GnssLocationProvider$$ExternalSyntheticLambda13@e38ec88
04-08 13:49:22.824   586   612 W AlarmManager: Unrecognized alarm listener com.android.server.location.gnss.GnssLocationProvider$$ExternalSyntheticLambda12@f7e5621
04-08 13:49:22.830   586   973 W InputManager-JNI: Input channel object '4ecfe63 com.example.qr_dasher/com.example.qr_dasher.Attendee (client)' was disposed without first being removed with the input manager!
04-08 13:49:22.839  2753 16036 I FusedLocation: stationary throttling disengaged [CONTEXT service_id=6 ]
04-08 13:49:22.844  2753  3146 W SystemServiceRegistry: No service published for: wifirtt
04-08 13:49:22.849   818   886 D EGL_emulation: app_time_stats: avg=968.91ms min=2.95ms max=7534.92ms count=8
04-08 13:49:22.859 23535 23535 W KeyEventActionBase: Back was pressed and left the application in an inconsistent state even after 600ms.
04-08 13:49:22.863 23535 23535 I ViewInteraction: Checking 'MatchesViewAssertion{viewMatcher=view has effective visibility <VISIBLE>}' assertion on view view.getId() is <2131231152/com.example.qr_dasher:id/organizer_button>
04-08 13:49:22.867 23535 23535 I ViewInteraction: Performing 'single click' action on view view.getId() is <2131231152/com.example.qr_dasher:id/organizer_button>
04-08 13:49:22.871  1086  1086 D TaplEvents: TIS / TouchInteractionService.onInputEvent: MotionEvent { action=ACTION_DOWN, actionButton=0, id[0]=0, x[0]=539.5, y[0]=1145.5, toolType[0]=TOOL_TYPE_UNKNOWN, buttonState=BUTTON_PRIMARY, classification=NONE, metaState=0, flags=0x0, edgeFlags=0x0, pointerCount=1, historySize=0, eventTime=20032007, downTime=20032007, deviceId=-1, source=0x1002, displayId=0, eventId=-314243149 }
04-08 13:49:22.879   818   818 D StatusBarIconController: ignoring old pipeline callback because the new wifi icon is enabled
04-08 13:49:22.914  1086  1086 D TaplEvents: TIS / TouchInteractionService.onInputEvent: MotionEvent { action=ACTION_UP, actionButton=0, id[0]=0, x[0]=539.5, y[0]=1145.5, toolType[0]=TOOL_TYPE_UNKNOWN, buttonState=BUTTON_PRIMARY, classification=NONE, metaState=0, flags=0x0, edgeFlags=0x0, pointerCount=1, historySize=0, eventTime=20032050, downTime=20032007, deviceId=-1, source=0x1002, displayId=0, eventId=-75346755 }
04-08 13:49:22.918   409   662 D audioserver: FGS Logger Transaction failed
04-08 13:49:22.918   409   662 D audioserver: -129
04-08 13:49:22.929 23535 23535 D LifecycleMonitor: Lifecycle status change: com.example.qr_dasher.RolePage@95b4860 in: PAUSED
04-08 13:49:22.936   409   531 D AudioFlinger: mixer(0x74a3b5a53930) throttle end: throttle time(27)
04-08 13:49:22.952   416   416 I BpBinder: onLastStrongRef automatically unlinking death recipients:
04-08 13:49:22.959 23535 23535 D LifecycleMonitor: Lifecycle status change: com.example.qr_dasher.Organizer@211f5f in: PRE_ON_CREATE
04-08 13:49:22.995 23535 23535 D LifecycleMonitor: Lifecycle status change: com.example.qr_dasher.Organizer@211f5f in: CREATED
04-08 13:49:22.998 23535 23535 D LifecycleMonitor: Lifecycle status change: com.example.qr_dasher.Organizer@211f5f in: STARTED
04-08 13:49:23.002 23535 23535 D LifecycleMonitor: Lifecycle status change: com.example.qr_dasher.Organizer@211f5f in: RESUMED
04-08 13:49:23.006  2753 23627 W NetworkScheduler: Error inserting flex_time=0 job_id=-1 period=1000 source=16 requires_charging=0 preferred_network_type=1 target_class=com.google.android.gms.measurement.PackageMeasurementTaskService user_id=0 target_package=com.google.android.gms tag=Measurement.PackageMeasurementTaskService.UPLOAD_TASK_TAG task_type=0 required_idleness_state=0 service_kind=0 source_version=231818000 persistence_level=1 preferred_charging_state=1 required_network_type=0 runtime=1712605763000 retry_strategy={"maximum_backoff_seconds":{"3600":0},"initial_backoff_seconds":{"30":0},"retry_policy":{"0":0}} last_runtime=0 [CONTEXT service_id=218 ]
04-08 13:49:23.006  2753 23627 W NetworkScheduler: android.database.sqlite.SQLiteConstraintException: UNIQUE constraint failed: pending_ops.tag, pending_ops.target_class, pending_ops.target_package, pending_ops.user_id (code 2067 SQLITE_CONSTRAINT_UNIQUE)
04-08 13:49:23.006  2753 23627 W NetworkScheduler: 	at android.database.sqlite.SQLiteConnection.nativeExecuteForLastInsertedRowId(Native Method)
04-08 13:49:23.006  2753 23627 W NetworkScheduler: 	at android.database.sqlite.SQLiteConnection.executeForLastInsertedRowId(SQLiteConnection.java:961)
04-08 13:49:23.006  2753 23627 W NetworkScheduler: 	at android.database.sqlite.SQLiteSession.executeForLastInsertedRowId(SQLiteSession.java:790)
04-08 13:49:23.006  2753 23627 W NetworkScheduler: 	at android.database.sqlite.SQLiteStatement.executeInsert(SQLiteStatement.java:89)
04-08 13:49:23.006  2753 23627 W NetworkScheduler: 	at android.database.sqlite.SQLiteDatabase.insertWithOnConflict(SQLiteDatabase.java:1870)
04-08 13:49:23.006  2753 23627 W NetworkScheduler: 	at android.database.sqlite.SQLiteDatabase.insertOrThrow(SQLiteDatabase.java:1765)
04-08 13:49:23.006  2753 23627 W NetworkScheduler: 	at byui.f(:com.google.android.gms@231818047@23.18.18 (190800-535401451):59)
04-08 13:49:23.006  2753 23627 W NetworkScheduler: 	at bytb.n(:com.google.android.gms@231818047@23.18.18 (190800-535401451):3)
04-08 13:49:23.006  2753 23627 W NetworkScheduler: 	at bytb.u(:com.google.android.gms@231818047@23.18.18 (190800-535401451):20)
04-08 13:49:23.006  2753 23627 W NetworkScheduler: 	at bytb.h(:com.google.android.gms@231818047@23.18.18 (190800-535401451):3)
04-08 13:49:23.006  2753 23627 W NetworkScheduler: 	at byot.run(:com.google.android.gms@231818047@23.18.18 (190800-535401451):9)
04-08 13:49:23.006  2753 23627 W NetworkScheduler: 	at aced.c(:com.google.android.gms@231818047@23.18.18 (190800-535401451):6)
04-08 13:49:23.006  2753 23627 W NetworkScheduler: 	at aced.run(:com.google.android.gms@231818047@23.18.18 (190800-535401451):8)
04-08 13:49:23.006  2753 23627 W NetworkScheduler: 	at java.util.concurrent.ThreadPoolExecutor.runWorker(ThreadPoolExecutor.java:1145)
04-08 13:49:23.006  2753 23627 W NetworkScheduler: 	at java.util.concurrent.ThreadPoolExecutor$Worker.run(ThreadPoolExecutor.java:644)
04-08 13:49:23.006  2753 23627 W NetworkScheduler: 	at acjn.run(:com.google.android.gms@231818047@23.18.18 (190800-535401451):0)
04-08 13:49:23.006  2753 23627 W NetworkScheduler: 	at java.lang.Thread.run(Thread.java:1012)
04-08 13:49:23.085 23535 23598 E OpenGLRenderer: Unable to match the desired swap behavior.
04-08 13:49:23.130   818   818 D StatusBarIconController: ignoring old pipeline callbacks, because the new mobile icons are enabled
04-08 13:49:23.140   586   612 I ActivityTaskManager: Displayed com.example.qr_dasher/.Organizer for user 0: +203ms
04-08 13:49:23.142   409   531 D audioserver: FGS Logger Transaction failed
04-08 13:49:23.143   409   531 D audioserver: -129
04-08 13:49:23.173  2753 23368 I NetworkScheduler.Stats: Task com.google.android.gms/com.google.android.gms.measurement.PackageMeasurementTaskService finished executing. cause:7 result: 6 elapsed_millis: 136 uptime_millis: 136 exec_start_elapsed_seconds: 20032 [CONTEXT service_id=218 ]
04-08 13:49:23.179  2753  2753 E NetworkScheduler.ATC: Called cancelTask for already completed task com.google.android.gms/.measurement.PackageMeasurementTaskService{u=0 tag="Measurement.PackageMeasurementTaskService.UPLOAD_TASK_TAG" trigger=window{start=0s,end=1s,earliest=0s,latest=0s} requirements=[NET_CONNECTED,PREFERRED_CHARGING] attributes=[PERSISTED] scheduled=0s last_run=0s exec_window_multiplier=1.0000 jid=N/A status=PENDING retries=0 client_lib=GMS_TASK_SCHEDULER-231818000} :5 [CONTEXT service_id=218 ]
04-08 13:49:23.325   586  1918 I ImeTracker: com.example.qr_dasher:a972f241: onRequestHide at ORIGIN_SERVER_HIDE_INPUT reason HIDE_UNSPECIFIED_WINDOW
04-08 13:49:23.325   586  1918 I ImeTracker: com.example.qr_dasher:a972f241: onCancelled at PHASE_SERVER_SHOULD_HIDE
04-08 13:49:23.327  1386  1386 I GoogleInputMethodService: GoogleInputMethodService.onFinishInput():3227
04-08 13:49:23.328  1386  1386 I GoogleInputMethodService: GoogleInputMethodService.updateDeviceLockedStatus():2087 repeatCheckTimes = 0, unlocked = true
04-08 13:49:23.329  1386  1386 I GoogleInputMethodService: GoogleInputMethodService.onStartInput():1877 onStartInput(EditorInfo{inputType=0x0(NULL) imeOptions=0x0 privateImeOptions=null actionName=UNSPECIFIED actionLabel=null actionId=0 initialSelStart=-1 initialSelEnd=-1 initialCapsMode=0x0 hintText=null label=null packageName=com.example.qr_dasher fieldId=0 fieldName=null extras=null}, false)
04-08 13:49:23.329  1386  1386 I GoogleInputMethodService: GoogleInputMethodService.shouldHideHeaderOnInitialState():4008 ShouldHideHeaderOnInitialState = false
04-08 13:49:23.330  1386  1386 I GoogleInputMethodService: GoogleInputMethodService.updateDeviceLockedStatus():2087 repeatCheckTimes = 2, unlocked = true
04-08 13:49:23.349 23535 23578 I TestRunner: finished: GuestToUserSwitch(com.example.qr_dasher.profileIntentTests)
