04-08 13:49:14.826 23535 23535 V ActivityScenario: Activity lifecycle changed event received but ignored because the intent does not match. startActivityIntent=Intent { act=android.intent.action.MAIN cat=[android.intent.category.LAUNCHER] flg=0x10008000 cmp=com.example.qr_dasher/.HomePage }, activity.getIntent()=Intent { cmp=com.example.qr_dasher/.RolePage }, activity=com.example.qr_dasher.RolePage@95b4860
04-08 13:49:14.830   409   531 D AudioFlinger: mixer(0x74a3b5a53930) throttle end: throttle time(41)
04-08 13:49:14.852 23535 23535 D LifecycleMonitor: Lifecycle status change: com.example.qr_dasher.Attendee@10d40a4 in: PRE_ON_CREATE
04-08 13:49:14.853 23535 23535 V ActivityScenario: Activity lifecycle changed event received but ignored because the intent does not match. startActivityIntent=Intent { act=android.intent.action.MAIN cat=[android.intent.category.LAUNCHER] flg=0x10008000 cmp=com.example.qr_dasher/.HomePage }, activity.getIntent()=Intent { cmp=com.example.qr_dasher/.Attendee }, activity=com.example.qr_dasher.Attendee@10d40a4
04-08 13:49:14.949 23535 23535 D CompatibilityChangeReporter: Compat change id reported: 171228096; UID 10204; state: ENABLED
04-08 13:49:14.981   935 23645 D android.hardware.gnss-service.ranchu: GnssHwConn:workerThread:70
04-08 13:49:14.983  2753  2938 I FusedLocation: stationary throttling engaged [CONTEXT service_id=6 ]
04-08 13:49:14.996 23535 23535 D LifecycleMonitor: Lifecycle status change: com.example.qr_dasher.Attendee@10d40a4 in: CREATED
04-08 13:49:14.997 23535 23535 V ActivityScenario: Activity lifecycle changed event received but ignored because the intent does not match. startActivityIntent=Intent { act=android.intent.action.MAIN cat=[android.intent.category.LAUNCHER] flg=0x10008000 cmp=com.example.qr_dasher/.HomePage }, activity.getIntent()=Intent { cmp=com.example.qr_dasher/.Attendee }, activity=com.example.qr_dasher.Attendee@10d40a4
04-08 13:49:15.000  2753  3146 W SystemServiceRegistry: No service published for: wifirtt
04-08 13:49:15.002 23535 23535 D LifecycleMonitor: Lifecycle status change: com.example.qr_dasher.Attendee@10d40a4 in: STARTED
04-08 13:49:15.003 23535 23535 V ActivityScenario: Activity lifecycle changed event received but ignored because the intent does not match. startActivityIntent=Intent { act=android.intent.action.MAIN cat=[android.intent.category.LAUNCHER] flg=0x10008000 cmp=com.example.qr_dasher/.HomePage }, activity.getIntent()=Intent { cmp=com.example.qr_dasher/.Attendee }, activity=com.example.qr_dasher.Attendee@10d40a4
04-08 13:49:15.010 23535 23535 D LifecycleMonitor: Lifecycle status change: com.example.qr_dasher.Attendee@10d40a4 in: RESUMED
04-08 13:49:15.011 23535 23535 V ActivityScenario: Activity lifecycle changed event received but ignored because the intent does not match. startActivityIntent=Intent { act=android.intent.action.MAIN cat=[android.intent.category.LAUNCHER] flg=0x10008000 cmp=com.example.qr_dasher/.HomePage }, activity.getIntent()=Intent { cmp=com.example.qr_dasher/.Attendee }, activity=com.example.qr_dasher.Attendee@10d40a4
04-08 13:49:15.031   818   886 D EGL_emulation: app_time_stats: avg=258.86ms min=3.51ms max=2507.70ms count=10
04-08 13:49:15.033   409   531 D audioserver: FGS Logger Transaction failed
04-08 13:49:15.033   409   531 D audioserver: -129
04-08 13:49:15.130 23535 23598 E OpenGLRenderer: Unable to match the desired swap behavior.
04-08 13:49:15.152   935 23645 D android.hardware.gnss-service.ranchu: GnssHwListener:consume:87 sz=64
04-08 13:49:15.199 23535 23607 W ample.qr_dasher: Verification of com.google.firestore.v1.StructuredQuery$Filter com.google.firestore.v1.StructuredQuery$Filter.parseFrom(com.google.protobuf.CodedInputStream) took 114.325ms (78.72 bytecodes/s) (1400B approximate peak alloc)
04-08 13:49:15.214   586   612 I ActivityTaskManager: Displayed com.example.qr_dasher/.Attendee for user 0: +383ms
04-08 13:49:15.216   935 23645 D android.hardware.gnss-service.ranchu: GnssHwListener:consume:87 sz=64
04-08 13:49:15.216   935 23645 D android.hardware.gnss-service.ranchu: Gnss:onGnssLocationCb:311
04-08 13:49:15.216   935 23645 D android.hardware.gnss-service.ranchu: Gnss:onGnssLocationCb:321
04-08 13:49:15.251  2753 23628 W NetworkScheduler: Error inserting flex_time=8000 job_id=-1 period=17000 source=16 requires_charging=0 preferred_network_type=1 target_class=com.google.android.gms.measurement.PackageMeasurementTaskService user_id=0 target_package=com.google.android.gms tag=Measurement.PackageMeasurementTaskService.UPLOAD_TASK_TAG task_type=0 required_idleness_state=0 service_kind=0 source_version=231818000 persistence_level=1 preferred_charging_state=1 required_network_type=0 runtime=1712605755222 retry_strategy={"maximum_backoff_seconds":{"3600":0},"initial_backoff_seconds":{"30":0},"retry_policy":{"0":0}} last_runtime=0 [CONTEXT service_id=218 ]
04-08 13:49:15.251  2753 23628 W NetworkScheduler: android.database.sqlite.SQLiteConstraintException: UNIQUE constraint failed: pending_ops.tag, pending_ops.target_class, pending_ops.target_package, pending_ops.user_id (code 2067 SQLITE_CONSTRAINT_UNIQUE)
04-08 13:49:15.251  2753 23628 W NetworkScheduler: 	at android.database.sqlite.SQLiteConnection.nativeExecuteForLastInsertedRowId(Native Method)
04-08 13:49:15.251  2753 23628 W NetworkScheduler: 	at android.database.sqlite.SQLiteConnection.executeForLastInsertedRowId(SQLiteConnection.java:961)
04-08 13:49:15.251  2753 23628 W NetworkScheduler: 	at android.database.sqlite.SQLiteSession.executeForLastInsertedRowId(SQLiteSession.java:790)
04-08 13:49:15.251  2753 23628 W NetworkScheduler: 	at android.database.sqlite.SQLiteStatement.executeInsert(SQLiteStatement.java:89)
04-08 13:49:15.251  2753 23628 W NetworkScheduler: 	at android.database.sqlite.SQLiteDatabase.insertWithOnConflict(SQLiteDatabase.java:1870)
04-08 13:49:15.251  2753 23628 W NetworkScheduler: 	at android.database.sqlite.SQLiteDatabase.insertOrThrow(SQLiteDatabase.java:1765)
04-08 13:49:15.251  2753 23628 W NetworkScheduler: 	at byui.f(:com.google.android.gms@231818047@23.18.18 (190800-535401451):59)
04-08 13:49:15.251  2753 23628 W NetworkScheduler: 	at bytb.n(:com.google.android.gms@231818047@23.18.18 (190800-535401451):3)
04-08 13:49:15.251  2753 23628 W NetworkScheduler: 	at bytb.u(:com.google.android.gms@231818047@23.18.18 (190800-535401451):20)
04-08 13:49:15.251  2753 23628 W NetworkScheduler: 	at bytb.h(:com.google.android.gms@231818047@23.18.18 (190800-535401451):3)
04-08 13:49:15.251  2753 23628 W NetworkScheduler: 	at byot.run(:com.google.android.gms@231818047@23.18.18 (190800-535401451):9)
04-08 13:49:15.251  2753 23628 W NetworkScheduler: 	at aced.c(:com.google.android.gms@231818047@23.18.18 (190800-535401451):6)
04-08 13:49:15.251  2753 23628 W NetworkScheduler: 	at aced.run(:com.google.android.gms@231818047@23.18.18 (190800-535401451):7)
04-08 13:49:15.251  2753 23628 W NetworkScheduler: 	at java.util.concurrent.ThreadPoolExecutor.runWorker(ThreadPoolExecutor.java:1145)
04-08 13:49:15.251  2753 23628 W NetworkScheduler: 	at java.util.concurrent.ThreadPoolExecutor$Worker.run(ThreadPoolExecutor.java:644)
04-08 13:49:15.251  2753 23628 W NetworkScheduler: 	at acjn.run(:com.google.android.gms@231818047@23.18.18 (190800-535401451):0)
04-08 13:49:15.251  2753 23628 W NetworkScheduler: 	at java.lang.Thread.run(Thread.java:1012)
04-08 13:49:15.251 23535 23535 D LifecycleMonitor: Lifecycle status change: com.example.qr_dasher.HomePage@c1dc974 in: STOPPED
04-08 13:49:15.252 23535 23535 V ActivityScenario: Update currentActivityStage to STOPPED, currentActivity=com.example.qr_dasher.HomePage@c1dc974
04-08 13:49:15.257 23535 23535 D LifecycleMonitor: Lifecycle status change: com.example.qr_dasher.HomePage@c1dc974 in: DESTROYED
04-08 13:49:15.257 23535 23535 V ActivityScenario: Update currentActivityStage to DESTROYED, currentActivity=null
04-08 13:49:15.258 23535 23535 W WindowOnBackDispatcher: sendCancelIfRunning: isInProgress=falsecallback=android.view.ViewRootImpl$$ExternalSyntheticLambda17@3dd91a7
04-08 13:49:15.261   416   437 W TransactionTracing: Could not find layer id 6144
04-08 13:49:15.270   586  1669 W InputManager-JNI: Input channel object 'aa159d4 com.example.qr_dasher/com.example.qr_dasher.HomePage (client)' was disposed without first being removed with the input manager!
04-08 13:49:15.441   586  1669 I ImeTracker: com.example.qr_dasher:828262: onRequestHide at ORIGIN_SERVER_HIDE_INPUT reason HIDE_UNSPECIFIED_WINDOW
04-08 13:49:15.441   586  1669 I ImeTracker: com.example.qr_dasher:828262: onCancelled at PHASE_SERVER_SHOULD_HIDE
04-08 13:49:15.443  1386  1386 I GoogleInputMethodService: GoogleInputMethodService.onFinishInput():3227
04-08 13:49:15.444  1386  1386 I GoogleInputMethodService: GoogleInputMethodService.updateDeviceLockedStatus():2087 repeatCheckTimes = 0, unlocked = true
04-08 13:49:15.445  1386  1386 I GoogleInputMethodService: GoogleInputMethodService.onStartInput():1877 onStartInput(EditorInfo{inputType=0x0(NULL) imeOptions=0x0 privateImeOptions=null actionName=UNSPECIFIED actionLabel=null actionId=0 initialSelStart=-1 initialSelEnd=-1 initialCapsMode=0x0 hintText=null label=null packageName=com.example.qr_dasher fieldId=0 fieldName=null extras=null}, false)
04-08 13:49:15.445  1386  1386 I GoogleInputMethodService: GoogleInputMethodService.shouldHideHeaderOnInitialState():4008 ShouldHideHeaderOnInitialState = false
04-08 13:49:15.446  1386  1386 I GoogleInputMethodService: GoogleInputMethodService.updateDeviceLockedStatus():2087 repeatCheckTimes = 2, unlocked = true
04-08 13:49:15.529 23535 23535 I ViewInteraction: Performing 'single click' action on view view.getId() is <2131230943/com.example.qr_dasher:id/edit_profile_button>
04-08 13:49:15.532  1086  1086 D TaplEvents: TIS / TouchInteractionService.onInputEvent: MotionEvent { action=ACTION_DOWN, actionButton=0, id[0]=0, x[0]=506.5, y[0]=1881.5, toolType[0]=TOOL_TYPE_UNKNOWN, buttonState=BUTTON_PRIMARY, classification=NONE, metaState=0, flags=0x0, edgeFlags=0x0, pointerCount=1, historySize=0, eventTime=20024668, downTime=20024668, deviceId=-1, source=0x1002, displayId=0, eventId=-300764210 }
04-08 13:49:15.534 23535 23535 D AutofillManager: Fill dialog is enabled:false, hints=[password, passwordAuto, creditCardNumber, creditCardSecurityCode, creditCardExpirationDate]
04-08 13:49:15.575  1086  1086 D TaplEvents: TIS / TouchInteractionService.onInputEvent: MotionEvent { action=ACTION_UP, actionButton=0, id[0]=0, x[0]=506.5, y[0]=1881.5, toolType[0]=TOOL_TYPE_UNKNOWN, buttonState=BUTTON_PRIMARY, classification=NONE, metaState=0, flags=0x0, edgeFlags=0x0, pointerCount=1, historySize=0, eventTime=20024711, downTime=20024668, deviceId=-1, source=0x1002, displayId=0, eventId=-315208332 }
04-08 13:49:15.579   409   441 D audioserver: FGS Logger Transaction failed
04-08 13:49:15.579   409   441 D audioserver: -129
04-08 13:49:15.593 23535 23535 D LifecycleMonitor: Lifecycle status change: com.example.qr_dasher.Attendee@10d40a4 in: PAUSED
04-08 13:49:15.594 23535 23535 V ActivityScenario: Activity lifecycle changed event received but ignored because the intent does not match. startActivityIntent=Intent { act=android.intent.action.MAIN cat=[android.intent.category.LAUNCHER] flg=0x10008000 cmp=com.example.qr_dasher/.HomePage }, activity.getIntent()=Intent { cmp=com.example.qr_dasher/.Attendee }, activity=com.example.qr_dasher.Attendee@10d40a4
04-08 13:49:15.616 23535 23535 D LifecycleMonitor: Lifecycle status change: com.example.qr_dasher.EditProfile@85ca9c0 in: PRE_ON_CREATE
04-08 13:49:15.617 23535 23535 V ActivityScenario: Activity lifecycle changed event received but ignored because the intent does not match. startActivityIntent=Intent { act=android.intent.action.MAIN cat=[android.intent.category.LAUNCHER] flg=0x10008000 cmp=com.example.qr_dasher/.HomePage }, activity.getIntent()=Intent { cmp=com.example.qr_dasher/.EditProfile }, activity=com.example.qr_dasher.EditProfile@85ca9c0
04-08 13:49:15.656 23535 23535 D AutofillManager: Fill dialog is enabled:false, hints=[password, passwordAuto, creditCardNumber, creditCardSecurityCode, creditCardExpirationDate]
04-08 13:49:15.703 23535 23535 D LifecycleMonitor: Lifecycle status change: com.example.qr_dasher.EditProfile@85ca9c0 in: CREATED
04-08 13:49:15.703 23535 23535 V ActivityScenario: Activity lifecycle changed event received but ignored because the intent does not match. startActivityIntent=Intent { act=android.intent.action.MAIN cat=[android.intent.category.LAUNCHER] flg=0x10008000 cmp=com.example.qr_dasher/.HomePage }, activity.getIntent()=Intent { cmp=com.example.qr_dasher/.EditProfile }, activity=com.example.qr_dasher.EditProfile@85ca9c0
04-08 13:49:15.707 23535 23535 D LifecycleMonitor: Lifecycle status change: com.example.qr_dasher.EditProfile@85ca9c0 in: STARTED
04-08 13:49:15.708 23535 23535 V ActivityScenario: Activity lifecycle changed event received but ignored because the intent does not match. startActivityIntent=Intent { act=android.intent.action.MAIN cat=[android.intent.category.LAUNCHER] flg=0x10008000 cmp=com.example.qr_dasher/.HomePage }, activity.getIntent()=Intent { cmp=com.example.qr_dasher/.EditProfile }, activity=com.example.qr_dasher.EditProfile@85ca9c0
04-08 13:49:15.711 23535 23535 D LifecycleMonitor: Lifecycle status change: com.example.qr_dasher.EditProfile@85ca9c0 in: RESUMED
04-08 13:49:15.712 23535 23535 V ActivityScenario: Activity lifecycle changed event received but ignored because the intent does not match. startActivityIntent=Intent { act=android.intent.action.MAIN cat=[android.intent.category.LAUNCHER] flg=0x10008000 cmp=com.example.qr_dasher/.HomePage }, activity.getIntent()=Intent { cmp=com.example.qr_dasher/.EditProfile }, activity=com.example.qr_dasher.EditProfile@85ca9c0
04-08 13:49:15.784 23535 23535 D AutofillManager: notifyViewEnteredForFillDialog:1073741824
04-08 13:49:15.786 23535 23535 D AutofillManager: notifyViewEnteredForFillDialog:1073741825
04-08 13:49:15.788 23535 23535 D AutofillManager: notifyViewEnteredForFillDialog:1073741826
04-08 13:49:15.790 23535 23535 D AutofillManager: notifyViewEnteredForFillDialog:1073741827
04-08 13:49:15.793 23535 23598 E OpenGLRenderer: Unable to match the desired swap behavior.
04-08 13:49:15.810   409   531 D audioserver: FGS Logger Transaction failed
04-08 13:49:15.812   409   531 D audioserver: -129
04-08 13:49:15.820   586  1667 D WifiNl80211Manager: Scan result ready event
04-08 13:49:15.823   586  1667 D WifiNative: Scan result ready event
04-08 13:49:15.888  2753 23627 W NetworkScheduler: Error inserting flex_time=7000 job_id=-1 period=16000 source=16 requires_charging=0 preferred_network_type=1 target_class=com.google.android.gms.measurement.PackageMeasurementTaskService user_id=0 target_package=com.google.android.gms tag=Measurement.PackageMeasurementTaskService.UPLOAD_TASK_TAG task_type=0 required_idleness_state=0 service_kind=0 source_version=231818000 persistence_level=1 preferred_charging_state=1 required_network_type=0 runtime=1712605755880 retry_strategy={"maximum_backoff_seconds":{"3600":0},"initial_backoff_seconds":{"30":0},"retry_policy":{"0":0}} last_runtime=0 [CONTEXT service_id=218 ]
04-08 13:49:15.888  2753 23627 W NetworkScheduler: android.database.sqlite.SQLiteConstraintException: UNIQUE constraint failed: pending_ops.tag, pending_ops.target_class, pending_ops.target_package, pending_ops.user_id (code 2067 SQLITE_CONSTRAINT_UNIQUE)
04-08 13:49:15.888  2753 23627 W NetworkScheduler: 	at android.database.sqlite.SQLiteConnection.nativeExecuteForLastInsertedRowId(Native Method)
04-08 13:49:15.888  2753 23627 W NetworkScheduler: 	at android.database.sqlite.SQLiteConnection.executeForLastInsertedRowId(SQLiteConnection.java:961)
04-08 13:49:15.888  2753 23627 W NetworkScheduler: 	at android.database.sqlite.SQLiteSession.executeForLastInsertedRowId(SQLiteSession.java:790)
04-08 13:49:15.888  2753 23627 W NetworkScheduler: 	at android.database.sqlite.SQLiteStatement.executeInsert(SQLiteStatement.java:89)
04-08 13:49:15.888  2753 23627 W NetworkScheduler: 	at android.database.sqlite.SQLiteDatabase.insertWithOnConflict(SQLiteDatabase.java:1870)
04-08 13:49:15.888  2753 23627 W NetworkScheduler: 	at android.database.sqlite.SQLiteDatabase.insertOrThrow(SQLiteDatabase.java:1765)
04-08 13:49:15.888  2753 23627 W NetworkScheduler: 	at byui.f(:com.google.android.gms@231818047@23.18.18 (190800-535401451):59)
04-08 13:49:15.888  2753 23627 W NetworkScheduler: 	at bytb.n(:com.google.android.gms@231818047@23.18.18 (190800-535401451):3)
04-08 13:49:15.888  2753 23627 W NetworkScheduler: 	at bytb.u(:com.google.android.gms@231818047@23.18.18 (190800-535401451):20)
04-08 13:49:15.888  2753 23627 W NetworkScheduler: 	at bytb.h(:com.google.android.gms@231818047@23.18.18 (190800-535401451):3)
04-08 13:49:15.888  2753 23627 W NetworkScheduler: 	at byot.run(:com.google.android.gms@231818047@23.18.18 (190800-535401451):9)
04-08 13:49:15.888  2753 23627 W NetworkScheduler: 	at aced.c(:com.google.android.gms@231818047@23.18.18 (190800-535401451):6)
04-08 13:49:15.888  2753 23627 W NetworkScheduler: 	at aced.run(:com.google.android.gms@231818047@23.18.18 (190800-535401451):7)
04-08 13:49:15.888  2753 23627 W NetworkScheduler: 	at java.util.concurrent.ThreadPoolExecutor.runWorker(ThreadPoolExecutor.java:1145)
04-08 13:49:15.888  2753 23627 W NetworkScheduler: 	at java.util.concurrent.ThreadPoolExecutor$Worker.run(ThreadPoolExecutor.java:644)
04-08 13:49:15.888  2753 23627 W NetworkScheduler: 	at acjn.run(:com.google.android.gms@231818047@23.18.18 (190800-535401451):0)
04-08 13:49:15.888  2753 23627 W NetworkScheduler: 	at java.lang.Thread.run(Thread.java:1012)
04-08 13:49:15.909   586   612 I ActivityTaskManager: Displayed com.example.qr_dasher/.EditProfile for user 0: +324ms
04-08 13:49:15.981 23535 23535 D LifecycleMonitor: Lifecycle status change: com.example.qr_dasher.RolePage@95b4860 in: STOPPED
04-08 13:49:15.983 23535 23535 V ActivityScenario: Activity lifecycle changed event received but ignored because the intent does not match. startActivityIntent=Intent { act=android.intent.action.MAIN cat=[android.intent.category.LAUNCHER] flg=0x10008000 cmp=com.example.qr_dasher/.HomePage }, activity.getIntent()=Intent { cmp=com.example.qr_dasher/.RolePage }, activity=com.example.qr_dasher.RolePage@95b4860
04-08 13:49:16.140   935 23645 D android.hardware.gnss-service.ranchu: GnssHwListener:consume:87 sz=64
04-08 13:49:16.144   935 23645 D android.hardware.gnss-service.ranchu: GnssHwListener:consume:87 sz=64
04-08 13:49:16.145   935 23645 D android.hardware.gnss-service.ranchu: Gnss:onGnssLocationCb:311
04-08 13:49:16.145   935 23645 D android.hardware.gnss-service.ranchu: Gnss:onGnssLocationCb:321
04-08 13:49:16.146   586  1667 I ImeTracker: com.example.qr_dasher:ef02b6f3: onRequestHide at ORIGIN_SERVER_HIDE_INPUT reason HIDE_UNSPECIFIED_WINDOW
04-08 13:49:16.147   586  1667 I ImeTracker: com.example.qr_dasher:ef02b6f3: onCancelled at PHASE_SERVER_SHOULD_HIDE
04-08 13:49:16.148  1386  1386 I GoogleInputMethodService: GoogleInputMethodService.onFinishInput():3227
04-08 13:49:16.150  1386  1386 I GoogleInputMethodService: GoogleInputMethodService.updateDeviceLockedStatus():2087 repeatCheckTimes = 0, unlocked = true
04-08 13:49:16.150  1386  1386 I GoogleInputMethodService: GoogleInputMethodService.onStartInput():1877 onStartInput(EditorInfo{inputType=0x0(NULL) imeOptions=0x0 privateImeOptions=null actionName=UNSPECIFIED actionLabel=null actionId=0 initialSelStart=-1 initialSelEnd=-1 initialCapsMode=0x0 hintText=null label=null packageName=com.example.qr_dasher fieldId=0 fieldName=null extras=null}, false)
04-08 13:49:16.150  1386  1386 I GoogleInputMethodService: GoogleInputMethodService.shouldHideHeaderOnInitialState():4008 ShouldHideHeaderOnInitialState = false
04-08 13:49:16.159  1386  1386 I GoogleInputMethodService: GoogleInputMethodService.updateDeviceLockedStatus():2087 repeatCheckTimes = 2, unlocked = true
04-08 13:49:16.248 23535 23535 I ViewInteraction: Checking 'MatchesViewAssertion{viewMatcher=view has effective visibility <VISIBLE>}' assertion on view view.getId() is <2131231107/com.example.qr_dasher:id/name_edit>
04-08 13:49:16.254 23535 23535 I ViewInteraction: Performing 'type text(John Doe)' action on view view.getId() is <2131231107/com.example.qr_dasher:id/name_edit>
04-08 13:49:16.262  1086  1086 D TaplEvents: TIS / TouchInteractionService.onInputEvent: MotionEvent { action=ACTION_DOWN, actionButton=0, id[0]=0, x[0]=682.0, y[0]=1344.5, toolType[0]=TOOL_TYPE_UNKNOWN, buttonState=BUTTON_PRIMARY, classification=NONE, metaState=0, flags=0x0, edgeFlags=0x0, pointerCount=1, historySize=0, eventTime=20025397, downTime=20025397, deviceId=-1, source=0x1002, displayId=0, eventId=-1056120309 }
04-08 13:49:16.301  1086  1086 D TaplEvents: TIS / TouchInteractionService.onInputEvent: MotionEvent { action=ACTION_UP, actionButton=0, id[0]=0, x[0]=682.0, y[0]=1344.5, toolType[0]=TOOL_TYPE_UNKNOWN, buttonState=BUTTON_PRIMARY, classification=NONE, metaState=0, flags=0x0, edgeFlags=0x0, pointerCount=1, historySize=0, eventTime=20025437, downTime=20025397, deviceId=-1, source=0x1002, displayId=0, eventId=-314450102 }
04-08 13:49:16.315  1386  1386 I GoogleInputMethodService: GoogleInputMethodService.onFinishInput():3227
04-08 13:49:16.316 23535 23535 D CompatibilityChangeReporter: Compat change id reported: 163400105; UID 10204; state: ENABLED
04-08 13:49:16.317  1386  1386 I GoogleInputMethodService: GoogleInputMethodService.updateDeviceLockedStatus():2087 repeatCheckTimes = 0, unlocked = true
04-08 13:49:16.318 23535 23535 I ImeTracker: com.example.qr_dasher:555bdbf: onRequestShow at ORIGIN_CLIENT_SHOW_SOFT_INPUT reason SHOW_SOFT_INPUT
04-08 13:49:16.320 23535 23535 D InputMethodManager: showSoftInput() view=androidx.appcompat.widget.AppCompatEditText{59e5055 VFED..CL. .F.P..ID 286,0-671,118 #7f080183 app:id/name_edit aid=1073741824} flags=0 reason=SHOW_SOFT_INPUT
04-08 13:49:16.327  1386  1386 I GoogleInputMethodService: GoogleInputMethodService.onStartInput():1877 onStartInput(EditorInfo{inputType=0x20001(Normal) imeOptions=0x48000005 privateImeOptions=null actionName=NEXT actionLabel=null actionId=0 initialSelStart=4 initialSelEnd=4 initialCapsMode=0x0 hintText=null label=null packageName=com.example.qr_dasher fieldId=2131231107 fieldName=null extras=Bundle[mParcelledData.dataSize=240]}, false)
04-08 13:49:16.328  1386  1386 I GoogleInputMethodService: GoogleInputMethodService.shouldHideHeaderOnInitialState():4008 ShouldHideHeaderOnInitialState = false
04-08 13:49:16.329  1386  1386 I GoogleInputMethodService: GoogleInputMethodService.updateDeviceLockedStatus():2087 repeatCheckTimes = 2, unlocked = true
04-08 13:49:16.332  1386  1386 I DeviceModeUtil: DeviceModeUtil.getDeviceMode():122 Get device mode phone by ui mode:1 and smallestScreenWidthDp:411
04-08 13:49:16.333  1386  1386 I GoogleInputMethodService: GoogleInputMethodService.onStartInputView():1995 onStartInputView(EditorInfo{inputType=0x20001(Normal) imeOptions=0x48000005 privateImeOptions=null actionName=NEXT actionLabel=null actionId=0 initialSelStart=4 initialSelEnd=4 initialCapsMode=0x0 hintText=null label=null packageName=com.example.qr_dasher fieldId=2131231107 fieldName=null extras=Bundle[{android.support.text.emoji.emojiCompat_metadataVersion=9, android.support.text.emoji.emojiCompat_replaceAll=false}]}, false)
04-08 13:49:16.335  1386  1386 I GoogleInputMethodService: GoogleInputMethodService.updateDeviceLockedStatus():2087 repeatCheckTimes = 2, unlocked = true
04-08 13:49:16.338  1386  1386 W ModuleManager: ModuleManager.loadModule():450 Module erj is not available
04-08 13:49:16.341  1386  1386 I KeyboardViewUtil: KeyboardViewUtil.getKeyboardHeightRatio():189 systemKeyboardHeightRatio:1.000000; userKeyboardHeightRatio:1.000000.
04-08 13:49:16.342  1386  1386 I AndroidIME: AbstractIme.onActivate():86 LatinIme.onActivate() : EditorInfo = inputType=0x20001(Normal) imeOptions=0x48000005 privateImeOptions=null actionName=NEXT actionLabel=null actionId=0 initialSelStart=4 initialSelEnd=4 initialCapsMode=0x0 hintText=null label=null packageName=com.example.qr_dasher fieldId=2131231107 fieldName=null extras=Bundle[{android.support.text.emoji.emojiCompat_metadataVersion=9, android.support.text.emoji.emojiCompat_replaceAll=false}], IncognitoMode = false, DeviceLocked = false
04-08 13:49:16.345  1386  1386 I Delight5Facilitator: Delight5Facilitator.initializeForIme():777 initializeForIme() : Locale = [en_US], layout = qwerty
04-08 13:49:16.347  1386  1386 I VoiceInputManagerWrapper: VoiceInputManagerWrapper.cancelShutdown():55 cancelShutdown()
04-08 13:49:16.347  1386  1386 I VoiceInputManagerWrapper: VoiceInputManagerWrapper.syncLanguagePacks():67 syncLanguagePacks()
04-08 13:49:16.348  1386  1634 I DeviceModeUtil: DeviceModeUtil.getDeviceMode():122 Get device mode phone by ui mode:1 and smallestScreenWidthDp:411
04-08 13:49:16.349  1386  1386 I LatinIme: LatinIme.updateEnableInlineSuggestionsOnDecoderSideFlags():1003 inline flag updated to:false
04-08 13:49:16.350  1386  3775 I SpeechFactory: SpeechRecognitionFactory.maybeScheduleAutoPackDownloadForFallback():205 maybeScheduleAutoPackDownloadForFallback()
04-08 13:49:16.353  1386  3775 I FallbackOnDeviceRecognitionProvider: FallbackOnDeviceRecognitionProvider.maybeScheduleAutoPackDownload():195 maybeScheduleAutoPackDownload() for language tag en-US
04-08 13:49:16.362  1386  1386 I KeyboardWrapper: KeyboardWrapper.consumeEvent():275 Skip consuming an event as current keyboard is deactivated (state=0, keyboard existence=true)
04-08 13:49:16.379  1386  1386 I KeyboardViewUtil: KeyboardViewUtil.calculateMaxKeyboardBodyHeight():40 leave 354 height for app when screen height:2274, header height:116 and isFullscreenMode:false, so the max keyboard body height is:1804
04-08 13:49:16.379  1386  1386 I DeviceModeUtil: DeviceModeUtil.getDeviceMode():122 Get device mode phone by ui mode:1 and smallestScreenWidthDp:411
04-08 13:49:16.380  1386  1386 I GoogleInputMethodService: GoogleInputMethodService.setKeyboardViewShown():3483 setKeyboardViewShown() : type = HEADER, shownType = SHOW_OPTIONAL
04-08 13:49:16.381  1386  1386 I GoogleInputMethodService: GoogleInputMethodService.setKeyboardViewShown():3530 setKeyboardViewShown() : shouldShow = true
04-08 13:49:16.381  1386  1386 I GoogleInputMethodService: GoogleInputMethodService.setKeyboardViewShown():3483 setKeyboardViewShown() : type = BODY, shownType = SHOW_MANDATORY
04-08 13:49:16.382  1386  1386 I GoogleInputMethodService: GoogleInputMethodService.setKeyboardViewShown():3530 setKeyboardViewShown() : shouldShow = true
04-08 13:49:16.382  1386  1386 I GoogleInputMethodService: GoogleInputMethodService.setKeyboardViewShown():3483 setKeyboardViewShown() : type = FLOATING_CANDIDATES, shownType = HIDE
04-08 13:49:16.383  1386  1386 I GoogleInputMethodService: GoogleInputMethodService.setKeyboardViewShown():3530 setKeyboardViewShown() : shouldShow = false
04-08 13:49:16.384  1386  1386 I KeyboardViewUtil: KeyboardViewUtil.calculateMaxKeyboardBodyHeight():40 leave 354 height for app when screen height:2274, header height:116 and isFullscreenMode:false, so the max keyboard body height is:1804
04-08 13:49:16.385 23535 23535 I AssistStructure: Flattened final assist data: 2908 bytes, containing 2 windows, 17 views
04-08 13:49:16.387  1386  1386 I DeviceModeUtil: DeviceModeUtil.getDeviceMode():122 Get device mode phone by ui mode:1 and smallestScreenWidthDp:411
04-08 13:49:16.389  1386  1386 I DeviceModeUtil: DeviceModeUtil.getDeviceMode():122 Get device mode phone by ui mode:1 and smallestScreenWidthDp:411
04-08 13:49:16.390  1386  1386 I DeviceModeUtil: DeviceModeUtil.getDeviceMode():122 Get device mode phone by ui mode:1 and smallestScreenWidthDp:411
04-08 13:49:16.391  1386  1386 I KeyboardModeManager: KeyboardModeManager.setInputView():364 setInputView() : supportsOneHandedMode=true
04-08 13:49:16.392  1386  1386 I NormalModeController: NormalModeController.getKeyboardBodyViewHolderPaddingBottom():116 currentPrimeKeyboardType:SOFT systemPaddingBottom:-1
04-08 13:49:16.393  1386  1386 I AndroidIME: KeyboardViewManager.updateKeyboardBodyViewHolderPaddingBottom():604 Set finalPaddingBottom = 0 while keyboardBottomGapFromScreen = 0; navigationHeight = 126
04-08 13:49:16.394  1386  1386 I NormalModeController: NormalModeController.getKeyboardBodyViewHolderPaddingBottom():116 currentPrimeKeyboardType:SOFT systemPaddingBottom:-1
04-08 13:49:16.396  1386  1386 I AndroidIME: KeyboardViewManager.updateKeyboardBodyViewHolderPaddingBottom():604 Set finalPaddingBottom = 0 while keyboardBottomGapFromScreen = 0; navigationHeight = 126
04-08 13:49:16.397  1386  1386 I KeyboardModeManager: KeyboardModeManager.setInputView():356 setInputView() : entry=hwn{languageTag=en-US, variant=qwerty, hasLocalizedResources=true, conditionCacheKey=_device=phone_device_size=default_enable_adaptive_text_editing=true_enable_inline_suggestions_on_client_side=false_enable_large_tablet_batch_1=false_enable_large_tablet_batch_2=false_enable_more_candidates_view_for_multilingual=false_enable_nav_redesign=false_enable_number_row=false_enable_preemptive_decode=true_enable_secondary_symbols=false_expressions=normal_four_or_more_letter_rows=false_keyboard_mode=normal_language=en-US_orientation=portrait_physical_keyboard=qwerty_show_secondary_digits=true_show_suggestions=true_split_with_duplicate_keys=true_variant=qwerty, imeDef.stringId=ime_english_united_states, imeDef.className=com.google.android.apps.inputmethod.libs.latin5.LatinIme, imeDef.languageTag=en-US}
04-08 13:49:16.400  1386  1386 I VoiceImeExtension: VoiceImeExtension.shouldStartVoiceInputAutomatically():383 No private IME option set to start voice input.
04-08 13:49:16.417 23535 23598 E OpenGLRenderer: Unable to match the desired swap behavior.
04-08 13:49:16.428  2753  2753 W AutofillChimeraService: Pending fill request while another request in the same session was triggered. [CONTEXT service_id=177 ]
04-08 13:49:16.459  1386  1734 E OpenGLRenderer: Unable to match the desired swap behavior.
04-08 13:49:16.477  1164  1164 V InlineSuggestionRenderService: handleDestroySuggestionViews called for 0:84218553
04-08 13:49:16.481  2753  2942 I IPCThreadState: oneway function results for code 1 on binder at 0x714be7a5dd00 will be dropped but finished with status UNKNOWN_TRANSACTION and reply parcel size 80
04-08 13:49:16.508  1386  1386 I DeviceModeUtil: DeviceModeUtil.getDeviceMode():122 Get device mode phone by ui mode:1 and smallestScreenWidthDp:411
04-08 13:49:16.509  1386  1386 I DeviceModeUtil: DeviceModeUtil.getDeviceMode():122 Get device mode phone by ui mode:1 and smallestScreenWidthDp:411
04-08 13:49:16.509  1386  1386 I NormalModeController: NormalModeController.getKeyboardBodyViewHolderPaddingBottom():116 currentPrimeKeyboardType:SOFT systemPaddingBottom:-1
04-08 13:49:16.512  1386  2708 I Delight5Decoder: Delight5DecoderWrapper.setKeyboardLayout():457 setKeyboardLayout()
04-08 13:49:16.540  1386  1386 I GoogleInputMethodService: GoogleInputMethodService.setKeyboardViewShown():3483 setKeyboardViewShown() : type = HEADER, shownType = SHOW_MANDATORY_WITH_ANIMATION
04-08 13:49:16.541  1386  1386 I GoogleInputMethodService: GoogleInputMethodService.setKeyboardViewShown():3530 setKeyboardViewShown() : shouldShow = true
04-08 13:49:16.546   818   886 D EGL_emulation: app_time_stats: avg=132.68ms min=2.14ms max=1937.86ms count=16
04-08 13:49:16.582  1386  1386 W TooltipLifecycleManager: TooltipLifecycleManager.dismissTooltips():159 Tooltip with id spell_check_add_to_dictionary not found in tooltipManager.
04-08 13:49:16.604 23535 23535 D LifecycleMonitor: Lifecycle status change: com.example.qr_dasher.Attendee@10d40a4 in: STOPPED
04-08 13:49:16.610 23535 23535 V ActivityScenario: Activity lifecycle changed event received but ignored because the intent does not match. startActivityIntent=Intent { act=android.intent.action.MAIN cat=[android.intent.category.LAUNCHER] flg=0x10008000 cmp=com.example.qr_dasher/.HomePage }, activity.getIntent()=Intent { cmp=com.example.qr_dasher/.Attendee }, activity=com.example.qr_dasher.Attendee@10d40a4
04-08 13:49:16.630 23535 23535 D InsetsController: show(ime(), fromIme=true)
04-08 13:49:16.642  9236  9236 D BoundBrokerSvc: onBind: Intent { act=com.google.android.gms.common.BIND_SHARED_PREFS pkg=com.google.android.gms }
04-08 13:49:16.643  9236  9236 D BoundBrokerSvc: Loading bound service for intent: Intent { act=com.google.android.gms.common.BIND_SHARED_PREFS pkg=com.google.android.gms }
04-08 13:49:16.663  9236  9236 D BoundBrokerSvc: onUnbind: Intent { act=com.google.android.gms.common.BIND_SHARED_PREFS pkg=com.google.android.gms }
04-08 13:49:16.698  9236  9236 D BoundBrokerSvc: onBind: Intent { act=com.google.android.gms.common.BIND_SHARED_PREFS pkg=com.google.android.gms }
04-08 13:49:16.699  9236  9236 D BoundBrokerSvc: Loading bound service for intent: Intent { act=com.google.android.gms.common.BIND_SHARED_PREFS pkg=com.google.android.gms }
04-08 13:49:16.714  9236  9236 D BoundBrokerSvc: onUnbind: Intent { act=com.google.android.gms.common.BIND_SHARED_PREFS pkg=com.google.android.gms }
04-08 13:49:16.732 23535 23535 W WindowOnBackDispatcher: sendCancelIfRunning: isInProgress=falsecallback=android.view.ViewRootImpl$$ExternalSyntheticLambda17@1eaf46
04-08 13:49:16.742   586  1875 W InputManager-JNI: Input channel object 'b995369 PopupWindow:a2ab57a (client)' was disposed without first being removed with the input manager!
04-08 13:49:16.785   818   818 W WindowOnBackDispatcher: sendCancelIfRunning: isInProgress=falsecallback=android.view.ViewRootImpl$$ExternalSyntheticLambda17@24d07f7
04-08 13:49:16.787  1386  1386 I GoogleInputMethodService: GoogleInputMethodService.onStartInput():1877 onStartInput(EditorInfo{inputType=0x20001(Normal) imeOptions=0x48000005 privateImeOptions=null actionName=NEXT actionLabel=null actionId=0 initialSelStart=0 initialSelEnd=0 initialCapsMode=0x3000 hintText=null label=null packageName=com.example.qr_dasher fieldId=2131231107 fieldName=null extras=Bundle[mParcelledData.dataSize=240]}, true)
04-08 13:49:16.790  1386  1386 I GoogleInputMethodService: GoogleInputMethodService.shouldHideHeaderOnInitialState():4008 ShouldHideHeaderOnInitialState = false
04-08 13:49:16.792  1386  1386 I GoogleInputMethodService: GoogleInputMethodService.updateDeviceLockedStatus():2087 repeatCheckTimes = 2, unlocked = true
04-08 13:49:16.793  1386  1386 W SessionManager: SessionManager.beginSession():53 Try to begin an already begun session [INPUT_SESSION], end it first
04-08 13:49:16.794  1386  1386 W SessionManager: SessionManager.endSession():96 Child session [INPUT_VIEW_SESSION] is not ended while ending session [{IME_SESSION=1712605756342, TRAINING_CACHE_SESSION=1712605756344, INPUT_VIEW_SESSION=1712605756333, INPUT_SESSION=1712605756329}], ending it now.
04-08 13:49:16.795  1386  1386 W SessionManager: SessionManager.endSession():96 Child session [IME_SESSION] is not ended while ending session [{IME_SESSION=1712605756342, TRAINING_CACHE_SESSION=1712605756344, INPUT_VIEW_SESSION=1712605756333, INPUT_SESSION=1712605756329}], ending it now.
04-08 13:49:16.797   586  1875 W InputManager-JNI: Input channel object 'a040283 Toast (client)' was disposed without first being removed with the input manager!
04-08 13:49:16.804  1386  1386 I GoogleInputMethodService: GoogleInputMethodService.onStartInputView():1995 onStartInputView(EditorInfo{inputType=0x20001(Normal) imeOptions=0x48000005 privateImeOptions=null actionName=NEXT actionLabel=null actionId=0 initialSelStart=0 initialSelEnd=0 initialCapsMode=0x3000 hintText=null label=null packageName=com.example.qr_dasher fieldId=2131231107 fieldName=null extras=Bundle[{android.support.text.emoji.emojiCompat_metadataVersion=9, android.support.text.emoji.emojiCompat_replaceAll=false}]}, true)
04-08 13:49:16.807  1386  1634 I DeviceModeUtil: DeviceModeUtil.getDeviceMode():122 Get device mode phone by ui mode:1 and smallestScreenWidthDp:411
04-08 13:49:16.808  1386  1386 I GoogleInputMethodService: GoogleInputMethodService.updateDeviceLockedStatus():2087 repeatCheckTimes = 2, unlocked = true
04-08 13:49:16.810  1386  1386 W ModuleManager: ModuleManager.loadModule():450 Module erj is not available
04-08 13:49:16.832  1386  1386 I KeyboardViewUtil: KeyboardViewUtil.getKeyboardHeightRatio():189 systemKeyboardHeightRatio:1.000000; userKeyboardHeightRatio:1.000000.
04-08 13:49:16.833  1386  1386 W TooltipLifecycleManager: TooltipLifecycleManager.dismissTooltips():159 Tooltip with id spell_check_add_to_dictionary not found in tooltipManager.
04-08 13:49:16.836  1386  1386 I KeyboardWrapper: KeyboardWrapper.consumeEvent():275 Skip consuming an event as current keyboard is deactivated (state=0, keyboard existence=true)
04-08 13:49:16.837  1386  1386 I VoiceInputManagerWrapper: VoiceInputManagerWrapper.shutdown():77 shutdown()
04-08 13:49:16.839  1386  1386 I AndroidIME: AbstractIme.onDeactivate():207 LatinIme.onDeactivate()
04-08 13:49:16.841  1386  1386 W SessionManager: SessionManager.endSession():88 Try to end a not begun session [IME_SESSION].
04-08 13:49:16.843  1386  1386 I AndroidIME: AbstractIme.onActivate():86 LatinIme.onActivate() : EditorInfo = inputType=0x20001(Normal) imeOptions=0x48000005 privateImeOptions=null actionName=NEXT actionLabel=null actionId=0 initialSelStart=0 initialSelEnd=0 initialCapsMode=0x3000 hintText=null label=null packageName=com.example.qr_dasher fieldId=2131231107 fieldName=null extras=Bundle[{android.support.text.emoji.emojiCompat_metadataVersion=9, android.support.text.emoji.emojiCompat_replaceAll=false}], IncognitoMode = false, DeviceLocked = false
04-08 13:49:16.845  1386  1386 I Delight5Facilitator: Delight5Facilitator.initializeForIme():777 initializeForIme() : Locale = [en_US], layout = qwerty
04-08 13:49:16.847  1386  1386 I VoiceInputManagerWrapper: VoiceInputManagerWrapper.cancelShutdown():55 cancelShutdown()
04-08 13:49:16.851  1386  1386 I VoiceInputManagerWrapper: VoiceInputManagerWrapper.syncLanguagePacks():67 syncLanguagePacks()
04-08 13:49:16.873  1386  1386 I LatinIme: LatinIme.updateEnableInlineSuggestionsOnDecoderSideFlags():1003 inline flag updated to:false
04-08 13:49:16.877  1386  3775 I SpeechFactory: SpeechRecognitionFactory.maybeScheduleAutoPackDownloadForFallback():205 maybeScheduleAutoPackDownloadForFallback()
04-08 13:49:16.879   818   886 E OpenGLRenderer: Unable to match the desired swap behavior.
04-08 13:49:16.884 23535 23656 D ProfileInstaller: Installing profile for com.example.qr_dasher
04-08 13:49:16.893 23535 23535 I ImeTracker: com.example.qr_dasher:555bdbf: onShown
04-08 13:49:16.899  1386  1386 I KeyboardWrapper: KeyboardWrapper.consumeEvent():275 Skip consuming an event as current keyboard is deactivated (state=0, keyboard existence=true)
04-08 13:49:16.900  1386  2148 E native  : E0000 00:00:1712605756.883025    2148 keyboard.cc:27] Cannot create a keyboard with 0 valid keys
04-08 13:49:16.902  1386  3775 I FallbackOnDeviceRecognitionProvider: FallbackOnDeviceRecognitionProvider.maybeScheduleAutoPackDownload():195 maybeScheduleAutoPackDownload() for language tag en-US
04-08 13:49:16.918  1386  1386 I KeyboardViewUtil: KeyboardViewUtil.calculateMaxKeyboardBodyHeight():40 leave 354 height for app when screen height:2274, header height:116 and isFullscreenMode:false, so the max keyboard body height is:1804
04-08 13:49:16.920  1386  1386 I DeviceModeUtil: DeviceModeUtil.getDeviceMode():122 Get device mode phone by ui mode:1 and smallestScreenWidthDp:411
04-08 13:49:16.922  1386  1386 I GoogleInputMethodService: GoogleInputMethodService.setKeyboardViewShown():3483 setKeyboardViewShown() : type = HEADER, shownType = SHOW_OPTIONAL
04-08 13:49:16.924  1386  1386 I GoogleInputMethodService: GoogleInputMethodService.setKeyboardViewShown():3530 setKeyboardViewShown() : shouldShow = true
04-08 13:49:16.925  1386  1386 I GoogleInputMethodService: GoogleInputMethodService.setKeyboardViewShown():3483 setKeyboardViewShown() : type = BODY, shownType = SHOW_MANDATORY
04-08 13:49:16.927  1386  1386 I GoogleInputMethodService: GoogleInputMethodService.setKeyboardViewShown():3530 setKeyboardViewShown() : shouldShow = true
04-08 13:49:16.927  1386  1386 I GoogleInputMethodService: GoogleInputMethodService.setKeyboardViewShown():3483 setKeyboardViewShown() : type = FLOATING_CANDIDATES, shownType = HIDE
04-08 13:49:16.928  1386  1386 I GoogleInputMethodService: GoogleInputMethodService.setKeyboardViewShown():3530 setKeyboardViewShown() : shouldShow = false
04-08 13:49:16.932  1386  1386 I KeyboardViewUtil: KeyboardViewUtil.calculateMaxKeyboardBodyHeight():40 leave 354 height for app when screen height:2274, header height:116 and isFullscreenMode:false, so the max keyboard body height is:1804
04-08 13:49:16.933  1386  1386 I DeviceModeUtil: DeviceModeUtil.getDeviceMode():122 Get device mode phone by ui mode:1 and smallestScreenWidthDp:411
04-08 13:49:16.935  1386  1386 I DeviceModeUtil: DeviceModeUtil.getDeviceMode():122 Get device mode phone by ui mode:1 and smallestScreenWidthDp:411
04-08 13:49:16.936 23535 23598 D EGL_emulation: app_time_stats: avg=42.11ms min=3.75ms max=249.85ms count=23
04-08 13:49:16.936  1386  1386 I DeviceModeUtil: DeviceModeUtil.getDeviceMode():122 Get device mode phone by ui mode:1 and smallestScreenWidthDp:411
04-08 13:49:16.938  1386  1386 I KeyboardModeManager: KeyboardModeManager.setInputView():364 setInputView() : supportsOneHandedMode=true
04-08 13:49:16.939  1386  1386 I NormalModeController: NormalModeController.getKeyboardBodyViewHolderPaddingBottom():116 currentPrimeKeyboardType:SOFT systemPaddingBottom:-1
04-08 13:49:16.941  1386  1386 I AndroidIME: KeyboardViewManager.updateKeyboardBodyViewHolderPaddingBottom():604 Set finalPaddingBottom = 0 while keyboardBottomGapFromScreen = 0; navigationHeight = 126
04-08 13:49:16.942  1386  1386 I NormalModeController: NormalModeController.getKeyboardBodyViewHolderPaddingBottom():116 currentPrimeKeyboardType:SOFT systemPaddingBottom:-1
04-08 13:49:16.945  1386  1386 I AndroidIME: KeyboardViewManager.updateKeyboardBodyViewHolderPaddingBottom():604 Set finalPaddingBottom = 0 while keyboardBottomGapFromScreen = 0; navigationHeight = 126
04-08 13:49:16.946  1386  1386 I KeyboardModeManager: KeyboardModeManager.setInputView():356 setInputView() : entry=hwn{languageTag=en-US, variant=qwerty, hasLocalizedResources=true, conditionCacheKey=_device=phone_device_size=default_enable_adaptive_text_editing=true_enable_inline_suggestions_on_client_side=false_enable_large_tablet_batch_1=false_enable_large_tablet_batch_2=false_enable_more_candidates_view_for_multilingual=false_enable_nav_redesign=false_enable_number_row=false_enable_preemptive_decode=true_enable_secondary_symbols=false_expressions=normal_four_or_more_letter_rows=false_keyboard_mode=normal_language=en-US_orientation=portrait_physical_keyboard=qwerty_show_secondary_digits=true_show_suggestions=true_split_with_duplicate_keys=true_variant=qwerty, imeDef.stringId=ime_english_united_states, imeDef.className=com.google.android.apps.inputmethod.libs.latin5.LatinIme, imeDef.languageTag=en-US}
04-08 13:49:16.952  1386  1386 I VoiceImeExtension: VoiceImeExtension.shouldStartVoiceInputAutomatically():383 No private IME option set to start voice input.
04-08 13:49:16.967 23535 23535 D UiControllerImpl: Injecting string: "John Doe"
04-08 13:49:16.976  1386  1386 I DeviceModeUtil: DeviceModeUtil.getDeviceMode():122 Get device mode phone by ui mode:1 and smallestScreenWidthDp:411
04-08 13:49:16.977  1386  1386 I DeviceModeUtil: DeviceModeUtil.getDeviceMode():122 Get device mode phone by ui mode:1 and smallestScreenWidthDp:411
04-08 13:49:16.979  1386  1386 I NormalModeController: NormalModeController.getKeyboardBodyViewHolderPaddingBottom():116 currentPrimeKeyboardType:SOFT systemPaddingBottom:-1
04-08 13:49:16.982  1386  2708 I Delight5Decoder: Delight5DecoderWrapper.setKeyboardLayout():457 setKeyboardLayout()
04-08 13:49:16.984  9236  9236 D BoundBrokerSvc: onBind: Intent { act=com.google.android.gms.common.BIND_SHARED_PREFS pkg=com.google.android.gms }
04-08 13:49:16.984  9236  9236 D BoundBrokerSvc: Loading bound service for intent: Intent { act=com.google.android.gms.common.BIND_SHARED_PREFS pkg=com.google.android.gms }
04-08 13:49:16.992  9236  9236 D BoundBrokerSvc: onUnbind: Intent { act=com.google.android.gms.common.BIND_SHARED_PREFS pkg=com.google.android.gms }
04-08 13:49:17.009  9236  9236 D BoundBrokerSvc: onBind: Intent { act=com.google.android.gms.common.BIND_SHARED_PREFS pkg=com.google.android.gms }
04-08 13:49:17.010  9236  9236 D BoundBrokerSvc: Loading bound service for intent: Intent { act=com.google.android.gms.common.BIND_SHARED_PREFS pkg=com.google.android.gms }
04-08 13:49:17.026  9236  9236 D BoundBrokerSvc: onUnbind: Intent { act=com.google.android.gms.common.BIND_SHARED_PREFS pkg=com.google.android.gms }
04-08 13:49:17.043  1386  1386 W AndroidSpellCheckerService: AndroidSpellCheckerService.initialize():82 initialize...
04-08 13:49:17.044  1386  1386 I ShortcutsDataManager: ShortcutsDataManager.onContentChanged():70 onContentChanged()
04-08 13:49:17.044  1386  1386 I ContactsDataManager: ContactsDataManager.onContentChanged():156 onContentChanged()
04-08 13:49:17.044  1386  1386 W AndroidSpellCheckerService: AndroidSpellCheckerService.initialize():94 initialize...done
04-08 13:49:17.081  1386  1386 I GoogleInputMethodService: GoogleInputMethodService.setKeyboardViewShown():3483 setKeyboardViewShown() : type = HEADER, shownType = SHOW_MANDATORY_WITH_ANIMATION
04-08 13:49:17.081  1386  1386 I GoogleInputMethodService: GoogleInputMethodService.setKeyboardViewShown():3530 setKeyboardViewShown() : shouldShow = true
04-08 13:49:17.141   935 23645 D android.hardware.gnss-service.ranchu: GnssHwListener:consume:87 sz=64
04-08 13:49:17.146   935 23645 D android.hardware.gnss-service.ranchu: GnssHwListener:consume:87 sz=64
04-08 13:49:17.147   935 23645 D android.hardware.gnss-service.ranchu: Gnss:onGnssLocationCb:311
04-08 13:49:17.147   935 23645 D android.hardware.gnss-service.ranchu: Gnss:onGnssLocationCb:321
04-08 13:49:17.192  1386  1386 I GoogleInputMethodService: GoogleInputMethodService.setKeyboardViewShown():3483 setKeyboardViewShown() : type = HEADER, shownType = SHOW_MANDATORY_WITH_ANIMATION
04-08 13:49:17.192  1386  1386 I GoogleInputMethodService: GoogleInputMethodService.setKeyboardViewShown():3530 setKeyboardViewShown() : shouldShow = true
04-08 13:49:17.223  1386  1386 I GoogleInputMethodService: GoogleInputMethodService.setKeyboardViewShown():3483 setKeyboardViewShown() : type = HEADER, shownType = SHOW_MANDATORY_WITH_ANIMATION
04-08 13:49:17.223  1386  1386 I GoogleInputMethodService: GoogleInputMethodService.setKeyboardViewShown():3530 setKeyboardViewShown() : shouldShow = true
04-08 13:49:17.261  1386  1386 I GoogleInputMethodService: GoogleInputMethodService.setKeyboardViewShown():3483 setKeyboardViewShown() : type = HEADER, shownType = SHOW_MANDATORY_WITH_ANIMATION
04-08 13:49:17.262  1386  1386 I GoogleInputMethodService: GoogleInputMethodService.setKeyboardViewShown():3530 setKeyboardViewShown() : shouldShow = true
04-08 13:49:17.303  1386  2708 I native  : I0000 00:00:1712605757.303837    2708 input-context-store.cc:195] Using roll back input context for operation: [FetchSuggestions] rolled back operation: [OverrideDecodedCandidates] reason: client [1407] vs decoder [1409]
04-08 13:49:17.309  1386  1386 W InputContextProxyV4: InputContextProxyV4.applyClientDiffInternal():897 Ignore [FetchSuggestions] diff due to stale request: 1463<1464, inputStateId=1409, lastInputStateId=1407
04-08 13:49:17.311  1386  1386 I GoogleInputMethodService: GoogleInputMethodService.setKeyboardViewShown():3483 setKeyboardViewShown() : type = HEADER, shownType = SHOW_MANDATORY_WITH_ANIMATION
04-08 13:49:17.311  1386  1386 I GoogleInputMethodService: GoogleInputMethodService.setKeyboardViewShown():3530 setKeyboardViewShown() : shouldShow = true
04-08 13:49:17.421  1386  1386 I GoogleInputMethodService: GoogleInputMethodService.setKeyboardViewShown():3483 setKeyboardViewShown() : type = HEADER, shownType = SHOW_MANDATORY_WITH_ANIMATION
04-08 13:49:17.423  1386  1386 I GoogleInputMethodService: GoogleInputMethodService.setKeyboardViewShown():3530 setKeyboardViewShown() : shouldShow = true
04-08 13:49:17.445  1386  1386 I GoogleInputMethodService: GoogleInputMethodService.setKeyboardViewShown():3483 setKeyboardViewShown() : type = HEADER, shownType = SHOW_MANDATORY_WITH_ANIMATION
04-08 13:49:17.447  1386  1386 I GoogleInputMethodService: GoogleInputMethodService.setKeyboardViewShown():3530 setKeyboardViewShown() : shouldShow = true
04-08 13:49:17.470 23535 23535 I ViewInteraction: Performing 'close keyboard' action on view view.getId() is <2131231107/com.example.qr_dasher:id/name_edit>
04-08 13:49:17.473 23535 23535 D IdlingRegistry: Registering idling resources: [androidx.test.espresso.action.CloseKeyboardAction$CloseKeyboardIdlingResult@3adcb2e]
04-08 13:49:17.474 23535 23535 I ImeTracker: com.example.qr_dasher:43af4be1: onRequestHide at ORIGIN_CLIENT_HIDE_SOFT_INPUT reason HIDE_SOFT_INPUT
04-08 13:49:17.479  1386  1386 I GoogleInputMethodService: GoogleInputMethodService.onFinishInputView():2241
04-08 13:49:17.480  1386  1386 W TooltipLifecycleManager: TooltipLifecycleManager.dismissTooltips():159 Tooltip with id spell_check_add_to_dictionary not found in tooltipManager.
04-08 13:49:17.488  1386  1386 I InputBundle: InputBundle.consumeEvent():923 Skip consuming an event as keyboard status is 0
04-08 13:49:17.490  1386  1386 I KeyboardWrapper: KeyboardWrapper.consumeEvent():275 Skip consuming an event as current keyboard is deactivated (state=0, keyboard existence=true)
04-08 13:49:17.490  1386  1386 I VoiceInputManagerWrapper: VoiceInputManagerWrapper.shutdown():77 shutdown()
