04-08 13:49:17.493  1386  1386 I AndroidIME: AbstractIme.onDeactivate():207 LatinIme.onDeactivate()
04-08 13:49:17.502  1386  2148 E native  : E0000 00:00:1712605757.502542    2148 keyboard.cc:27] Cannot create a keyboard with 0 valid keys
04-08 13:49:17.509  1386  2708 I native  : I0000 00:00:1712605757.508979    2708 input-context-store.cc:255] Ignoring stale client request for FetchSuggestions
04-08 13:49:17.513  1386  2708 I native  : I0000 00:00:1712605757.513119    2708 input-context-store.cc:178] Ignoring stale client request for OverrideDecodedCandidates
04-08 13:49:17.515  1386  1386 W InputContextProxyV4: InputContextProxyV4.applyClientDiffInternal():897 Ignore [FetchSuggestions] diff due to stale request: 1470<1471, inputStateId=0, lastInputStateId=1417
04-08 13:49:17.519 23535 23535 W WindowOnBackDispatcher: sendCancelIfRunning: isInProgress=falsecallback=ImeCallback=ImeOnBackInvokedCallback@98443099 Callback=android.window.IOnBackInvokedCallback$Stub$Proxy@7909765
04-08 13:49:17.724 23535 23535 I ImeTracker: com.example.qr_dasher:7cf9263a: onRequestHide at ORIGIN_CLIENT_HIDE_SOFT_INPUT reason HIDE_SOFT_INPUT_BY_INSETS_API
04-08 13:49:17.724   586  1669 I ImeTracker: com.example.qr_dasher:7cf9263a: onCancelled at PHASE_SERVER_SHOULD_HIDE
04-08 13:49:17.727 23535 23535 I ImeTracker: com.example.qr_dasher:43af4be1: onHidden
04-08 13:49:17.823 23535 23535 D IdlingRegistry: Unregistering idling resources: [androidx.test.espresso.action.CloseKeyboardAction$CloseKeyboardIdlingResult@3adcb2e]
04-08 13:49:17.827 23535 23535 I ViewInteraction: Performing 'type text(johndoe@example.com)' action on view view.getId() is <2131230946/com.example.qr_dasher:id/email_edit>
04-08 13:49:17.832  1086  1086 D TaplEvents: TIS / TouchInteractionService.onInputEvent: MotionEvent { action=ACTION_DOWN, actionButton=0, id[0]=0, x[0]=681.0, y[0]=1462.5, toolType[0]=TOOL_TYPE_UNKNOWN, buttonState=BUTTON_PRIMARY, classification=NONE, metaState=0, flags=0x0, edgeFlags=0x0, pointerCount=1, historySize=0, eventTime=20026968, downTime=20026968, deviceId=-1, source=0x1002, displayId=0, eventId=-721512628 }
04-08 13:49:17.874  1086  1086 D TaplEvents: TIS / TouchInteractionService.onInputEvent: MotionEvent { action=ACTION_UP, actionButton=0, id[0]=0, x[0]=681.0, y[0]=1462.5, toolType[0]=TOOL_TYPE_UNKNOWN, buttonState=BUTTON_PRIMARY, classification=NONE, metaState=0, flags=0x0, edgeFlags=0x0, pointerCount=1, historySize=0, eventTime=20027010, downTime=20026968, deviceId=-1, source=0x1002, displayId=0, eventId=-90289339 }
04-08 13:49:17.883  1386  1386 I GoogleInputMethodService: GoogleInputMethodService.onFinishInput():3227
04-08 13:49:17.884  1386  1386 I GoogleInputMethodService: GoogleInputMethodService.updateDeviceLockedStatus():2087 repeatCheckTimes = 0, unlocked = true
04-08 13:49:17.885  1386  1386 I GoogleInputMethodService: GoogleInputMethodService.onStartInput():1877 onStartInput(EditorInfo{inputType=0x20001(Normal) imeOptions=0x4c000005 privateImeOptions=null actionName=NEXT actionLabel=null actionId=0 initialSelStart=0 initialSelEnd=0 initialCapsMode=0x0 hintText=null label=null packageName=com.example.qr_dasher fieldId=2131230946 fieldName=null extras=Bundle[mParcelledData.dataSize=240]}, false)
04-08 13:49:17.886  1386  1386 I GoogleInputMethodService: GoogleInputMethodService.shouldHideHeaderOnInitialState():4008 ShouldHideHeaderOnInitialState = false
04-08 13:49:17.887 23535 23535 I ImeTracker: com.example.qr_dasher:d3c34526: onRequestShow at ORIGIN_CLIENT_SHOW_SOFT_INPUT reason SHOW_SOFT_INPUT
04-08 13:49:17.887 23535 23535 D InputMethodManager: showSoftInput() view=androidx.appcompat.widget.AppCompatEditText{c725ff8 VFED..CL. .F.P..ID 283,0-668,118 #7f0800e2 app:id/email_edit aid=1073741825} flags=0 reason=SHOW_SOFT_INPUT
04-08 13:49:17.889  1386  1386 I GoogleInputMethodService: GoogleInputMethodService.updateDeviceLockedStatus():2087 repeatCheckTimes = 2, unlocked = true
04-08 13:49:17.892  1386  1386 I ShortcutsDataManager: AbstractContentDataManager.startImportContentTask():234 startImportContentTask()
04-08 13:49:17.894  1386  1948 I ShortcutsDataManager: AbstractContentDataManager$ImportContentTask.doInBackground():248 doInBackground()
04-08 13:49:17.894  1386  1386 I DeviceModeUtil: DeviceModeUtil.getDeviceMode():122 Get device mode phone by ui mode:1 and smallestScreenWidthDp:411
04-08 13:49:17.895  1386  1948 I PersonalDictionaryDataHandler: PersonalDictionaryDataHandler.beginProcess():111 LanguageTags = [en-US]
04-08 13:49:17.898  1386  1386 I GoogleInputMethodService: GoogleInputMethodService.onStartInputView():1995 onStartInputView(EditorInfo{inputType=0x20001(Normal) imeOptions=0x4c000005 privateImeOptions=null actionName=NEXT actionLabel=null actionId=0 initialSelStart=0 initialSelEnd=0 initialCapsMode=0x0 hintText=null label=null packageName=com.example.qr_dasher fieldId=2131230946 fieldName=null extras=Bundle[{android.support.text.emoji.emojiCompat_metadataVersion=9, android.support.text.emoji.emojiCompat_replaceAll=false}]}, false)
04-08 13:49:17.901  1386  1386 I GoogleInputMethodService: GoogleInputMethodService.updateDeviceLockedStatus():2087 repeatCheckTimes = 2, unlocked = true
04-08 13:49:17.903  1386  1386 W ModuleManager: ModuleManager.loadModule():450 Module erj is not available
04-08 13:49:17.907  1386  1634 I DeviceModeUtil: DeviceModeUtil.getDeviceMode():122 Get device mode phone by ui mode:1 and smallestScreenWidthDp:411
04-08 13:49:17.909  1386  1386 I KeyboardViewUtil: KeyboardViewUtil.getKeyboardHeightRatio():189 systemKeyboardHeightRatio:1.000000; userKeyboardHeightRatio:1.000000.
04-08 13:49:17.917  1386  1386 I AndroidIME: AbstractIme.onActivate():86 LatinIme.onActivate() : EditorInfo = inputType=0x20001(Normal) imeOptions=0x4c000005 privateImeOptions=null actionName=NEXT actionLabel=null actionId=0 initialSelStart=0 initialSelEnd=0 initialCapsMode=0x0 hintText=null label=null packageName=com.example.qr_dasher fieldId=2131230946 fieldName=null extras=Bundle[{android.support.text.emoji.emojiCompat_metadataVersion=9, android.support.text.emoji.emojiCompat_replaceAll=false}], IncognitoMode = false, DeviceLocked = false
04-08 13:49:17.922  1386  1386 I Delight5Facilitator: Delight5Facilitator.initializeForIme():777 initializeForIme() : Locale = [en_US], layout = qwerty
04-08 13:49:17.924  1386  1386 I VoiceInputManagerWrapper: VoiceInputManagerWrapper.cancelShutdown():55 cancelShutdown()
04-08 13:49:17.924  1386  1386 I VoiceInputManagerWrapper: VoiceInputManagerWrapper.syncLanguagePacks():67 syncLanguagePacks()
04-08 13:49:17.926  1386  1386 I LatinIme: LatinIme.updateEnableInlineSuggestionsOnDecoderSideFlags():1003 inline flag updated to:false
04-08 13:49:17.928  1386  3775 I SpeechFactory: SpeechRecognitionFactory.maybeScheduleAutoPackDownloadForFallback():205 maybeScheduleAutoPackDownloadForFallback()
04-08 13:49:17.929  1386  3775 I FallbackOnDeviceRecognitionProvider: FallbackOnDeviceRecognitionProvider.maybeScheduleAutoPackDownload():195 maybeScheduleAutoPackDownload() for language tag en-US
04-08 13:49:17.933  1386  1386 I KeyboardWrapper: KeyboardWrapper.consumeEvent():275 Skip consuming an event as current keyboard is deactivated (state=0, keyboard existence=true)
04-08 13:49:17.941  1386  1386 I KeyboardViewUtil: KeyboardViewUtil.calculateMaxKeyboardBodyHeight():40 leave 354 height for app when screen height:2274, header height:116 and isFullscreenMode:false, so the max keyboard body height is:1804
04-08 13:49:17.941  1386  1948 I ShortcutsDataManager: AbstractContentDataManager.importRecords():338 importRecords() : Success : Count = 0
04-08 13:49:17.942  1386  1386 I DeviceModeUtil: DeviceModeUtil.getDeviceMode():122 Get device mode phone by ui mode:1 and smallestScreenWidthDp:411
04-08 13:49:17.943  1386  1386 I GoogleInputMethodService: GoogleInputMethodService.setKeyboardViewShown():3483 setKeyboardViewShown() : type = HEADER, shownType = SHOW_OPTIONAL
04-08 13:49:17.944  1386  1386 I GoogleInputMethodService: GoogleInputMethodService.setKeyboardViewShown():3530 setKeyboardViewShown() : shouldShow = true
04-08 13:49:17.944  1386  1386 I GoogleInputMethodService: GoogleInputMethodService.setKeyboardViewShown():3483 setKeyboardViewShown() : type = BODY, shownType = SHOW_MANDATORY
04-08 13:49:17.945  1386  1386 I GoogleInputMethodService: GoogleInputMethodService.setKeyboardViewShown():3530 setKeyboardViewShown() : shouldShow = true
04-08 13:49:17.946  1386  1386 I GoogleInputMethodService: GoogleInputMethodService.setKeyboardViewShown():3483 setKeyboardViewShown() : type = FLOATING_CANDIDATES, shownType = HIDE
04-08 13:49:17.947  1386  1948 I ShortcutsDataManager: AbstractContentDataManager.importContentData():288 importContentData() : Ending import process
04-08 13:49:17.947  1386  2708 I Delight5Decoder: Delight5DecoderWrapper.unloadLanguageModel():857 unloadLanguageModel() : 4, version [n/a]
04-08 13:49:17.948  1386  1386 I GoogleInputMethodService: GoogleInputMethodService.setKeyboardViewShown():3530 setKeyboardViewShown() : shouldShow = false
04-08 13:49:17.950  1386  1386 I KeyboardViewUtil: KeyboardViewUtil.calculateMaxKeyboardBodyHeight():40 leave 354 height for app when screen height:2274, header height:116 and isFullscreenMode:false, so the max keyboard body height is:1804
04-08 13:49:17.952  1386  1386 I DeviceModeUtil: DeviceModeUtil.getDeviceMode():122 Get device mode phone by ui mode:1 and smallestScreenWidthDp:411
04-08 13:49:17.955  1386  1386 I DeviceModeUtil: DeviceModeUtil.getDeviceMode():122 Get device mode phone by ui mode:1 and smallestScreenWidthDp:411
04-08 13:49:17.956  1386  1386 I DeviceModeUtil: DeviceModeUtil.getDeviceMode():122 Get device mode phone by ui mode:1 and smallestScreenWidthDp:411
04-08 13:49:17.957  1386  1386 I KeyboardModeManager: KeyboardModeManager.setInputView():364 setInputView() : supportsOneHandedMode=true
04-08 13:49:17.957  1386  1386 I NormalModeController: NormalModeController.getKeyboardBodyViewHolderPaddingBottom():116 currentPrimeKeyboardType:SOFT systemPaddingBottom:-1
04-08 13:49:17.959  1386  1386 I AndroidIME: KeyboardViewManager.updateKeyboardBodyViewHolderPaddingBottom():604 Set finalPaddingBottom = 0 while keyboardBottomGapFromScreen = 0; navigationHeight = 126
04-08 13:49:17.959  1386  1386 I NormalModeController: NormalModeController.getKeyboardBodyViewHolderPaddingBottom():116 currentPrimeKeyboardType:SOFT systemPaddingBottom:-1
04-08 13:49:17.961  1386  1386 I AndroidIME: KeyboardViewManager.updateKeyboardBodyViewHolderPaddingBottom():604 Set finalPaddingBottom = 0 while keyboardBottomGapFromScreen = 0; navigationHeight = 126
04-08 13:49:17.961  1386  1386 I KeyboardModeManager: KeyboardModeManager.setInputView():356 setInputView() : entry=hwn{languageTag=en-US, variant=qwerty, hasLocalizedResources=true, conditionCacheKey=_device=phone_device_size=default_enable_adaptive_text_editing=true_enable_inline_suggestions_on_client_side=false_enable_large_tablet_batch_1=false_enable_large_tablet_batch_2=false_enable_more_candidates_view_for_multilingual=false_enable_nav_redesign=false_enable_number_row=false_enable_preemptive_decode=true_enable_secondary_symbols=false_expressions=normal_four_or_more_letter_rows=false_keyboard_mode=normal_language=en-US_orientation=portrait_physical_keyboard=qwerty_show_secondary_digits=true_show_suggestions=true_split_with_duplicate_keys=true_variant=qwerty, imeDef.stringId=ime_english_united_states, imeDef.className=com.google.android.apps.inputmethod.libs.latin5.LatinIme, imeDef.languageTag=en-US}
04-08 13:49:17.967  1386  1386 I VoiceImeExtension: VoiceImeExtension.shouldStartVoiceInputAutomatically():383 No private IME option set to start voice input.
04-08 13:49:17.977  1386  1948 I PersonalLanguageModelUpdater: PersonalLanguageModelUpdater$UpdateOperation.performInternal():162 run() : Added 0 words and 0 shortcuts
04-08 13:49:17.978  1386  1948 I DynamicLanguageModelOperation: DynamicLanguageModelOperation.perform():41 perform() : 4 : cje : Completed
04-08 13:49:17.980  1386  2708 I Delight5Decoder: Delight5DecoderWrapper.loadLanguageModel():649 loadLanguageModel() : 4, version [n/a]
04-08 13:49:17.983  9236  9236 D BoundBrokerSvc: onBind: Intent { act=com.google.android.gms.common.BIND_SHARED_PREFS pkg=com.google.android.gms }
04-08 13:49:17.984  9236  9236 D BoundBrokerSvc: Loading bound service for intent: Intent { act=com.google.android.gms.common.BIND_SHARED_PREFS pkg=com.google.android.gms }
04-08 13:49:17.997  1386  1734 E OpenGLRenderer: Unable to match the desired swap behavior.
04-08 13:49:18.004  9236  9236 D BoundBrokerSvc: onUnbind: Intent { act=com.google.android.gms.common.BIND_SHARED_PREFS pkg=com.google.android.gms }
04-08 13:49:18.012  1386  2708 I Delight5Decoder: Delight5DecoderWrapper.loadLanguageModel():690 Loaded dynamic LM 4.en
04-08 13:49:18.027  1386  1386 I DeviceModeUtil: DeviceModeUtil.getDeviceMode():122 Get device mode phone by ui mode:1 and smallestScreenWidthDp:411
04-08 13:49:18.029  1386  1386 I DeviceModeUtil: DeviceModeUtil.getDeviceMode():122 Get device mode phone by ui mode:1 and smallestScreenWidthDp:411
04-08 13:49:18.029 23535 23535 D InsetsController: show(ime(), fromIme=true)
04-08 13:49:18.030  1386  1386 I NormalModeController: NormalModeController.getKeyboardBodyViewHolderPaddingBottom():116 currentPrimeKeyboardType:SOFT systemPaddingBottom:-1
04-08 13:49:18.034  1386  2708 I Delight5Decoder: Delight5DecoderWrapper.setKeyboardLayout():457 setKeyboardLayout()
04-08 13:49:18.034  1386  1386 I ShortcutsDataManager: AbstractContentDataManager$ImportContentTask.onPostExecute():259 onPostExecute() : Result = [2,0]
04-08 13:49:18.034  1386  1386 I ShortcutsDataManager: ShortcutsDataManager.onImportFinished():80 onImportFinished() : Result = 2 : Count = 0
04-08 13:49:18.057 23535 23598 D EGL_emulation: app_time_stats: avg=44.69ms min=4.17ms max=339.38ms count=24
04-08 13:49:18.057  9236  9236 D BoundBrokerSvc: onBind: Intent { act=com.google.android.gms.common.BIND_SHARED_PREFS pkg=com.google.android.gms }
04-08 13:49:18.057  9236  9236 D BoundBrokerSvc: Loading bound service for intent: Intent { act=com.google.android.gms.common.BIND_SHARED_PREFS pkg=com.google.android.gms }
04-08 13:49:18.062  9236  9236 D BoundBrokerSvc: onUnbind: Intent { act=com.google.android.gms.common.BIND_SHARED_PREFS pkg=com.google.android.gms }
04-08 13:49:18.137  1386  1386 W TooltipLifecycleManager: TooltipLifecycleManager.dismissTooltips():159 Tooltip with id spell_check_add_to_dictionary not found in tooltipManager.
04-08 13:49:18.141   935 23645 D android.hardware.gnss-service.ranchu: GnssHwListener:consume:87 sz=64
04-08 13:49:18.145   935 23645 D android.hardware.gnss-service.ranchu: GnssHwListener:consume:87 sz=64
04-08 13:49:18.145   935 23645 D android.hardware.gnss-service.ranchu: Gnss:onGnssLocationCb:311
04-08 13:49:18.145   935 23645 D android.hardware.gnss-service.ranchu: Gnss:onGnssLocationCb:321
04-08 13:49:18.257 23535 23535 I ImeTracker: com.example.qr_dasher:d3c34526: onShown
04-08 13:49:18.389 23535 23535 D UiControllerImpl: Injecting string: "johndoe@example.com"
04-08 13:49:18.433  1386  1386 I GoogleInputMethodService: GoogleInputMethodService.setKeyboardViewShown():3483 setKeyboardViewShown() : type = HEADER, shownType = SHOW_MANDATORY_WITH_ANIMATION
04-08 13:49:18.433  1386  1386 I GoogleInputMethodService: GoogleInputMethodService.setKeyboardViewShown():3530 setKeyboardViewShown() : shouldShow = true
04-08 13:49:18.503  1386  1386 I GoogleInputMethodService: GoogleInputMethodService.setKeyboardViewShown():3483 setKeyboardViewShown() : type = HEADER, shownType = SHOW_MANDATORY_WITH_ANIMATION
04-08 13:49:18.503  1386  1386 I GoogleInputMethodService: GoogleInputMethodService.setKeyboardViewShown():3530 setKeyboardViewShown() : shouldShow = true
04-08 13:49:18.529  1386  1386 I GoogleInputMethodService: GoogleInputMethodService.setKeyboardViewShown():3483 setKeyboardViewShown() : type = HEADER, shownType = SHOW_MANDATORY_WITH_ANIMATION
04-08 13:49:18.529  1386  1386 I GoogleInputMethodService: GoogleInputMethodService.setKeyboardViewShown():3530 setKeyboardViewShown() : shouldShow = true
04-08 13:49:18.583  1386  1386 I GoogleInputMethodService: GoogleInputMethodService.setKeyboardViewShown():3483 setKeyboardViewShown() : type = HEADER, shownType = SHOW_MANDATORY_WITH_ANIMATION
04-08 13:49:18.583  1386  1386 I GoogleInputMethodService: GoogleInputMethodService.setKeyboardViewShown():3530 setKeyboardViewShown() : shouldShow = true
04-08 13:49:18.613  1386  1386 I GoogleInputMethodService: GoogleInputMethodService.setKeyboardViewShown():3483 setKeyboardViewShown() : type = HEADER, shownType = SHOW_MANDATORY_WITH_ANIMATION
04-08 13:49:18.614  1386  1386 I GoogleInputMethodService: GoogleInputMethodService.setKeyboardViewShown():3530 setKeyboardViewShown() : shouldShow = true
04-08 13:49:18.643  1386  1386 I GoogleInputMethodService: GoogleInputMethodService.setKeyboardViewShown():3483 setKeyboardViewShown() : type = HEADER, shownType = SHOW_MANDATORY_WITH_ANIMATION
04-08 13:49:18.644  1386  1386 I GoogleInputMethodService: GoogleInputMethodService.setKeyboardViewShown():3530 setKeyboardViewShown() : shouldShow = true
04-08 13:49:18.677   363  2905 D android.hardware.audio@7.1-impl.ranchu: threadLoop: entering standby, frames: 37200896
04-08 13:49:18.682  1386  1386 W InputContextProxyV4: InputContextProxyV4.applyClientDiffInternal():897 Ignore [FetchSuggestions] diff due to stale request: 1487<1488, inputStateId=1433, lastInputStateId=1432
04-08 13:49:18.686  1386  1386 I GoogleInputMethodService: GoogleInputMethodService.setKeyboardViewShown():3483 setKeyboardViewShown() : type = HEADER, shownType = SHOW_MANDATORY_WITH_ANIMATION
04-08 13:49:18.687  1386  1386 I GoogleInputMethodService: GoogleInputMethodService.setKeyboardViewShown():3530 setKeyboardViewShown() : shouldShow = true
04-08 13:49:19.060 23535 23598 D EGL_emulation: app_time_stats: avg=35.52ms min=13.13ms max=249.89ms count=28
04-08 13:49:19.121   818   886 D EGL_emulation: app_time_stats: avg=109.47ms min=10.31ms max=1879.65ms count=20
04-08 13:49:19.141   935 23645 D android.hardware.gnss-service.ranchu: GnssHwListener:consume:87 sz=64
04-08 13:49:19.144   935 23645 D android.hardware.gnss-service.ranchu: GnssHwListener:consume:87 sz=64
04-08 13:49:19.144   935 23645 D android.hardware.gnss-service.ranchu: Gnss:onGnssLocationCb:311
04-08 13:49:19.144   935 23645 D android.hardware.gnss-service.ranchu: Gnss:onGnssLocationCb:333
04-08 13:49:19.183  1386  1386 W TooltipLifecycleManager: TooltipLifecycleManager.dismissTooltips():159 Tooltip with id spell_check_add_to_dictionary not found in tooltipManager.
04-08 13:49:19.369   818   818 W WindowOnBackDispatcher: sendCancelIfRunning: isInProgress=falsecallback=android.view.ViewRootImpl$$ExternalSyntheticLambda17@f6c5f7c
04-08 13:49:19.375   586  1918 W InputManager-JNI: Input channel object 'f191cbd Toast (client)' was disposed without first being removed with the input manager!
04-08 13:49:19.388 23535 23535 I ViewInteraction: Performing 'close keyboard' action on view view.getId() is <2131230946/com.example.qr_dasher:id/email_edit>
04-08 13:49:19.389 23535 23535 D IdlingRegistry: Registering idling resources: [androidx.test.espresso.action.CloseKeyboardAction$CloseKeyboardIdlingResult@322508c]
04-08 13:49:19.391 23535 23535 I ImeTracker: com.example.qr_dasher:ff0beb49: onRequestHide at ORIGIN_CLIENT_HIDE_SOFT_INPUT reason HIDE_SOFT_INPUT
04-08 13:49:19.394  1386  1386 I GoogleInputMethodService: GoogleInputMethodService.onFinishInputView():2241
04-08 13:49:19.396  1386  1386 W TooltipLifecycleManager: TooltipLifecycleManager.dismissTooltips():159 Tooltip with id spell_check_add_to_dictionary not found in tooltipManager.
04-08 13:49:19.399  1386  1386 I InputBundle: InputBundle.consumeEvent():923 Skip consuming an event as keyboard status is 0
04-08 13:49:19.401  1386  1386 I KeyboardWrapper: KeyboardWrapper.consumeEvent():275 Skip consuming an event as current keyboard is deactivated (state=0, keyboard existence=true)
04-08 13:49:19.401  1386  1386 I VoiceInputManagerWrapper: VoiceInputManagerWrapper.shutdown():77 shutdown()
04-08 13:49:19.403  1386  1386 I AndroidIME: AbstractIme.onDeactivate():207 LatinIme.onDeactivate()
04-08 13:49:19.413 23535 23535 W WindowOnBackDispatcher: sendCancelIfRunning: isInProgress=falsecallback=ImeCallback=ImeOnBackInvokedCallback@98443099 Callback=android.window.IOnBackInvokedCallback$Stub$Proxy@26f23d5
04-08 13:49:19.421  1386  2148 E native  : E0000 00:00:1712605759.421277    2148 keyboard.cc:27] Cannot create a keyboard with 0 valid keys
04-08 13:49:19.439   818   886 E OpenGLRenderer: Unable to match the desired swap behavior.
04-08 13:49:19.491 23535 23535 W FrameTracker: Missed SF frame:PREDICTION_ERROR, 4580870, 0, CUJ=J<IME_INSETS_ANIMATION::0@0@com.example.qr_dasher>
04-08 13:49:19.492 23535 23535 W FrameTracker: Missed SF frame:PREDICTION_ERROR, 4580892, 0, CUJ=J<IME_INSETS_ANIMATION::0@0@com.example.qr_dasher>
04-08 13:49:19.492 23535 23535 W FrameTracker: Missed SF frame:PREDICTION_ERROR, 4580907, 0, CUJ=J<IME_INSETS_ANIMATION::0@0@com.example.qr_dasher>
04-08 13:49:19.492 23535 23535 W FrameTracker: Missed SF frame:PREDICTION_ERROR, 4580922, 0, CUJ=J<IME_INSETS_ANIMATION::0@0@com.example.qr_dasher>
04-08 13:49:19.493 23535 23535 W FrameTracker: Missed SF frame:PREDICTION_ERROR, 4580937, 0, CUJ=J<IME_INSETS_ANIMATION::0@0@com.example.qr_dasher>
04-08 13:49:19.493 23535 23535 W FrameTracker: Missed SF frame:PREDICTION_ERROR, 4580952, 0, CUJ=J<IME_INSETS_ANIMATION::0@0@com.example.qr_dasher>
04-08 13:49:19.494 23535 23535 W FrameTracker: Missed SF frame:PREDICTION_ERROR, 4580967, 0, CUJ=J<IME_INSETS_ANIMATION::0@0@com.example.qr_dasher>
04-08 13:49:19.494 23535 23535 W FrameTracker: Missed SF frame:PREDICTION_ERROR, 4580982, 0, CUJ=J<IME_INSETS_ANIMATION::0@0@com.example.qr_dasher>
04-08 13:49:19.494 23535 23535 W FrameTracker: Missed SF frame:PREDICTION_ERROR, 4580997, 0, CUJ=J<IME_INSETS_ANIMATION::0@0@com.example.qr_dasher>
04-08 13:49:19.495 23535 23535 W FrameTracker: Missed SF frame:PREDICTION_ERROR, 4581012, 0, CUJ=J<IME_INSETS_ANIMATION::0@0@com.example.qr_dasher>
04-08 13:49:19.495 23535 23535 W FrameTracker: Missed SF frame:PREDICTION_ERROR, 4581027, 0, CUJ=J<IME_INSETS_ANIMATION::0@0@com.example.qr_dasher>
04-08 13:49:19.496 23535 23535 W FrameTracker: Missed App frame:JANK_APP_DEADLINE_MISSED, 4581049, 0, CUJ=J<IME_INSETS_ANIMATION::0@0@com.example.qr_dasher>
04-08 13:49:19.497 23535 23655 V PerfettoTrigger: Triggering /system/bin/trigger_perfetto com.android.telemetry.interaction-jank-monitor-69
04-08 13:49:19.639 23535 23535 I ImeTracker: com.example.qr_dasher:c0e350e3: onRequestHide at ORIGIN_CLIENT_HIDE_SOFT_INPUT reason HIDE_SOFT_INPUT_BY_INSETS_API
04-08 13:49:19.641   586  1918 I ImeTracker: com.example.qr_dasher:c0e350e3: onCancelled at PHASE_SERVER_SHOULD_HIDE
04-08 13:49:19.645 23535 23535 I ImeTracker: com.example.qr_dasher:ff0beb49: onHidden
04-08 13:49:19.713 23535 23535 D IdlingRegistry: Unregistering idling resources: [androidx.test.espresso.action.CloseKeyboardAction$CloseKeyboardIdlingResult@322508c]
04-08 13:49:19.719 23535 23535 I ViewInteraction: Performing 'type text(User details)' action on view view.getId() is <2131230917/com.example.qr_dasher:id/details_edit>
04-08 13:49:19.726  1086  1086 D TaplEvents: TIS / TouchInteractionService.onInputEvent: MotionEvent { action=ACTION_DOWN, actionButton=0, id[0]=0, x[0]=695.0, y[0]=1608.5, toolType[0]=TOOL_TYPE_UNKNOWN, buttonState=BUTTON_PRIMARY, classification=NONE, metaState=0, flags=0x0, edgeFlags=0x0, pointerCount=1, historySize=0, eventTime=20028862, downTime=20028862, deviceId=-1, source=0x1002, displayId=0, eventId=-588859187 }
04-08 13:49:19.774  1086  1086 D TaplEvents: TIS / TouchInteractionService.onInputEvent: MotionEvent { action=ACTION_UP, actionButton=0, id[0]=0, x[0]=695.0, y[0]=1608.5, toolType[0]=TOOL_TYPE_UNKNOWN, buttonState=BUTTON_PRIMARY, classification=NONE, metaState=0, flags=0x0, edgeFlags=0x0, pointerCount=1, historySize=0, eventTime=20028909, downTime=20028862, deviceId=-1, source=0x1002, displayId=0, eventId=-828741304 }
04-08 13:49:19.784  1386  1386 I GoogleInputMethodService: GoogleInputMethodService.onFinishInput():3227
04-08 13:49:19.784 23535 23535 I ImeTracker: com.example.qr_dasher:cf51a436: onRequestShow at ORIGIN_CLIENT_SHOW_SOFT_INPUT reason SHOW_SOFT_INPUT
04-08 13:49:19.786 23535 23535 D InputMethodManager: showSoftInput() view=androidx.appcompat.widget.AppCompatEditText{e742237 VFED..CL. .F.P..ID 311,0-696,118 #7f0800c5 app:id/details_edit aid=1073741826} flags=0 reason=SHOW_SOFT_INPUT
04-08 13:49:19.791  1386  1386 I GoogleInputMethodService: GoogleInputMethodService.updateDeviceLockedStatus():2087 repeatCheckTimes = 0, unlocked = true
04-08 13:49:19.792  1386  1386 I GoogleInputMethodService: GoogleInputMethodService.onStartInput():1877 onStartInput(EditorInfo{inputType=0x20001(Normal) imeOptions=0x44000006 privateImeOptions=null actionName=DONE actionLabel=null actionId=0 initialSelStart=0 initialSelEnd=0 initialCapsMode=0x0 hintText=null label=null packageName=com.example.qr_dasher fieldId=2131230917 fieldName=null extras=Bundle[mParcelledData.dataSize=240]}, false)
04-08 13:49:19.793  1386  1386 I GoogleInputMethodService: GoogleInputMethodService.shouldHideHeaderOnInitialState():4008 ShouldHideHeaderOnInitialState = false
04-08 13:49:19.794  1386  1386 I GoogleInputMethodService: GoogleInputMethodService.updateDeviceLockedStatus():2087 repeatCheckTimes = 2, unlocked = true
04-08 13:49:19.796  1386  1386 I DeviceModeUtil: DeviceModeUtil.getDeviceMode():122 Get device mode phone by ui mode:1 and smallestScreenWidthDp:411
04-08 13:49:19.797  1386  1386 I GoogleInputMethodService: GoogleInputMethodService.onStartInputView():1995 onStartInputView(EditorInfo{inputType=0x20001(Normal) imeOptions=0x44000006 privateImeOptions=null actionName=DONE actionLabel=null actionId=0 initialSelStart=0 initialSelEnd=0 initialCapsMode=0x0 hintText=null label=null packageName=com.example.qr_dasher fieldId=2131230917 fieldName=null extras=Bundle[{android.support.text.emoji.emojiCompat_metadataVersion=9, android.support.text.emoji.emojiCompat_replaceAll=false}]}, false)
04-08 13:49:19.800  1386  1386 I GoogleInputMethodService: GoogleInputMethodService.updateDeviceLockedStatus():2087 repeatCheckTimes = 2, unlocked = true
04-08 13:49:19.801  1386  1386 W ModuleManager: ModuleManager.loadModule():450 Module erj is not available
04-08 13:49:19.803  1386  1386 I KeyboardViewUtil: KeyboardViewUtil.getKeyboardHeightRatio():189 systemKeyboardHeightRatio:1.000000; userKeyboardHeightRatio:1.000000.
04-08 13:49:19.804  1386  1386 I AndroidIME: AbstractIme.onActivate():86 LatinIme.onActivate() : EditorInfo = inputType=0x20001(Normal) imeOptions=0x44000006 privateImeOptions=null actionName=DONE actionLabel=null actionId=0 initialSelStart=0 initialSelEnd=0 initialCapsMode=0x0 hintText=null label=null packageName=com.example.qr_dasher fieldId=2131230917 fieldName=null extras=Bundle[{android.support.text.emoji.emojiCompat_metadataVersion=9, android.support.text.emoji.emojiCompat_replaceAll=false}], IncognitoMode = false, DeviceLocked = false
04-08 13:49:19.805  1386  1386 I Delight5Facilitator: Delight5Facilitator.initializeForIme():777 initializeForIme() : Locale = [en_US], layout = qwerty
04-08 13:49:19.807  1386  1386 I VoiceInputManagerWrapper: VoiceInputManagerWrapper.cancelShutdown():55 cancelShutdown()
04-08 13:49:19.808  1386  1386 I VoiceInputManagerWrapper: VoiceInputManagerWrapper.syncLanguagePacks():67 syncLanguagePacks()
04-08 13:49:19.809  1386  1386 I LatinIme: LatinIme.updateEnableInlineSuggestionsOnDecoderSideFlags():1003 inline flag updated to:false
04-08 13:49:19.810  1386  3775 I SpeechFactory: SpeechRecognitionFactory.maybeScheduleAutoPackDownloadForFallback():205 maybeScheduleAutoPackDownloadForFallback()
04-08 13:49:19.811  1386  3775 I FallbackOnDeviceRecognitionProvider: FallbackOnDeviceRecognitionProvider.maybeScheduleAutoPackDownload():195 maybeScheduleAutoPackDownload() for language tag en-US
04-08 13:49:19.814  1386  1386 I KeyboardWrapper: KeyboardWrapper.consumeEvent():275 Skip consuming an event as current keyboard is deactivated (state=0, keyboard existence=true)
04-08 13:49:19.816  1386  1634 I DeviceModeUtil: DeviceModeUtil.getDeviceMode():122 Get device mode phone by ui mode:1 and smallestScreenWidthDp:411
04-08 13:49:19.820  1386  1386 I KeyboardViewUtil: KeyboardViewUtil.calculateMaxKeyboardBodyHeight():40 leave 354 height for app when screen height:2274, header height:116 and isFullscreenMode:false, so the max keyboard body height is:1804
04-08 13:49:19.821  1386  1386 I DeviceModeUtil: DeviceModeUtil.getDeviceMode():122 Get device mode phone by ui mode:1 and smallestScreenWidthDp:411
04-08 13:49:19.822  1386  1386 I GoogleInputMethodService: GoogleInputMethodService.setKeyboardViewShown():3483 setKeyboardViewShown() : type = HEADER, shownType = SHOW_OPTIONAL
04-08 13:49:19.822  1386  1386 I GoogleInputMethodService: GoogleInputMethodService.setKeyboardViewShown():3530 setKeyboardViewShown() : shouldShow = true
04-08 13:49:19.822  1386  1386 I GoogleInputMethodService: GoogleInputMethodService.setKeyboardViewShown():3483 setKeyboardViewShown() : type = BODY, shownType = SHOW_MANDATORY
04-08 13:49:19.822  1386  1386 I GoogleInputMethodService: GoogleInputMethodService.setKeyboardViewShown():3530 setKeyboardViewShown() : shouldShow = true
04-08 13:49:19.823  1386  1386 I GoogleInputMethodService: GoogleInputMethodService.setKeyboardViewShown():3483 setKeyboardViewShown() : type = FLOATING_CANDIDATES, shownType = HIDE
04-08 13:49:19.823  1386  1386 I GoogleInputMethodService: GoogleInputMethodService.setKeyboardViewShown():3530 setKeyboardViewShown() : shouldShow = false
04-08 13:49:19.824  1386  1386 I KeyboardViewUtil: KeyboardViewUtil.calculateMaxKeyboardBodyHeight():40 leave 354 height for app when screen height:2274, header height:116 and isFullscreenMode:false, so the max keyboard body height is:1804
04-08 13:49:19.825  1386  1386 I DeviceModeUtil: DeviceModeUtil.getDeviceMode():122 Get device mode phone by ui mode:1 and smallestScreenWidthDp:411
04-08 13:49:19.827  1386  1386 I DeviceModeUtil: DeviceModeUtil.getDeviceMode():122 Get device mode phone by ui mode:1 and smallestScreenWidthDp:411
04-08 13:49:19.827  1386  1386 I DeviceModeUtil: DeviceModeUtil.getDeviceMode():122 Get device mode phone by ui mode:1 and smallestScreenWidthDp:411
04-08 13:49:19.828  1386  1386 I KeyboardModeManager: KeyboardModeManager.setInputView():364 setInputView() : supportsOneHandedMode=true
04-08 13:49:19.828  1386  1386 I NormalModeController: NormalModeController.getKeyboardBodyViewHolderPaddingBottom():116 currentPrimeKeyboardType:SOFT systemPaddingBottom:-1
04-08 13:49:19.829  1386  1386 I AndroidIME: KeyboardViewManager.updateKeyboardBodyViewHolderPaddingBottom():604 Set finalPaddingBottom = 0 while keyboardBottomGapFromScreen = 0; navigationHeight = 126
04-08 13:49:19.829  1386  1386 I NormalModeController: NormalModeController.getKeyboardBodyViewHolderPaddingBottom():116 currentPrimeKeyboardType:SOFT systemPaddingBottom:-1
04-08 13:49:19.831  1386  1386 I AndroidIME: KeyboardViewManager.updateKeyboardBodyViewHolderPaddingBottom():604 Set finalPaddingBottom = 0 while keyboardBottomGapFromScreen = 0; navigationHeight = 126
04-08 13:49:19.831  1386  1386 I KeyboardModeManager: KeyboardModeManager.setInputView():356 setInputView() : entry=hwn{languageTag=en-US, variant=qwerty, hasLocalizedResources=true, conditionCacheKey=_device=phone_device_size=default_enable_adaptive_text_editing=true_enable_inline_suggestions_on_client_side=false_enable_large_tablet_batch_1=false_enable_large_tablet_batch_2=false_enable_more_candidates_view_for_multilingual=false_enable_nav_redesign=false_enable_number_row=false_enable_preemptive_decode=true_enable_secondary_symbols=false_expressions=normal_four_or_more_letter_rows=false_keyboard_mode=normal_language=en-US_orientation=portrait_physical_keyboard=qwerty_show_secondary_digits=true_show_suggestions=true_split_with_duplicate_keys=true_variant=qwerty, imeDef.stringId=ime_english_united_states, imeDef.className=com.google.android.apps.inputmethod.libs.latin5.LatinIme, imeDef.languageTag=en-US}
04-08 13:49:19.834  1386  1386 I VoiceImeExtension: VoiceImeExtension.shouldStartVoiceInputAutomatically():383 No private IME option set to start voice input.
04-08 13:49:19.861  1386  1734 E OpenGLRenderer: Unable to match the desired swap behavior.
04-08 13:49:19.866  9236  9236 D BoundBrokerSvc: onBind: Intent { act=com.google.android.gms.common.BIND_SHARED_PREFS pkg=com.google.android.gms }
04-08 13:49:19.866  9236  9236 D BoundBrokerSvc: Loading bound service for intent: Intent { act=com.google.android.gms.common.BIND_SHARED_PREFS pkg=com.google.android.gms }
04-08 13:49:19.875  9236  9236 D BoundBrokerSvc: onUnbind: Intent { act=com.google.android.gms.common.BIND_SHARED_PREFS pkg=com.google.android.gms }
04-08 13:49:19.876   818   818 D StatusBarIconController: ignoring old pipeline callback because the new wifi icon is enabled
04-08 13:49:19.884  1386  1386 I DeviceModeUtil: DeviceModeUtil.getDeviceMode():122 Get device mode phone by ui mode:1 and smallestScreenWidthDp:411
04-08 13:49:19.884  1386  1386 I DeviceModeUtil: DeviceModeUtil.getDeviceMode():122 Get device mode phone by ui mode:1 and smallestScreenWidthDp:411
04-08 13:49:19.885 23535 23535 D InsetsController: show(ime(), fromIme=true)
04-08 13:49:19.887  1386  1386 I NormalModeController: NormalModeController.getKeyboardBodyViewHolderPaddingBottom():116 currentPrimeKeyboardType:SOFT systemPaddingBottom:-1
04-08 13:49:19.889  1386  2708 I Delight5Decoder: Delight5DecoderWrapper.setKeyboardLayout():457 setKeyboardLayout()
04-08 13:49:19.916  9236  9236 D BoundBrokerSvc: onBind: Intent { act=com.google.android.gms.common.BIND_SHARED_PREFS pkg=com.google.android.gms }
04-08 13:49:19.916  9236  9236 D BoundBrokerSvc: Loading bound service for intent: Intent { act=com.google.android.gms.common.BIND_SHARED_PREFS pkg=com.google.android.gms }
04-08 13:49:19.931  9236  9236 D BoundBrokerSvc: onUnbind: Intent { act=com.google.android.gms.common.BIND_SHARED_PREFS pkg=com.google.android.gms }
04-08 13:49:19.959 23535 23535 W FrameTracker: Missed SF frame:PREDICTION_ERROR, 4581677, 0, CUJ=J<IME_INSETS_ANIMATION::1@0@com.example.qr_dasher>
04-08 13:49:19.960 23535 23535 W FrameTracker: Missed SF frame:PREDICTION_ERROR, 4581699, 0, CUJ=J<IME_INSETS_ANIMATION::1@0@com.example.qr_dasher>
04-08 13:49:19.960 23535 23535 W FrameTracker: Missed SF frame:PREDICTION_ERROR, 4581742, 0, CUJ=J<IME_INSETS_ANIMATION::1@0@com.example.qr_dasher>
04-08 13:49:19.961 23535 23535 W FrameTracker: Missed SF frame:PREDICTION_ERROR, 4581757, 0, CUJ=J<IME_INSETS_ANIMATION::1@0@com.example.qr_dasher>
04-08 13:49:19.961 23535 23535 W FrameTracker: Missed SF frame:PREDICTION_ERROR, 4581779, 0, CUJ=J<IME_INSETS_ANIMATION::1@0@com.example.qr_dasher>
04-08 13:49:19.961 23535 23535 W FrameTracker: Missed SF frame:PREDICTION_ERROR, 4581801, 0, CUJ=J<IME_INSETS_ANIMATION::1@0@com.example.qr_dasher>
04-08 13:49:19.962 23535 23535 W FrameTracker: Missed SF frame:PREDICTION_ERROR, 4581823, 0, CUJ=J<IME_INSETS_ANIMATION::1@0@com.example.qr_dasher>
04-08 13:49:19.963 23535 23535 W FrameTracker: Missed SF frame:PREDICTION_ERROR, 4581845, 0, CUJ=J<IME_INSETS_ANIMATION::1@0@com.example.qr_dasher>
04-08 13:49:19.963 23535 23535 W FrameTracker: Missed SF frame:PREDICTION_ERROR, 4581867, 0, CUJ=J<IME_INSETS_ANIMATION::1@0@com.example.qr_dasher>
04-08 13:49:19.963 23535 23535 W FrameTracker: Missed SF frame:PREDICTION_ERROR, 4581889, 0, CUJ=J<IME_INSETS_ANIMATION::1@0@com.example.qr_dasher>
04-08 13:49:19.963 23535 23535 W FrameTracker: Missed SF frame:PREDICTION_ERROR, 4581911, 0, CUJ=J<IME_INSETS_ANIMATION::1@0@com.example.qr_dasher>
04-08 13:49:19.964 23535 23535 W FrameTracker: Missed SF frame:UNKNOWN: 80, 4581933, 0, CUJ=J<IME_INSETS_ANIMATION::1@0@com.example.qr_dasher>
04-08 13:49:19.964 23535 23655 V PerfettoTrigger: Not triggering com.android.telemetry.interaction-jank-monitor-69 - not enough time since last trigger
04-08 13:49:20.020  1386  1386 W TooltipLifecycleManager: TooltipLifecycleManager.dismissTooltips():159 Tooltip with id spell_check_add_to_dictionary not found in tooltipManager.
04-08 13:49:20.074 23535 23598 D EGL_emulation: app_time_stats: avg=34.00ms min=6.23ms max=165.36ms count=29
04-08 13:49:20.122 23535 23535 I ImeTracker: com.example.qr_dasher:cf51a436: onShown
04-08 13:49:20.142   935 23645 D android.hardware.gnss-service.ranchu: GnssHwListener:consume:87 sz=64
04-08 13:49:20.145   935 23645 D android.hardware.gnss-service.ranchu: GnssHwListener:consume:87 sz=64
04-08 13:49:20.145   935 23645 D android.hardware.gnss-service.ranchu: Gnss:onGnssLocationCb:311
04-08 13:49:20.145   935 23645 D android.hardware.gnss-service.ranchu: Gnss:onGnssLocationCb:333
04-08 13:49:20.251 23535 23535 D UiControllerImpl: Injecting string: "User details"
04-08 13:49:20.331  1386  1386 I GoogleInputMethodService: GoogleInputMethodService.setKeyboardViewShown():3483 setKeyboardViewShown() : type = HEADER, shownType = SHOW_MANDATORY_WITH_ANIMATION
04-08 13:49:20.332  1386  1386 I GoogleInputMethodService: GoogleInputMethodService.setKeyboardViewShown():3530 setKeyboardViewShown() : shouldShow = true
04-08 13:49:20.407  1386  1386 I GoogleInputMethodService: GoogleInputMethodService.setKeyboardViewShown():3483 setKeyboardViewShown() : type = HEADER, shownType = SHOW_MANDATORY_WITH_ANIMATION
04-08 13:49:20.407  1386  1386 I GoogleInputMethodService: GoogleInputMethodService.setKeyboardViewShown():3530 setKeyboardViewShown() : shouldShow = true
04-08 13:49:20.444  1386  1386 I GoogleInputMethodService: GoogleInputMethodService.setKeyboardViewShown():3483 setKeyboardViewShown() : type = HEADER, shownType = SHOW_MANDATORY_WITH_ANIMATION
04-08 13:49:20.445  1386  1386 I GoogleInputMethodService: GoogleInputMethodService.setKeyboardViewShown():3530 setKeyboardViewShown() : shouldShow = true
04-08 13:49:20.476  1386  1386 I GoogleInputMethodService: GoogleInputMethodService.setKeyboardViewShown():3483 setKeyboardViewShown() : type = HEADER, shownType = SHOW_MANDATORY_WITH_ANIMATION
04-08 13:49:20.477  1386  1386 I GoogleInputMethodService: GoogleInputMethodService.setKeyboardViewShown():3530 setKeyboardViewShown() : shouldShow = true
04-08 13:49:20.524  1386  1386 I GoogleInputMethodService: GoogleInputMethodService.setKeyboardViewShown():3483 setKeyboardViewShown() : type = HEADER, shownType = SHOW_MANDATORY_WITH_ANIMATION
04-08 13:49:20.528  1386  1386 I GoogleInputMethodService: GoogleInputMethodService.setKeyboardViewShown():3530 setKeyboardViewShown() : shouldShow = true
04-08 13:49:20.577  1386  1386 I GoogleInputMethodService: GoogleInputMethodService.setKeyboardViewShown():3483 setKeyboardViewShown() : type = HEADER, shownType = SHOW_MANDATORY_WITH_ANIMATION
04-08 13:49:20.578  1386  1386 I GoogleInputMethodService: GoogleInputMethodService.setKeyboardViewShown():3530 setKeyboardViewShown() : shouldShow = true
04-08 13:49:20.615 23535 23544 W ample.qr_dasher: Cleared Reference was only reachable from finalizer (only reported once)
04-08 13:49:20.629 23535 23544 I ample.qr_dasher: Background concurrent copying GC freed 173975(9470KB) AllocSpace objects, 48(2048KB) LOS objects, 49% free, 7398KB/14MB, paused 4.311ms,344us total 106.990ms
04-08 13:49:20.636  1386  1386 W InputContextProxyV4: InputContextProxyV4.applyClientDiffInternal():897 Ignore [FetchSuggestions] diff due to stale request: 1530<1532, inputStateId=1477, lastInputStateId=1478
04-08 13:49:20.655  1386  1386 I GoogleInputMethodService: GoogleInputMethodService.setKeyboardViewShown():3483 setKeyboardViewShown() : type = HEADER, shownType = SHOW_MANDATORY_WITH_ANIMATION
04-08 13:49:20.655  1386  1386 I GoogleInputMethodService: GoogleInputMethodService.setKeyboardViewShown():3530 setKeyboardViewShown() : shouldShow = true
04-08 13:49:20.686  1386  1386 I GoogleInputMethodService: GoogleInputMethodService.setKeyboardViewShown():3483 setKeyboardViewShown() : type = HEADER, shownType = SHOW_MANDATORY_WITH_ANIMATION
04-08 13:49:20.686  1386  1386 I GoogleInputMethodService: GoogleInputMethodService.setKeyboardViewShown():3530 setKeyboardViewShown() : shouldShow = true
04-08 13:49:20.717  1386  1386 I KeyboardViewController: KeyboardViewController.lambda$showSelfAndAncestors$6():609 current view doesn't has the priority com.google.android.libraries.inputmethod.accesspoint.widget.AccessPointsBar{56d9e28 I.E...... ......ID 0,0-850,116 #7f0b0018 app:id/0_resource_name_obfuscated} to show itself, DEFAULT
04-08 13:49:20.747  1386  1386 I GoogleInputMethodService: GoogleInputMethodService.setKeyboardViewShown():3483 setKeyboardViewShown() : type = HEADER, shownType = SHOW_MANDATORY_WITH_ANIMATION
04-08 13:49:20.748  1386  1386 I GoogleInputMethodService: GoogleInputMethodService.setKeyboardViewShown():3530 setKeyboardViewShown() : shouldShow = true
04-08 13:49:20.769  1386  1386 I GoogleInputMethodService: GoogleInputMethodService.setKeyboardViewShown():3483 setKeyboardViewShown() : type = HEADER, shownType = SHOW_MANDATORY_WITH_ANIMATION
04-08 13:49:20.771  1386  1386 I GoogleInputMethodService: GoogleInputMethodService.setKeyboardViewShown():3530 setKeyboardViewShown() : shouldShow = true
04-08 13:49:20.829  1386  1386 I GoogleInputMethodService: GoogleInputMethodService.setKeyboardViewShown():3483 setKeyboardViewShown() : type = HEADER, shownType = SHOW_MANDATORY_WITH_ANIMATION
04-08 13:49:20.829  1386  1386 I GoogleInputMethodService: GoogleInputMethodService.setKeyboardViewShown():3530 setKeyboardViewShown() : shouldShow = true
04-08 13:49:20.839 23535 23535 I ViewInteraction: Performing 'close keyboard' action on view view.getId() is <2131230917/com.example.qr_dasher:id/details_edit>
04-08 13:49:20.839 23535 23535 D IdlingRegistry: Registering idling resources: [androidx.test.espresso.action.CloseKeyboardAction$CloseKeyboardIdlingResult@6d740cb]
04-08 13:49:20.842 23535 23535 I ImeTracker: com.example.qr_dasher:74369ea: onRequestHide at ORIGIN_CLIENT_HIDE_SOFT_INPUT reason HIDE_SOFT_INPUT
04-08 13:49:20.847  1386  1386 I GoogleInputMethodService: GoogleInputMethodService.onFinishInputView():2241
04-08 13:49:20.848  1386  1386 W TooltipLifecycleManager: TooltipLifecycleManager.dismissTooltips():159 Tooltip with id spell_check_add_to_dictionary not found in tooltipManager.
04-08 13:49:20.857  1386  1386 I InputBundle: InputBundle.consumeEvent():923 Skip consuming an event as keyboard status is 0
04-08 13:49:20.857  1386  2708 I native  : I0000 00:00:1712605760.857884    2708 input-context-store.cc:178] Ignoring stale client request for OverrideDecodedCandidates
04-08 13:49:20.859  1386  1386 I KeyboardWrapper: KeyboardWrapper.consumeEvent():275 Skip consuming an event as current keyboard is deactivated (state=0, keyboard existence=true)
04-08 13:49:20.860  1386  1386 I VoiceInputManagerWrapper: VoiceInputManagerWrapper.shutdown():77 shutdown()
04-08 13:49:20.862  1386  1386 I AndroidIME: AbstractIme.onDeactivate():207 LatinIme.onDeactivate()
04-08 13:49:20.870  1386  2148 E native  : E0000 00:00:1712605760.865457    2148 keyboard.cc:27] Cannot create a keyboard with 0 valid keys
04-08 13:49:20.878 23535 23535 W WindowOnBackDispatcher: sendCancelIfRunning: isInProgress=falsecallback=ImeCallback=ImeOnBackInvokedCallback@98443099 Callback=android.window.IOnBackInvokedCallback$Stub$Proxy@3e90b66
04-08 13:49:20.889  1386  1386 W InputContextProxyV4: InputContextProxyV4.applyClientDiffInternal():897 Ignore [FetchSuggestions] diff due to stale request: 1542<1543, inputStateId=0, lastInputStateId=1490
04-08 13:49:21.076 23535 23535 I ImeTracker: com.example.qr_dasher:2c0f4ba4: onRequestHide at ORIGIN_CLIENT_HIDE_SOFT_INPUT reason HIDE_SOFT_INPUT_BY_INSETS_API
04-08 13:49:21.077 23535 23598 D EGL_emulation: app_time_stats: avg=32.56ms min=9.09ms max=166.72ms count=30
04-08 13:49:21.079   586  1669 I ImeTracker: com.example.qr_dasher:2c0f4ba4: onCancelled at PHASE_SERVER_SHOULD_HIDE
04-08 13:49:21.080 23535 23535 I ImeTracker: com.example.qr_dasher:74369ea: onHidden
04-08 13:49:21.142   935 23645 D android.hardware.gnss-service.ranchu: GnssHwListener:consume:87 sz=64
04-08 13:49:21.146   935 23645 D android.hardware.gnss-service.ranchu: GnssHwListener:consume:87 sz=64
04-08 13:49:21.146   935 23645 D android.hardware.gnss-service.ranchu: Gnss:onGnssLocationCb:311
04-08 13:49:21.146   935 23645 D android.hardware.gnss-service.ranchu: Gnss:onGnssLocationCb:333
04-08 13:49:21.182 23535 23535 D IdlingRegistry: Unregistering idling resources: [androidx.test.espresso.action.CloseKeyboardAction$CloseKeyboardIdlingResult@6d740cb]
04-08 13:49:21.188 23535 23535 I ViewInteraction: Performing 'single click' action on view view.getId() is <2131231336/com.example.qr_dasher:id/upload_button>
04-08 13:49:21.191  1086  1086 D TaplEvents: TIS / TouchInteractionService.onInputEvent: MotionEvent { action=ACTION_DOWN, actionButton=0, id[0]=0, x[0]=539.5, y[0]=1856.5, toolType[0]=TOOL_TYPE_UNKNOWN, buttonState=BUTTON_PRIMARY, classification=NONE, metaState=0, flags=0x0, edgeFlags=0x0, pointerCount=1, historySize=0, eventTime=20030326, downTime=20030326, deviceId=-1, source=0x1002, displayId=0, eventId=-187598483 }
04-08 13:49:21.233  1086  1086 D TaplEvents: TIS / TouchInteractionService.onInputEvent: MotionEvent { action=ACTION_UP, actionButton=0, id[0]=0, x[0]=539.5, y[0]=1856.5, toolType[0]=TOOL_TYPE_UNKNOWN, buttonState=BUTTON_PRIMARY, classification=NONE, metaState=0, flags=0x0, edgeFlags=0x0, pointerCount=1, historySize=0, eventTime=20030369, downTime=20030326, deviceId=-1, source=0x1002, displayId=0, eventId=-172358378 }
04-08 13:49:21.237   409   662 D audioserver: FGS Logger Transaction failed
04-08 13:49:21.237   409   662 D audioserver: -129
04-08 13:49:21.264 23535 23535 D LifecycleMonitor: Lifecycle status change: com.example.qr_dasher.EditProfile@85ca9c0 in: PAUSED
04-08 13:49:21.269   416   416 I BpBinder: onLastStrongRef automatically unlinking death recipients:
04-08 13:49:21.284 23535 23535 D LifecycleMonitor: Lifecycle status change: com.example.qr_dasher.Attendee@10d40a4 in: RESTARTED
04-08 13:49:21.294 23535 23535 D LifecycleMonitor: Lifecycle status change: com.example.qr_dasher.Attendee@10d40a4 in: STARTED
04-08 13:49:21.298 23535 23535 D LifecycleMonitor: Lifecycle status change: com.example.qr_dasher.Attendee@10d40a4 in: RESUMED
04-08 13:49:21.344 23535 23598 E OpenGLRenderer: Unable to match the desired swap behavior.
04-08 13:49:21.404   409   531 D audioserver: FGS Logger Transaction failed
04-08 13:49:21.405   409   531 D audioserver: -129
04-08 13:49:21.507   586   960 I ImeTracker: com.example.qr_dasher:d88d2e2: onRequestHide at ORIGIN_SERVER_HIDE_INPUT reason HIDE_UNSPECIFIED_WINDOW
04-08 13:49:21.507   586   960 I ImeTracker: com.example.qr_dasher:d88d2e2: onCancelled at PHASE_SERVER_SHOULD_HIDE
04-08 13:49:21.512  1386  1386 I GoogleInputMethodService: GoogleInputMethodService.onFinishInput():3227
04-08 13:49:21.516  1386  1386 I GoogleInputMethodService: GoogleInputMethodService.updateDeviceLockedStatus():2087 repeatCheckTimes = 0, unlocked = true
04-08 13:49:21.522  1386  1386 I GoogleInputMethodService: GoogleInputMethodService.onStartInput():1877 onStartInput(EditorInfo{inputType=0x0(NULL) imeOptions=0x0 privateImeOptions=null actionName=UNSPECIFIED actionLabel=null actionId=0 initialSelStart=-1 initialSelEnd=-1 initialCapsMode=0x0 hintText=null label=null packageName=com.example.qr_dasher fieldId=0 fieldName=null extras=null}, false)
04-08 13:49:21.525  1386  1386 I GoogleInputMethodService: GoogleInputMethodService.shouldHideHeaderOnInitialState():4008 ShouldHideHeaderOnInitialState = false
04-08 13:49:21.528  1386  1386 I GoogleInputMethodService: GoogleInputMethodService.updateDeviceLockedStatus():2087 repeatCheckTimes = 2, unlocked = true
04-08 13:49:21.570  2753 23368 W NetworkScheduler: Error inserting flex_time=1000 job_id=-1 period=4000 source=16 requires_charging=0 preferred_network_type=1 target_class=com.google.android.gms.measurement.PackageMeasurementTaskService user_id=0 target_package=com.google.android.gms tag=Measurement.PackageMeasurementTaskService.UPLOAD_TASK_TAG task_type=0 required_idleness_state=0 service_kind=0 source_version=231818000 persistence_level=1 preferred_charging_state=1 required_network_type=0 runtime=1712605761550 retry_strategy={"maximum_backoff_seconds":{"3600":0},"initial_backoff_seconds":{"30":0},"retry_policy":{"0":0}} last_runtime=0 [CONTEXT service_id=218 ]
04-08 13:49:21.570  2753 23368 W NetworkScheduler: android.database.sqlite.SQLiteConstraintException: UNIQUE constraint failed: pending_ops.tag, pending_ops.target_class, pending_ops.target_package, pending_ops.user_id (code 2067 SQLITE_CONSTRAINT_UNIQUE)
04-08 13:49:21.570  2753 23368 W NetworkScheduler: 	at android.database.sqlite.SQLiteConnection.nativeExecuteForLastInsertedRowId(Native Method)
04-08 13:49:21.570  2753 23368 W NetworkScheduler: 	at android.database.sqlite.SQLiteConnection.executeForLastInsertedRowId(SQLiteConnection.java:961)
04-08 13:49:21.570  2753 23368 W NetworkScheduler: 	at android.database.sqlite.SQLiteSession.executeForLastInsertedRowId(SQLiteSession.java:790)
04-08 13:49:21.570  2753 23368 W NetworkScheduler: 	at android.database.sqlite.SQLiteStatement.executeInsert(SQLiteStatement.java:89)
04-08 13:49:21.570  2753 23368 W NetworkScheduler: 	at android.database.sqlite.SQLiteDatabase.insertWithOnConflict(SQLiteDatabase.java:1870)
04-08 13:49:21.570  2753 23368 W NetworkScheduler: 	at android.database.sqlite.SQLiteDatabase.insertOrThrow(SQLiteDatabase.java:1765)
