04-08 13:49:11.674 23535 23578 I TestRunner: started: GuestToUserSwitch(com.example.qr_dasher.profileIntentTests)
04-08 13:49:11.693 23535 23574 I FA      : App measurement initialized, version: 84002
04-08 13:49:11.694 23535 23574 I FA      : To enable debug logging run: adb shell setprop log.tag.FA VERBOSE
04-08 13:49:11.695 23535 23578 I UiAutomation: Initialized for user 0 on display 0
04-08 13:49:11.696 23535 23574 I FA      : To enable faster debug mode event logging run:
04-08 13:49:11.696 23535 23574 I FA      :   adb shell setprop debug.firebase.analytics.app com.example.qr_dasher
04-08 13:49:11.710  1619  3538 I AiAiEcho: Settings changed for uri: content://settings/secure/accessibility_enabled
04-08 13:49:11.712  1619  1822 I AiAiEcho: Predicting[0]:
04-08 13:49:11.713  1619  1822 I AiAiEcho: EchoTargets:
04-08 13:49:11.713  1619  1822 I AiAiEcho: Filtered by AiAi flag check:
04-08 13:49:11.714  1619  1822 I AiAiEcho: Ranked targets strategy: SORT, count: 0, ranking metadata:
04-08 13:49:11.716  1619  1822 I AiAiEcho: Predicting[0]:
04-08 13:49:11.716  1619  1822 I AiAiEcho: EchoTargets:
04-08 13:49:11.716  1619  1822 I AiAiEcho: Filtered by AiAi flag check:
04-08 13:49:11.716  1619  1822 I AiAiEcho: Ranked targets strategy: SORT, count: 0, ranking metadata:
04-08 13:49:11.718  1619  1822 I AiAiEcho: Predicting[0]:
04-08 13:49:11.718  1619  1822 I AiAiEcho: EchoTargets:
04-08 13:49:11.718  1619  1822 I AiAiEcho: Filtered by AiAi flag check:
04-08 13:49:11.718  1619  1822 I AiAiEcho: Ranked targets strategy: SORT, count: 0, ranking metadata:
04-08 13:49:11.721  1619  1822 I AiAiEcho: #postPredictionTargets: Sending updates to UISurface media_data_manager with targets# 0 (types=[])
04-08 13:49:11.724  1619  1822 I AiAiEcho: #postPredictionTargets: Sending updates to UISurface home with targets# 0 (types=[])
04-08 13:49:11.728 23535 23582 V UiAutomation: Init UiAutomation@255fdc6[id=8, displayId=0, flags=0]
04-08 13:49:11.729  7180  7212 I A       : NGA disabled due to not being eligible.
04-08 13:49:11.744 23535 23578 I UiAutomationShellCmd: Requesting permission: pm grant com.example.qr_dasher android.permission.ACCESS_COARSE_LOCATION
04-08 13:49:11.745 23535 23578 W UiAutomation: UiAutomation.grantRuntimePermission() is more robust and should be used instead of 'pm grant'
04-08 13:49:11.774  1619  1822 I AiAiEcho: #postPredictionTargets: Sending updates to UISurface lockscreen with targets# 0 (types=[])
04-08 13:49:11.786 23535 23578 I UiAutomationShellCmd: Requesting permission: pm grant com.example.qr_dasher android.permission.ACCESS_FINE_LOCATION
04-08 13:49:11.786 23535 23578 W UiAutomation: UiAutomation.grantRuntimePermission() is more robust and should be used instead of 'pm grant'
04-08 13:49:11.819   802   802 I wpa_supplicant: wlan0: CTRL-EVENT-BEACON-LOSS
04-08 13:49:11.821   818   818 D SsMediaDataProvider: Forwarding Smartspace updates []
04-08 13:49:11.831   818   818 W PageIndicator: Total number of pages invalid: 0. Assuming 1 page.
04-08 13:49:11.851 23535 23578 W Settings: Setting always_finish_activities has moved from android.provider.Settings.System to android.provider.Settings.Global, returning read-only value.
04-08 13:49:11.882   818   872 D SplashScreenView: Build android.window.SplashScreenView{922b6d1 V.E...... ......ID 0,0-0,0}
04-08 13:49:11.882   818   872 D SplashScreenView: Icon: view: null drawable: null size: 0
04-08 13:49:11.882   818   872 D SplashScreenView: Branding: view: android.view.View{e21b536 G.ED..... ......I. 0,0-0,0 #10204ef android:id/splashscreen_branding_view} drawable: null size w: 0 h: 0
04-08 13:49:11.903   416   416 I BpBinder: onLastStrongRef automatically unlinking death recipients:
04-08 13:49:11.909  9236  9236 D BoundBrokerSvc: onBind: Intent { act=com.google.android.gms.measurement.START pkg=com.google.android.gms }
04-08 13:49:11.909  9236  9236 D BoundBrokerSvc: Loading bound service for intent: Intent { act=com.google.android.gms.measurement.START pkg=com.google.android.gms }
04-08 13:49:11.928  1086  1924 D EGL_emulation: app_time_stats: avg=108.29ms min=8.17ms max=2116.05ms count=24
04-08 13:49:11.954   818   886 E OpenGLRenderer: Unable to match the desired swap behavior.
04-08 13:49:11.969 23535 23600 D libEGL  : loaded /vendor/lib64/egl/libEGL_emulation.so
04-08 13:49:11.986 23535 23600 D libEGL  : loaded /vendor/lib64/egl/libGLESv1_CM_emulation.so
04-08 13:49:11.991 23535 23600 D libEGL  : loaded /vendor/lib64/egl/libGLESv2_emulation.so
04-08 13:49:12.009  1690  1690 I GsaVoiceInteractionSrv: Handling ACTION_STOP_HOTWORD
04-08 13:49:12.010  1690  2185 E HwDetectorWithState: a: 3
04-08 13:49:12.061 23535 23574 I FA      : Tag Manager is not found and thus will not be used
04-08 13:49:12.121 23535 23535 D AppCompatDelegate: Checking for metadata for AppLocalesMetadataHolderService : Service not found
04-08 13:49:12.138 23535 23535 D LifecycleMonitor: Lifecycle status change: com.example.qr_dasher.HomePage@c1dc974 in: PRE_ON_CREATE
04-08 13:49:12.140 23535 23535 V ActivityScenario: Activity lifecycle changed event received but ignored because the reported transition was not ON_CREATE while the last known transition was PRE_ON_CREATE
04-08 13:49:12.242 23535 23535 W ample.qr_dasher: Accessing hidden method Landroid/view/View;->computeFitSystemWindows(Landroid/graphics/Rect;Landroid/graphics/Rect;)Z (unsupported, reflection, allowed)
04-08 13:49:12.243 23535 23535 W ample.qr_dasher: Accessing hidden method Landroid/view/ViewGroup;->makeOptionalFitsSystemWindows()V (unsupported, reflection, allowed)
04-08 13:49:12.259 23535 23535 D CompatibilityChangeReporter: Compat change id reported: 210923482; UID 10204; state: ENABLED
04-08 13:49:12.363   818   886 D EGL_emulation: app_time_stats: avg=12338.24ms min=12338.24ms max=12338.24ms count=1
04-08 13:49:12.370   818   886 D EGL_emulation: app_time_stats: avg=1946.62ms min=10.01ms max=22831.48ms count=12
04-08 13:49:12.698 23535 23609 W DynamiteModule: Local module descriptor class for com.google.android.gms.providerinstaller.dynamite not found.
04-08 13:49:12.707  2753  2942 W ProviderHelper: Unknown dynamite feature providerinstaller.dynamite
04-08 13:49:12.712 23535 23609 I DynamiteModule: Considering local module com.google.android.gms.providerinstaller.dynamite:0 and remote module com.google.android.gms.providerinstaller.dynamite:0
04-08 13:49:12.713 23535 23609 W ProviderInstaller: Failed to load providerinstaller module: No acceptable module com.google.android.gms.providerinstaller.dynamite found. Local version is 0 and remote version is 0.
04-08 13:49:12.744 23535 23609 D nativeloader: Configuring clns-10 for other apk /system/framework/com.android.media.remotedisplay.jar. target_sdk_version=33, uses_libraries=ALL, library_path=/product/priv-app/PrebuiltGmsCore/lib/x86_64:/product/priv-app/PrebuiltGmsCore/PrebuiltGmsCore.apk!/lib/x86_64, permitted_path=/data:/mnt/expand:/data/user/0/com.google.android.gms
04-08 13:49:12.748 23535 23535 D LifecycleMonitor: Lifecycle status change: com.example.qr_dasher.HomePage@c1dc974 in: CREATED
04-08 13:49:12.748 23535 23535 V ActivityScenario: Update currentActivityStage to CREATED, currentActivity=com.example.qr_dasher.HomePage@c1dc974
04-08 13:49:12.778 23535 23535 D LifecycleMonitor: Lifecycle status change: com.example.qr_dasher.HomePage@c1dc974 in: STARTED
04-08 13:49:12.779 23535 23535 V ActivityScenario: Update currentActivityStage to STARTED, currentActivity=com.example.qr_dasher.HomePage@c1dc974
04-08 13:49:12.783 23535 23609 D nativeloader: Configuring clns-11 for other apk /system/framework/com.android.location.provider.jar. target_sdk_version=33, uses_libraries=ALL, library_path=/product/priv-app/PrebuiltGmsCore/lib/x86_64:/product/priv-app/PrebuiltGmsCore/PrebuiltGmsCore.apk!/lib/x86_64, permitted_path=/data:/mnt/expand:/data/user/0/com.google.android.gms
04-08 13:49:12.794 23535 23609 D ApplicationLoaders: Returning zygote-cached class loader: /system_ext/framework/androidx.window.extensions.jar
04-08 13:49:12.794 23535 23609 D ApplicationLoaders: Returning zygote-cached class loader: /system_ext/framework/androidx.window.sidecar.jar
04-08 13:49:12.803 23535 23535 D LifecycleMonitor: Lifecycle status change: com.example.qr_dasher.HomePage@c1dc974 in: RESUMED
04-08 13:49:12.804 23535 23535 V ActivityScenario: Update currentActivityStage to RESUMED, currentActivity=com.example.qr_dasher.HomePage@c1dc974
04-08 13:49:12.806 23535 23609 D nativeloader: InitLlndkLibrariesProduct: libEGL.so:libGLESv1_CM.so:libGLESv2.so:libGLESv3.so:libRS.so:libandroid_net.so:libbinder_ndk.so:libc.so:libcgrouprc.so:libclang_rt.asan-x86_64-android.so:libcom.android.tethering.connectivity_native.so:libdl.so:libft2.so:liblog.so:libm.so:libmediandk.so:libnativewindow.so:libneuralnetworks.so:libselinux.so:libsync.so:libvndksupport.so:libvulkan.so
04-08 13:49:12.817 23535 23535 D CompatibilityChangeReporter: Compat change id reported: 237531167; UID 10204; state: DISABLED
04-08 13:49:12.819 23535 23609 D nativeloader: Configuring product-clns-12 for unbundled product apk /product/priv-app/PrebuiltGmsCore/PrebuiltGmsCore.apk. target_sdk_version=33, uses_libraries=, library_path=/product/priv-app/PrebuiltGmsCore/lib/x86_64:/product/priv-app/PrebuiltGmsCore/PrebuiltGmsCore.apk!/lib/x86_64:/product/lib64:/system/product/lib64, permitted_path=/data:/mnt/expand:/data/user/0/com.google.android.gms:/product/lib64:/system/product/lib64
04-08 13:49:12.822 23535 23535 W OpenGLRenderer: Unknown dataspace 0
04-08 13:49:12.824 23535 23609 D nativeloader: InitVndkspLibrariesProduct: android.hardware.common-V2-ndk.so:android.hardware.common.fmq-V1-ndk.so:android.hardware.graphics.allocator-V2-ndk.so:android.hardware.graphics.common-V4-ndk.so:android.hardware.graphics.common@1.0.so:android.hardware.graphics.common@1.1.so:android.hardware.graphics.common@1.2.so:android.hardware.graphics.composer3-V1-ndk.so:android.hardware.graphics.mapper@2.0.so:android.hardware.graphics.mapper@2.1.so:android.hardware.graphics.mapper@3.0.so:android.hardware.graphics.mapper@4.0.so:android.hardware.renderscript@1.0.so:android.hidl.memory.token@1.0.so:android.hidl.memory@1.0-impl.so:android.hidl.memory@1.0.so:android.hidl.safe_union@1.0.so:libRSCpuRef.so:libRSDriver.so:libRS_internal.so:libbase.so:libbcinfo.so:libblas.so:libc++.so:libcompiler_rt.so:libcutils.so:libdmabufheap.so:libgralloctypes.so:libhardware.so:libhidlbase.so:libhidlmemory.so:libion.so:libjsoncpp.so:liblzma.so:libprocessgroup.so:libunwindstack.so:libutils.so:libutilscallstack.so:libz.so
04-08 13:49:12.886 23535 23609 V NativeCrypto: Registering com/google/android/gms/org/conscrypt/NativeCrypto's 295 native methods...
04-08 13:49:12.929 23535 23609 W ample.qr_dasher: Accessing hidden method Ljava/security/spec/ECParameterSpec;->getCurveName()Ljava/lang/String; (unsupported, reflection, allowed)
04-08 13:49:12.948   416   435 W ServiceManagerCppClient: Permission failure: android.permission.ROTATE_SURFACE_FLINGER from uid=10204 pid=0
04-08 13:49:12.948   416   435 D PermissionCache: checking android.permission.ROTATE_SURFACE_FLINGER for uid=10204 => denied (574 us)
04-08 13:49:12.949   416   435 W ServiceManagerCppClient: Permission failure: android.permission.INTERNAL_SYSTEM_WINDOW from uid=10204 pid=0
04-08 13:49:12.949   416   435 D PermissionCache: checking android.permission.INTERNAL_SYSTEM_WINDOW for uid=10204 => denied (561 us)
04-08 13:49:12.949   416   435 W ServiceManagerCppClient: Permission failure: android.permission.ACCESS_SURFACE_FLINGER from uid=10204 pid=0
04-08 13:49:12.950   416   435 D PermissionCache: checking android.permission.ACCESS_SURFACE_FLINGER for uid=10204 => denied (639 us)
04-08 13:49:12.950   416   434 W ServiceManagerCppClient: Permission failure: android.permission.ACCESS_SURFACE_FLINGER from uid=10204 pid=23535
04-08 13:49:12.950   416   434 D PermissionCache: checking android.permission.ACCESS_SURFACE_FLINGER for uid=10204 => denied (676 us)
04-08 13:49:12.956 23535 23535 D AutofillManager: notifyViewEnteredForFillDialog:1073741824
04-08 13:49:12.958 23535 23535 D AutofillManager: notifyViewEnteredForFillDialog:1073741825
04-08 13:49:12.960 23535 23535 D AutofillManager: notifyViewEnteredForFillDialog:1073741826
04-08 13:49:12.961 23535 23535 D AutofillManager: notifyViewEnteredForFillDialog:1073741827
04-08 13:49:12.992 23535 23598 W OpenGLRenderer: Failed to choose config with EGL_SWAP_BEHAVIOR_PRESERVED, retrying without...
04-08 13:49:12.995 23535 23598 W OpenGLRenderer: Failed to initialize 101010-2 format, error = EGL_SUCCESS
04-08 13:49:13.054   586   660 D ConnectivityService: requestNetwork for uid/pid:10204/23535 activeRequest: null callbackRequest: 534 [NetworkRequest [ REQUEST id=535, [ Capabilities: INTERNET&NOT_RESTRICTED&TRUSTED&NOT_VCN_MANAGED Uid: 10204 RequestorUid: 10204 RequestorPkg: com.example.qr_dasher UnderlyingNetworks: Null] ]] callback flags: 0 order: 2147483647
04-08 13:49:13.058 23535 23609 I ProviderInstaller: Installed default security provider GmsCore_OpenSSL
04-08 13:49:13.060   586   730 D WifiNetworkFactory: got request NetworkRequest [ REQUEST id=535, [ Capabilities: INTERNET&NOT_RESTRICTED&TRUSTED&NOT_VCN_MANAGED Uid: 10204 RequestorUid: 10204 RequestorPkg: com.example.qr_dasher UnderlyingNetworks: Null] ]
04-08 13:49:13.062   158   158 I hwservicemanager: getTransport: Cannot find entry android.hardware.graphics.mapper@4.0::IMapper/default in either framework or device VINTF manifest.
04-08 13:49:13.063 23535 23598 I Gralloc4: mapper 4.x is not supported
04-08 13:49:13.063   586   730 D UntrustedWifiNetworkFactory: got request NetworkRequest [ REQUEST id=535, [ Capabilities: INTERNET&NOT_RESTRICTED&TRUSTED&NOT_VCN_MANAGED Uid: 10204 RequestorUid: 10204 RequestorPkg: com.example.qr_dasher UnderlyingNetworks: Null] ]
04-08 13:49:13.065   586   737 D ConnectivityService: NetReassign [535 : null → 102] [c 0] [a 1] [i 7]
04-08 13:49:13.066   586   730 D OemPaidWifiNetworkFactory: got request NetworkRequest [ REQUEST id=535, [ Capabilities: INTERNET&NOT_RESTRICTED&TRUSTED&NOT_VCN_MANAGED Uid: 10204 RequestorUid: 10204 RequestorPkg: com.example.qr_dasher UnderlyingNetworks: Null] ]
04-08 13:49:13.067   586   730 D MultiInternetWifiNetworkFactory: got request NetworkRequest [ REQUEST id=535, [ Capabilities: INTERNET&NOT_RESTRICTED&TRUSTED&NOT_VCN_MANAGED Uid: 10204 RequestorUid: 10204 RequestorPkg: com.example.qr_dasher UnderlyingNetworks: Null] ]
04-08 13:49:13.093 23535 23598 E OpenGLRenderer: Unable to match the desired swap behavior.
04-08 13:49:13.170   818   818 D StatusBarIconController: ignoring old pipeline callbacks, because the new mobile icons are enabled
04-08 13:49:13.296   586   660 W ServiceManagerCppClient: Permission failure: android.permission.ROTATE_SURFACE_FLINGER from uid=10204 pid=0
04-08 13:49:13.296   586   660 D PermissionCache: checking android.permission.ROTATE_SURFACE_FLINGER for uid=10204 => denied (316 us)
04-08 13:49:13.296   586   660 W ServiceManagerCppClient: Permission failure: android.permission.INTERNAL_SYSTEM_WINDOW from uid=10204 pid=0
04-08 13:49:13.296   586   660 D PermissionCache: checking android.permission.INTERNAL_SYSTEM_WINDOW for uid=10204 => denied (279 us)
04-08 13:49:13.297   586   660 W ServiceManagerCppClient: Permission failure: android.permission.ACCESS_SURFACE_FLINGER from uid=10204 pid=0
04-08 13:49:13.297   586   660 D PermissionCache: checking android.permission.ACCESS_SURFACE_FLINGER for uid=10204 => denied (330 us)
04-08 13:49:13.308   586   612 W ziparchive: Unable to open '/data/app/~~xE4jfAQjFQ5jHgD4ax_h3Q==/com.example.qr_dasher-Q3L-AZMkXvKQhk_Xk7ABzg==/base.dm': No such file or directory
04-08 13:49:13.310   586   612 I ActivityTaskManager: Displayed com.example.qr_dasher/.HomePage for user 0: +1s441ms
04-08 13:49:13.337   586  2543 D ConnectivityService: requestNetwork for uid/pid:10204/23535 activeRequest: null callbackRequest: 536 [NetworkRequest [ REQUEST id=537, [ Capabilities: INTERNET&NOT_RESTRICTED&TRUSTED&NOT_VCN_MANAGED Uid: 10204 RequestorUid: 10204 RequestorPkg: com.example.qr_dasher UnderlyingNetworks: Null] ]] callback flags: 0 order: 2147483647
04-08 13:49:13.345   586   737 D ConnectivityService: NetReassign [537 : null → 102] [c 1] [a 0] [i 2]
04-08 13:49:13.345   586   730 D WifiNetworkFactory: got request NetworkRequest [ REQUEST id=537, [ Capabilities: INTERNET&NOT_RESTRICTED&TRUSTED&NOT_VCN_MANAGED Uid: 10204 RequestorUid: 10204 RequestorPkg: com.example.qr_dasher UnderlyingNetworks: Null] ]
04-08 13:49:13.346   586   730 D UntrustedWifiNetworkFactory: got request NetworkRequest [ REQUEST id=537, [ Capabilities: INTERNET&NOT_RESTRICTED&TRUSTED&NOT_VCN_MANAGED Uid: 10204 RequestorUid: 10204 RequestorPkg: com.example.qr_dasher UnderlyingNetworks: Null] ]
04-08 13:49:13.348   586  1667 I ImeTracker: com.example.qr_dasher:d402445f: onRequestHide at ORIGIN_SERVER_HIDE_INPUT reason HIDE_UNSPECIFIED_WINDOW
04-08 13:49:13.350   586  1667 I ImeTracker: com.example.qr_dasher:d402445f: onCancelled at PHASE_SERVER_SHOULD_HIDE
04-08 13:49:13.355   586   730 D OemPaidWifiNetworkFactory: got request NetworkRequest [ REQUEST id=537, [ Capabilities: INTERNET&NOT_RESTRICTED&TRUSTED&NOT_VCN_MANAGED Uid: 10204 RequestorUid: 10204 RequestorPkg: com.example.qr_dasher UnderlyingNetworks: Null] ]
04-08 13:49:13.357   586   730 D MultiInternetWifiNetworkFactory: got request NetworkRequest [ REQUEST id=537, [ Capabilities: INTERNET&NOT_RESTRICTED&TRUSTED&NOT_VCN_MANAGED Uid: 10204 RequestorUid: 10204 RequestorPkg: com.example.qr_dasher UnderlyingNetworks: Null] ]
04-08 13:49:13.365  1386  1386 I GoogleInputMethodService: GoogleInputMethodService.onFinishInput():3227
04-08 13:49:13.366  1386  1386 I GoogleInputMethodService: GoogleInputMethodService.updateDeviceLockedStatus():2087 repeatCheckTimes = 0, unlocked = true
04-08 13:49:13.366  1386  1386 I GoogleInputMethodService: GoogleInputMethodService.onStartInput():1877 onStartInput(EditorInfo{inputType=0x0(NULL) imeOptions=0x0 privateImeOptions=null actionName=UNSPECIFIED actionLabel=null actionId=0 initialSelStart=-1 initialSelEnd=-1 initialCapsMode=0x0 hintText=null label=null packageName=com.example.qr_dasher fieldId=0 fieldName=null extras=null}, false)
04-08 13:49:13.366  1386  1386 I GoogleInputMethodService: GoogleInputMethodService.shouldHideHeaderOnInitialState():4008 ShouldHideHeaderOnInitialState = false
04-08 13:49:13.372  1386  1386 I GoogleInputMethodService: GoogleInputMethodService.updateDeviceLockedStatus():2087 repeatCheckTimes = 2, unlocked = true
04-08 13:49:13.388  2753  2942 I FontLog : Received query Noto Color Emoji Compat, URI content://com.google.android.gms.fonts [CONTEXT service_id=132 ]
04-08 13:49:13.388  2753  2942 I FontLog : Query [emojicompat-emoji-font] resolved to {Noto Color Emoji Compat, wdth 100.0, wght 400, ital 0.0, bestEffort false} [CONTEXT service_id=132 ]
04-08 13:49:13.391   818   886 D EGL_emulation: app_time_stats: avg=8.44ms min=1.59ms max=45.60ms count=53
04-08 13:49:13.396   357 23623 I resolv  : GetAddrInfoHandler::run: {102 102 102 983142 10204 0}
04-08 13:49:13.396  2753  2942 I FontLog : Fetch {Noto Color Emoji Compat, wdth 100.0, wght 400, ital 0.0, bestEffort false} end status Status{statusCode=SUCCESS, resolution=null} [CONTEXT service_id=132 ]
04-08 13:49:13.397   357 23624 I resolv  : res_nmkquery: (QUERY, IN, AAAA)
04-08 13:49:13.398   357 23624 I resolv  : resolv_cache_lookup: FOUND IN CACHE entry=0x7a1a76e76410
04-08 13:49:13.398   357 23624 I resolv  : doQuery: rcode=0, ancount=1, return value=70
04-08 13:49:13.404   357 23625 I resolv  : res_nmkquery: (QUERY, IN, A)
04-08 13:49:13.406   357 23625 I resolv  : resolv_cache_lookup: FOUND IN CACHE entry=0x7a1a76e717f0
04-08 13:49:13.408   357 23625 I resolv  : doQuery: rcode=0, ancount=1, return value=58
04-08 13:49:13.430  1086  2132 D OneSearchSuggestProvider: Shut down the binder channel
04-08 13:49:13.432  1086  1118 I IPCThreadState: oneway function results for code 2 on binder at 0x714be79afc40 will be dropped but finished with status UNKNOWN_TRANSACTION
04-08 13:49:13.446  9236 21735 I FA-SVC  : Install Referrer Reporter is not available
04-08 13:49:13.482  2753  2942 I FontLog : Pulling font file for id = 100, cache size = 6 [CONTEXT service_id=132 ]
04-08 13:49:13.492  1086  1144 I ImeTracker: com.google.android.apps.nexuslauncher:c84f7bb3: onRequestHide at ORIGIN_CLIENT_HIDE_SOFT_INPUT reason HIDE_SOFT_INPUT
04-08 13:49:13.495  1086  1144 I ImeTracker: com.google.android.apps.nexuslauncher:c84f7bb3: onFailed at PHASE_CLIENT_VIEW_SERVED
04-08 13:49:13.504  2753  2778 I FontLog : Pulling font file for id = 100, cache size = 6 [CONTEXT service_id=132 ]
04-08 13:49:13.526 23535 23578 W FileTestStorage: Output properties is not supported.
04-08 13:49:13.531 23535 23578 I Tracing : Tracer added: class androidx.test.platform.tracing.AndroidXTracer
04-08 13:49:13.556  2753 23256 W NetworkScheduler: Error inserting flex_time=0 job_id=-1 period=2000 source=16 requires_charging=0 preferred_network_type=1 target_class=com.google.android.gms.measurement.PackageMeasurementTaskService user_id=0 target_package=com.google.android.gms tag=Measurement.PackageMeasurementTaskService.UPLOAD_TASK_TAG task_type=0 required_idleness_state=0 service_kind=0 source_version=231818000 persistence_level=1 preferred_charging_state=1 required_network_type=0 runtime=1712605753544 retry_strategy={"maximum_backoff_seconds":{"3600":0},"initial_backoff_seconds":{"30":0},"retry_policy":{"0":0}} last_runtime=0 [CONTEXT service_id=218 ]
04-08 13:49:13.556  2753 23256 W NetworkScheduler: android.database.sqlite.SQLiteConstraintException: UNIQUE constraint failed: pending_ops.tag, pending_ops.target_class, pending_ops.target_package, pending_ops.user_id (code 2067 SQLITE_CONSTRAINT_UNIQUE)
04-08 13:49:13.556  2753 23256 W NetworkScheduler: 	at android.database.sqlite.SQLiteConnection.nativeExecuteForLastInsertedRowId(Native Method)
04-08 13:49:13.556  2753 23256 W NetworkScheduler: 	at android.database.sqlite.SQLiteConnection.executeForLastInsertedRowId(SQLiteConnection.java:961)
04-08 13:49:13.556  2753 23256 W NetworkScheduler: 	at android.database.sqlite.SQLiteSession.executeForLastInsertedRowId(SQLiteSession.java:790)
04-08 13:49:13.556  2753 23256 W NetworkScheduler: 	at android.database.sqlite.SQLiteStatement.executeInsert(SQLiteStatement.java:89)
04-08 13:49:13.556  2753 23256 W NetworkScheduler: 	at android.database.sqlite.SQLiteDatabase.insertWithOnConflict(SQLiteDatabase.java:1870)
04-08 13:49:13.556  2753 23256 W NetworkScheduler: 	at android.database.sqlite.SQLiteDatabase.insertOrThrow(SQLiteDatabase.java:1765)
04-08 13:49:13.556  2753 23256 W NetworkScheduler: 	at byui.f(:com.google.android.gms@231818047@23.18.18 (190800-535401451):59)
04-08 13:49:13.556  2753 23256 W NetworkScheduler: 	at bytb.n(:com.google.android.gms@231818047@23.18.18 (190800-535401451):3)
04-08 13:49:13.556  2753 23256 W NetworkScheduler: 	at bytb.u(:com.google.android.gms@231818047@23.18.18 (190800-535401451):20)
04-08 13:49:13.556  2753 23256 W NetworkScheduler: 	at bytb.h(:com.google.android.gms@231818047@23.18.18 (190800-535401451):3)
04-08 13:49:13.556  2753 23256 W NetworkScheduler: 	at byot.run(:com.google.android.gms@231818047@23.18.18 (190800-535401451):9)
04-08 13:49:13.556  2753 23256 W NetworkScheduler: 	at aced.c(:com.google.android.gms@231818047@23.18.18 (190800-535401451):6)
04-08 13:49:13.556  2753 23256 W NetworkScheduler: 	at aced.run(:com.google.android.gms@231818047@23.18.18 (190800-535401451):7)
04-08 13:49:13.556  2753 23256 W NetworkScheduler: 	at java.util.concurrent.ThreadPoolExecutor.runWorker(ThreadPoolExecutor.java:1145)
04-08 13:49:13.556  2753 23256 W NetworkScheduler: 	at java.util.concurrent.ThreadPoolExecutor$Worker.run(ThreadPoolExecutor.java:644)
04-08 13:49:13.556  2753 23256 W NetworkScheduler: 	at acjn.run(:com.google.android.gms@231818047@23.18.18 (190800-535401451):0)
04-08 13:49:13.556  2753 23256 W NetworkScheduler: 	at java.lang.Thread.run(Thread.java:1012)
04-08 13:49:13.574 23535 23578 D CompatibilityChangeReporter: Compat change id reported: 247079863; UID 10204; state: ENABLED
04-08 13:49:13.594 23535 23578 D EventInjectionStrategy: Creating injection strategy with input manager.
04-08 13:49:13.595 23535 23578 W ample.qr_dasher: Accessing hidden method Landroid/hardware/input/InputManager;->getInstance()Landroid/hardware/input/InputManager; (unsupported, reflection, allowed)
04-08 13:49:13.597 23535 23578 W ample.qr_dasher: Accessing hidden method Landroid/hardware/input/InputManager;->injectInputEvent(Landroid/view/InputEvent;I)Z (unsupported, reflection, allowed)
04-08 13:49:13.597 23535 23578 W ample.qr_dasher: Accessing hidden field Landroid/hardware/input/InputManager;->INJECT_INPUT_EVENT_MODE_WAIT_FOR_FINISH:I (unsupported, reflection, allowed)
04-08 13:49:13.622  2753 23368 W NetworkScheduler: Error inserting flex_time=9000 job_id=-1 period=20000 source=16 requires_charging=0 preferred_network_type=1 target_class=com.google.android.gms.measurement.PackageMeasurementTaskService user_id=0 target_package=com.google.android.gms tag=Measurement.PackageMeasurementTaskService.UPLOAD_TASK_TAG task_type=0 required_idleness_state=0 service_kind=0 source_version=231818000 persistence_level=1 preferred_charging_state=1 required_network_type=0 runtime=1712605753620 retry_strategy={"maximum_backoff_seconds":{"3600":0},"initial_backoff_seconds":{"30":0},"retry_policy":{"0":0}} last_runtime=0 [CONTEXT service_id=218 ]
04-08 13:49:13.622  2753 23368 W NetworkScheduler: android.database.sqlite.SQLiteConstraintException: UNIQUE constraint failed: pending_ops.tag, pending_ops.target_class, pending_ops.target_package, pending_ops.user_id (code 2067 SQLITE_CONSTRAINT_UNIQUE)
04-08 13:49:13.622  2753 23368 W NetworkScheduler: 	at android.database.sqlite.SQLiteConnection.nativeExecuteForLastInsertedRowId(Native Method)
04-08 13:49:13.622  2753 23368 W NetworkScheduler: 	at android.database.sqlite.SQLiteConnection.executeForLastInsertedRowId(SQLiteConnection.java:961)
04-08 13:49:13.622  2753 23368 W NetworkScheduler: 	at android.database.sqlite.SQLiteSession.executeForLastInsertedRowId(SQLiteSession.java:790)
04-08 13:49:13.622  2753 23368 W NetworkScheduler: 	at android.database.sqlite.SQLiteStatement.executeInsert(SQLiteStatement.java:89)
04-08 13:49:13.622  2753 23368 W NetworkScheduler: 	at android.database.sqlite.SQLiteDatabase.insertWithOnConflict(SQLiteDatabase.java:1870)
04-08 13:49:13.622  2753 23368 W NetworkScheduler: 	at android.database.sqlite.SQLiteDatabase.insertOrThrow(SQLiteDatabase.java:1765)
04-08 13:49:13.622  2753 23368 W NetworkScheduler: 	at byui.f(:com.google.android.gms@231818047@23.18.18 (190800-535401451):59)
04-08 13:49:13.622  2753 23368 W NetworkScheduler: 	at bytb.n(:com.google.android.gms@231818047@23.18.18 (190800-535401451):3)
04-08 13:49:13.622  2753 23368 W NetworkScheduler: 	at bytb.u(:com.google.android.gms@231818047@23.18.18 (190800-535401451):20)
04-08 13:49:13.622  2753 23368 W NetworkScheduler: 	at bytb.h(:com.google.android.gms@231818047@23.18.18 (190800-535401451):3)
04-08 13:49:13.622  2753 23368 W NetworkScheduler: 	at byot.run(:com.google.android.gms@231818047@23.18.18 (190800-535401451):9)
04-08 13:49:13.622  2753 23368 W NetworkScheduler: 	at aced.c(:com.google.android.gms@231818047@23.18.18 (190800-535401451):6)
04-08 13:49:13.622  2753 23368 W NetworkScheduler: 	at aced.run(:com.google.android.gms@231818047@23.18.18 (190800-535401451):7)
04-08 13:49:13.622  2753 23368 W NetworkScheduler: 	at java.util.concurrent.ThreadPoolExecutor.runWorker(ThreadPoolExecutor.java:1145)
04-08 13:49:13.622  2753 23368 W NetworkScheduler: 	at java.util.concurrent.ThreadPoolExecutor$Worker.run(ThreadPoolExecutor.java:644)
04-08 13:49:13.622  2753 23368 W NetworkScheduler: 	at acjn.run(:com.google.android.gms@231818047@23.18.18 (190800-535401451):0)
04-08 13:49:13.622  2753 23368 W NetworkScheduler: 	at java.lang.Thread.run(Thread.java:1012)
04-08 13:49:13.651   818   871 W WindowOnBackDispatcher: sendCancelIfRunning: isInProgress=falsecallback=android.view.ViewRootImpl$$ExternalSyntheticLambda17@1e5b810
04-08 13:49:13.654   586  1669 W InputManager-JNI: Input channel object '6c0fd6b Splash Screen com.example.qr_dasher (client)' was disposed without first being removed with the input manager!
04-08 13:49:13.698 23535 23578 W ample.qr_dasher: Accessing hidden method Landroid/view/ViewConfiguration;->getDoubleTapMinTime()I (unsupported, reflection, allowed)
04-08 13:49:13.702   818   871 W FrameTracker: Missed App frame:UNKNOWN: 24, 4576884, 37998108, CUJ=J<SPLASHSCREEN_EXIT_ANIM>
04-08 13:49:13.702   818   871 W FrameTracker: Missed SF frame:UNKNOWN: 24, 4576884, 37998108, CUJ=J<SPLASHSCREEN_EXIT_ANIM>
04-08 13:49:13.703   818   871 W FrameTracker: Missed App frame:UNKNOWN: 88, 4576913, 0, CUJ=J<SPLASHSCREEN_EXIT_ANIM>
04-08 13:49:13.704   818   871 W FrameTracker: Missed SF frame:UNKNOWN: 88, 4576913, 0, CUJ=J<SPLASHSCREEN_EXIT_ANIM>
04-08 13:49:13.704   818   871 W FrameTracker: Missing HWUI jank callback for vsyncId: 4576913, CUJ=J<SPLASHSCREEN_EXIT_ANIM>
04-08 13:49:13.704   818   871 W FrameTracker: Missed App frame:UNKNOWN: 88, 4576963, 0, CUJ=J<SPLASHSCREEN_EXIT_ANIM>
04-08 13:49:13.704   818   871 W FrameTracker: Missed SF frame:UNKNOWN: 88, 4576963, 0, CUJ=J<SPLASHSCREEN_EXIT_ANIM>
04-08 13:49:13.704   818   871 W FrameTracker: Missing HWUI jank callback for vsyncId: 4576963, CUJ=J<SPLASHSCREEN_EXIT_ANIM>
04-08 13:49:13.704   818   871 W FrameTracker: Missed SF frame:UNKNOWN: 80, 4577008, 63014978, CUJ=J<SPLASHSCREEN_EXIT_ANIM>
04-08 13:49:13.705   818   871 W FrameTracker: Missed App frame:UNKNOWN: 88, 4577031, 61135246, CUJ=J<SPLASHSCREEN_EXIT_ANIM>
04-08 13:49:13.705   818   871 W FrameTracker: Missed SF frame:UNKNOWN: 88, 4577031, 61135246, CUJ=J<SPLASHSCREEN_EXIT_ANIM>
04-08 13:49:13.705   818   871 W FrameTracker: Missed SF frame:UNKNOWN: 80, 4577075, 0, CUJ=J<SPLASHSCREEN_EXIT_ANIM>
04-08 13:49:13.705   818   871 W FrameTracker: Missing HWUI jank callback for vsyncId: 4577075, CUJ=J<SPLASHSCREEN_EXIT_ANIM>
04-08 13:49:13.706   818   871 W FrameTracker: Missed SF frame:UNKNOWN: 80, 4577104, 50832348, CUJ=J<SPLASHSCREEN_EXIT_ANIM>
04-08 13:49:13.706   818   871 W FrameTracker: Missed App frame:UNKNOWN: 88, 4577127, 48161716, CUJ=J<SPLASHSCREEN_EXIT_ANIM>
04-08 13:49:13.706   818   871 W FrameTracker: Missed SF frame:UNKNOWN: 88, 4577127, 48161716, CUJ=J<SPLASHSCREEN_EXIT_ANIM>
04-08 13:49:13.706   818   871 W FrameTracker: Missed App frame:UNKNOWN: 88, 4577135, 67935650, CUJ=J<SPLASHSCREEN_EXIT_ANIM>
04-08 13:49:13.706   818   871 W FrameTracker: Missed SF frame:UNKNOWN: 88, 4577135, 67935650, CUJ=J<SPLASHSCREEN_EXIT_ANIM>
04-08 13:49:13.712 23535 23578 W FileTestStorage: Test input args is not supported.
04-08 13:49:13.733 23535 23535 W ample.qr_dasher: Accessing hidden method Landroid/os/MessageQueue;->next()Landroid/os/Message; (unsupported, reflection, allowed)
04-08 13:49:13.733 23535 23535 W ample.qr_dasher: Accessing hidden field Landroid/os/MessageQueue;->mMessages:Landroid/os/Message; (unsupported, reflection, allowed)
04-08 13:49:13.734 23535 23535 W ample.qr_dasher: Accessing hidden method Landroid/os/Message;->recycleUnchecked()V (unsupported, reflection, allowed)
04-08 13:49:13.750 23535 23535 W ample.qr_dasher: Accessing hidden method Landroid/view/WindowManagerGlobal;->getInstance()Landroid/view/WindowManagerGlobal; (unsupported, reflection, allowed)
04-08 13:49:13.750 23535 23535 W ample.qr_dasher: Accessing hidden field Landroid/view/WindowManagerGlobal;->mViews:Ljava/util/ArrayList; (unsupported, reflection, allowed)
04-08 13:49:13.751 23535 23535 W ample.qr_dasher: Accessing hidden field Landroid/view/WindowManagerGlobal;->mParams:Ljava/util/ArrayList; (unsupported, reflection, allowed)
04-08 13:49:13.763  2753 23368 W NetworkScheduler: Error inserting flex_time=9000 job_id=-1 period=20000 source=16 requires_charging=0 preferred_network_type=1 target_class=com.google.android.gms.measurement.PackageMeasurementTaskService user_id=0 target_package=com.google.android.gms tag=Measurement.PackageMeasurementTaskService.UPLOAD_TASK_TAG task_type=0 required_idleness_state=0 service_kind=0 source_version=231818000 persistence_level=1 preferred_charging_state=1 required_network_type=0 runtime=1712605753759 retry_strategy={"maximum_backoff_seconds":{"3600":0},"initial_backoff_seconds":{"30":0},"retry_policy":{"0":0}} last_runtime=0 [CONTEXT service_id=218 ]
04-08 13:49:13.763  2753 23368 W NetworkScheduler: android.database.sqlite.SQLiteConstraintException: UNIQUE constraint failed: pending_ops.tag, pending_ops.target_class, pending_ops.target_package, pending_ops.user_id (code 2067 SQLITE_CONSTRAINT_UNIQUE)
04-08 13:49:13.763  2753 23368 W NetworkScheduler: 	at android.database.sqlite.SQLiteConnection.nativeExecuteForLastInsertedRowId(Native Method)
04-08 13:49:13.763  2753 23368 W NetworkScheduler: 	at android.database.sqlite.SQLiteConnection.executeForLastInsertedRowId(SQLiteConnection.java:961)
04-08 13:49:13.763  2753 23368 W NetworkScheduler: 	at android.database.sqlite.SQLiteSession.executeForLastInsertedRowId(SQLiteSession.java:790)
04-08 13:49:13.763  2753 23368 W NetworkScheduler: 	at android.database.sqlite.SQLiteStatement.executeInsert(SQLiteStatement.java:89)
04-08 13:49:13.763  2753 23368 W NetworkScheduler: 	at android.database.sqlite.SQLiteDatabase.insertWithOnConflict(SQLiteDatabase.java:1870)
04-08 13:49:13.763  2753 23368 W NetworkScheduler: 	at android.database.sqlite.SQLiteDatabase.insertOrThrow(SQLiteDatabase.java:1765)
04-08 13:49:13.763  2753 23368 W NetworkScheduler: 	at byui.f(:com.google.android.gms@231818047@23.18.18 (190800-535401451):59)
04-08 13:49:13.763  2753 23368 W NetworkScheduler: 	at bytb.n(:com.google.android.gms@231818047@23.18.18 (190800-535401451):3)
04-08 13:49:13.763  2753 23368 W NetworkScheduler: 	at bytb.u(:com.google.android.gms@231818047@23.18.18 (190800-535401451):20)
04-08 13:49:13.763  2753 23368 W NetworkScheduler: 	at bytb.h(:com.google.android.gms@231818047@23.18.18 (190800-535401451):3)
04-08 13:49:13.763  2753 23368 W NetworkScheduler: 	at byot.run(:com.google.android.gms@231818047@23.18.18 (190800-535401451):9)
04-08 13:49:13.763  2753 23368 W NetworkScheduler: 	at aced.c(:com.google.android.gms@231818047@23.18.18 (190800-535401451):6)
04-08 13:49:13.763  2753 23368 W NetworkScheduler: 	at aced.run(:com.google.android.gms@231818047@23.18.18 (190800-535401451):7)
04-08 13:49:13.763  2753 23368 W NetworkScheduler: 	at java.util.concurrent.ThreadPoolExecutor.runWorker(ThreadPoolExecutor.java:1145)
04-08 13:49:13.763  2753 23368 W NetworkScheduler: 	at java.util.concurrent.ThreadPoolExecutor$Worker.run(ThreadPoolExecutor.java:644)
04-08 13:49:13.763  2753 23368 W NetworkScheduler: 	at acjn.run(:com.google.android.gms@231818047@23.18.18 (190800-535401451):0)
04-08 13:49:13.763  2753 23368 W NetworkScheduler: 	at java.lang.Thread.run(Thread.java:1012)
04-08 13:49:13.778 23535 23535 I ViewInteraction: Performing 'single click' action on view view.getId() is <2131231121/com.example.qr_dasher:id/next_button>
04-08 13:49:13.799  1086  1086 D TaplEvents: TIS / TouchInteractionService.onInputEvent: MotionEvent { action=ACTION_DOWN, actionButton=0, id[0]=0, x[0]=539.0, y[0]=1891.5, toolType[0]=TOOL_TYPE_UNKNOWN, buttonState=BUTTON_PRIMARY, classification=NONE, metaState=0, flags=0x0, edgeFlags=0x0, pointerCount=1, historySize=0, eventTime=20022931, downTime=20022931, deviceId=-1, source=0x1002, displayId=0, eventId=-571375327 }
04-08 13:49:13.881  1086  1086 D TaplEvents: TIS / TouchInteractionService.onInputEvent: MotionEvent { action=ACTION_UP, actionButton=0, id[0]=0, x[0]=539.0, y[0]=1891.5, toolType[0]=TOOL_TYPE_UNKNOWN, buttonState=BUTTON_PRIMARY, classification=NONE, metaState=0, flags=0x0, edgeFlags=0x0, pointerCount=1, historySize=0, eventTime=20023017, downTime=20022931, deviceId=-1, source=0x1002, displayId=0, eventId=-565471703 }
04-08 13:49:13.892   409   441 D audioserver: FGS Logger Transaction failed
04-08 13:49:13.894   409   441 D audioserver: -129
04-08 13:49:13.912   818   818 D StatusBarIconController: ignoring old pipeline callback because the new wifi icon is enabled
04-08 13:49:14.035 23535 23535 D LifecycleMonitor: Lifecycle status change: com.example.qr_dasher.HomePage@c1dc974 in: PAUSED
04-08 13:49:14.036 23535 23535 V ActivityScenario: Update currentActivityStage to PAUSED, currentActivity=com.example.qr_dasher.HomePage@c1dc974
04-08 13:49:14.037   416   416 I BpBinder: onLastStrongRef automatically unlinking death recipients:
04-08 13:49:14.058   409   531 D audioserver: FGS Logger Transaction failed
04-08 13:49:14.058   409   531 D audioserver: -129
04-08 13:49:14.079 23535 23535 D LifecycleMonitor: Lifecycle status change: com.example.qr_dasher.RolePage@95b4860 in: PRE_ON_CREATE
04-08 13:49:14.083 23535 23535 V ActivityScenario: Activity lifecycle changed event received but ignored because the intent does not match. startActivityIntent=Intent { act=android.intent.action.MAIN cat=[android.intent.category.LAUNCHER] flg=0x10008000 cmp=com.example.qr_dasher/.HomePage }, activity.getIntent()=Intent { cmp=com.example.qr_dasher/.RolePage }, activity=com.example.qr_dasher.RolePage@95b4860
04-08 13:49:14.177 23535 23535 D CompatibilityChangeReporter: Compat change id reported: 147798919; UID 10204; state: ENABLED
04-08 13:49:14.184 23535 23535 D LifecycleMonitor: Lifecycle status change: com.example.qr_dasher.RolePage@95b4860 in: CREATED
04-08 13:49:14.186 23535 23535 V ActivityScenario: Activity lifecycle changed event received but ignored because the intent does not match. startActivityIntent=Intent { act=android.intent.action.MAIN cat=[android.intent.category.LAUNCHER] flg=0x10008000 cmp=com.example.qr_dasher/.HomePage }, activity.getIntent()=Intent { cmp=com.example.qr_dasher/.RolePage }, activity=com.example.qr_dasher.RolePage@95b4860
04-08 13:49:14.194 23535 23535 D LifecycleMonitor: Lifecycle status change: com.example.qr_dasher.RolePage@95b4860 in: STARTED
04-08 13:49:14.198 23535 23535 V ActivityScenario: Activity lifecycle changed event received but ignored because the intent does not match. startActivityIntent=Intent { act=android.intent.action.MAIN cat=[android.intent.category.LAUNCHER] flg=0x10008000 cmp=com.example.qr_dasher/.HomePage }, activity.getIntent()=Intent { cmp=com.example.qr_dasher/.RolePage }, activity=com.example.qr_dasher.RolePage@95b4860
04-08 13:49:14.215 23535 23535 D LifecycleMonitor: Lifecycle status change: com.example.qr_dasher.RolePage@95b4860 in: RESUMED
04-08 13:49:14.215 23535 23535 V ActivityScenario: Activity lifecycle changed event received but ignored because the intent does not match. startActivityIntent=Intent { act=android.intent.action.MAIN cat=[android.intent.category.LAUNCHER] flg=0x10008000 cmp=com.example.qr_dasher/.HomePage }, activity.getIntent()=Intent { cmp=com.example.qr_dasher/.RolePage }, activity=com.example.qr_dasher.RolePage@95b4860
04-08 13:49:14.225  2753 23628 W NetworkScheduler: Error inserting flex_time=9000 job_id=-1 period=19000 source=16 requires_charging=0 preferred_network_type=1 target_class=com.google.android.gms.measurement.PackageMeasurementTaskService user_id=0 target_package=com.google.android.gms tag=Measurement.PackageMeasurementTaskService.UPLOAD_TASK_TAG task_type=0 required_idleness_state=0 service_kind=0 source_version=231818000 persistence_level=1 preferred_charging_state=1 required_network_type=0 runtime=1712605754215 retry_strategy={"maximum_backoff_seconds":{"3600":0},"initial_backoff_seconds":{"30":0},"retry_policy":{"0":0}} last_runtime=0 [CONTEXT service_id=218 ]
04-08 13:49:14.225  2753 23628 W NetworkScheduler: android.database.sqlite.SQLiteConstraintException: UNIQUE constraint failed: pending_ops.tag, pending_ops.target_class, pending_ops.target_package, pending_ops.user_id (code 2067 SQLITE_CONSTRAINT_UNIQUE)
04-08 13:49:14.225  2753 23628 W NetworkScheduler: 	at android.database.sqlite.SQLiteConnection.nativeExecuteForLastInsertedRowId(Native Method)
04-08 13:49:14.225  2753 23628 W NetworkScheduler: 	at android.database.sqlite.SQLiteConnection.executeForLastInsertedRowId(SQLiteConnection.java:961)
04-08 13:49:14.225  2753 23628 W NetworkScheduler: 	at android.database.sqlite.SQLiteSession.executeForLastInsertedRowId(SQLiteSession.java:790)
04-08 13:49:14.225  2753 23628 W NetworkScheduler: 	at android.database.sqlite.SQLiteStatement.executeInsert(SQLiteStatement.java:89)
04-08 13:49:14.225  2753 23628 W NetworkScheduler: 	at android.database.sqlite.SQLiteDatabase.insertWithOnConflict(SQLiteDatabase.java:1870)
04-08 13:49:14.225  2753 23628 W NetworkScheduler: 	at android.database.sqlite.SQLiteDatabase.insertOrThrow(SQLiteDatabase.java:1765)
04-08 13:49:14.225  2753 23628 W NetworkScheduler: 	at byui.f(:com.google.android.gms@231818047@23.18.18 (190800-535401451):59)
04-08 13:49:14.225  2753 23628 W NetworkScheduler: 	at bytb.n(:com.google.android.gms@231818047@23.18.18 (190800-535401451):3)
04-08 13:49:14.225  2753 23628 W NetworkScheduler: 	at bytb.u(:com.google.android.gms@231818047@23.18.18 (190800-535401451):20)
04-08 13:49:14.225  2753 23628 W NetworkScheduler: 	at bytb.h(:com.google.android.gms@231818047@23.18.18 (190800-535401451):3)
04-08 13:49:14.225  2753 23628 W NetworkScheduler: 	at byot.run(:com.google.android.gms@231818047@23.18.18 (190800-535401451):9)
04-08 13:49:14.225  2753 23628 W NetworkScheduler: 	at aced.c(:com.google.android.gms@231818047@23.18.18 (190800-535401451):6)
04-08 13:49:14.225  2753 23628 W NetworkScheduler: 	at aced.run(:com.google.android.gms@231818047@23.18.18 (190800-535401451):8)
04-08 13:49:14.225  2753 23628 W NetworkScheduler: 	at java.util.concurrent.ThreadPoolExecutor.runWorker(ThreadPoolExecutor.java:1145)
04-08 13:49:14.225  2753 23628 W NetworkScheduler: 	at java.util.concurrent.ThreadPoolExecutor$Worker.run(ThreadPoolExecutor.java:644)
04-08 13:49:14.225  2753 23628 W NetworkScheduler: 	at acjn.run(:com.google.android.gms@231818047@23.18.18 (190800-535401451):0)
04-08 13:49:14.225  2753 23628 W NetworkScheduler: 	at java.lang.Thread.run(Thread.java:1012)
04-08 13:49:14.307   818   886 E OpenGLRenderer: Unable to match the desired swap behavior.
04-08 13:49:14.345 23535 23598 E OpenGLRenderer: Unable to match the desired swap behavior.
04-08 13:49:14.372 23535 23598 D EGL_emulation: app_time_stats: avg=25.19ms min=3.38ms max=384.87ms count=34
04-08 13:49:14.417   586   612 I ActivityTaskManager: Displayed com.example.qr_dasher/.RolePage for user 0: +403ms
04-08 13:49:14.497  2753 23256 W NetworkScheduler: Error inserting flex_time=9000 job_id=-1 period=19000 source=16 requires_charging=0 preferred_network_type=1 target_class=com.google.android.gms.measurement.PackageMeasurementTaskService user_id=0 target_package=com.google.android.gms tag=Measurement.PackageMeasurementTaskService.UPLOAD_TASK_TAG task_type=0 required_idleness_state=0 service_kind=0 source_version=231818000 persistence_level=1 preferred_charging_state=1 required_network_type=0 runtime=1712605754493 retry_strategy={"maximum_backoff_seconds":{"3600":0},"initial_backoff_seconds":{"30":0},"retry_policy":{"0":0}} last_runtime=0 [CONTEXT service_id=218 ]
04-08 13:49:14.497  2753 23256 W NetworkScheduler: android.database.sqlite.SQLiteConstraintException: UNIQUE constraint failed: pending_ops.tag, pending_ops.target_class, pending_ops.target_package, pending_ops.user_id (code 2067 SQLITE_CONSTRAINT_UNIQUE)
04-08 13:49:14.497  2753 23256 W NetworkScheduler: 	at android.database.sqlite.SQLiteConnection.nativeExecuteForLastInsertedRowId(Native Method)
04-08 13:49:14.497  2753 23256 W NetworkScheduler: 	at android.database.sqlite.SQLiteConnection.executeForLastInsertedRowId(SQLiteConnection.java:961)
04-08 13:49:14.497  2753 23256 W NetworkScheduler: 	at android.database.sqlite.SQLiteSession.executeForLastInsertedRowId(SQLiteSession.java:790)
04-08 13:49:14.497  2753 23256 W NetworkScheduler: 	at android.database.sqlite.SQLiteStatement.executeInsert(SQLiteStatement.java:89)
04-08 13:49:14.497  2753 23256 W NetworkScheduler: 	at android.database.sqlite.SQLiteDatabase.insertWithOnConflict(SQLiteDatabase.java:1870)
04-08 13:49:14.497  2753 23256 W NetworkScheduler: 	at android.database.sqlite.SQLiteDatabase.insertOrThrow(SQLiteDatabase.java:1765)
04-08 13:49:14.497  2753 23256 W NetworkScheduler: 	at byui.f(:com.google.android.gms@231818047@23.18.18 (190800-535401451):59)
04-08 13:49:14.497  2753 23256 W NetworkScheduler: 	at bytb.n(:com.google.android.gms@231818047@23.18.18 (190800-535401451):3)
04-08 13:49:14.497  2753 23256 W NetworkScheduler: 	at bytb.u(:com.google.android.gms@231818047@23.18.18 (190800-535401451):20)
04-08 13:49:14.497  2753 23256 W NetworkScheduler: 	at bytb.h(:com.google.android.gms@231818047@23.18.18 (190800-535401451):3)
04-08 13:49:14.497  2753 23256 W NetworkScheduler: 	at byot.run(:com.google.android.gms@231818047@23.18.18 (190800-535401451):9)
04-08 13:49:14.497  2753 23256 W NetworkScheduler: 	at aced.c(:com.google.android.gms@231818047@23.18.18 (190800-535401451):6)
04-08 13:49:14.497  2753 23256 W NetworkScheduler: 	at aced.run(:com.google.android.gms@231818047@23.18.18 (190800-535401451):7)
04-08 13:49:14.497  2753 23256 W NetworkScheduler: 	at java.util.concurrent.ThreadPoolExecutor.runWorker(ThreadPoolExecutor.java:1145)
04-08 13:49:14.497  2753 23256 W NetworkScheduler: 	at java.util.concurrent.ThreadPoolExecutor$Worker.run(ThreadPoolExecutor.java:644)
04-08 13:49:14.497  2753 23256 W NetworkScheduler: 	at acjn.run(:com.google.android.gms@231818047@23.18.18 (190800-535401451):0)
04-08 13:49:14.497  2753 23256 W NetworkScheduler: 	at java.lang.Thread.run(Thread.java:1012)
04-08 13:49:14.546 23535 23641 D TrafficStats: tagSocket(139) with statsTag=0xffffffff, statsUid=-1
04-08 13:49:14.595 23535 23641 W ample.qr_dasher: Accessing hidden field Ljava/net/Socket;->impl:Ljava/net/SocketImpl; (unsupported, reflection, allowed)
04-08 13:49:14.656 23535 23641 W ample.qr_dasher: Accessing hidden method Ljava/security/spec/ECParameterSpec;->setCurveName(Ljava/lang/String;)V (unsupported, reflection, allowed)
04-08 13:49:14.698 23535 23535 D RootViewPicker: Root not ready - waiting: 10ms for one to appear.
04-08 13:49:14.709 23535 23535 D RootViewPicker: Root not ready - waiting: 25ms for one to appear.
04-08 13:49:14.728   586  1669 I ImeTracker: com.example.qr_dasher:f92ce3af: onRequestHide at ORIGIN_SERVER_HIDE_INPUT reason HIDE_UNSPECIFIED_WINDOW
04-08 13:49:14.729   586  1669 I ImeTracker: com.example.qr_dasher:f92ce3af: onCancelled at PHASE_SERVER_SHOULD_HIDE
04-08 13:49:14.731  1386  1386 I GoogleInputMethodService: GoogleInputMethodService.onFinishInput():3227
04-08 13:49:14.734  1386  1386 I GoogleInputMethodService: GoogleInputMethodService.updateDeviceLockedStatus():2087 repeatCheckTimes = 0, unlocked = true
04-08 13:49:14.735  1386  1386 I GoogleInputMethodService: GoogleInputMethodService.onStartInput():1877 onStartInput(EditorInfo{inputType=0x0(NULL) imeOptions=0x0 privateImeOptions=null actionName=UNSPECIFIED actionLabel=null actionId=0 initialSelStart=-1 initialSelEnd=-1 initialCapsMode=0x0 hintText=null label=null packageName=com.example.qr_dasher fieldId=0 fieldName=null extras=null}, false)
04-08 13:49:14.740 23535 23535 I ViewInteraction: Checking 'MatchesViewAssertion{viewMatcher=view has effective visibility <VISIBLE>}' assertion on view view.getId() is <2131230821/com.example.qr_dasher:id/attendee_button>
04-08 13:49:14.742  1386  1386 I GoogleInputMethodService: GoogleInputMethodService.shouldHideHeaderOnInitialState():4008 ShouldHideHeaderOnInitialState = false
04-08 13:49:14.743  1386  1386 I GoogleInputMethodService: GoogleInputMethodService.updateDeviceLockedStatus():2087 repeatCheckTimes = 2, unlocked = true
04-08 13:49:14.748 23535 23535 I ViewInteraction: Checking 'MatchesViewAssertion{viewMatcher=view has effective visibility <GONE>}' assertion on view view.getId() is <2131231152/com.example.qr_dasher:id/organizer_button>
04-08 13:49:14.755 23535 23535 I ViewInteraction: Performing 'single click' action on view view.getId() is <2131230821/com.example.qr_dasher:id/attendee_button>
04-08 13:49:14.759  1086  1086 D TaplEvents: TIS / TouchInteractionService.onInputEvent: MotionEvent { action=ACTION_DOWN, actionButton=0, id[0]=0, x[0]=539.5, y[0]=1234.5, toolType[0]=TOOL_TYPE_UNKNOWN, buttonState=BUTTON_PRIMARY, classification=NONE, metaState=0, flags=0x0, edgeFlags=0x0, pointerCount=1, historySize=0, eventTime=20023894, downTime=20023894, deviceId=-1, source=0x1002, displayId=0, eventId=-878673149 }
04-08 13:49:14.764 23535 23535 D AutofillManager: Fill dialog is enabled:false, hints=[password, passwordAuto, creditCardNumber, creditCardSecurityCode, creditCardExpirationDate]
04-08 13:49:14.801  1086  1086 D TaplEvents: TIS / TouchInteractionService.onInputEvent: MotionEvent { action=ACTION_UP, actionButton=0, id[0]=0, x[0]=539.5, y[0]=1234.5, toolType[0]=TOOL_TYPE_UNKNOWN, buttonState=BUTTON_PRIMARY, classification=NONE, metaState=0, flags=0x0, edgeFlags=0x0, pointerCount=1, historySize=0, eventTime=20023937, downTime=20023894, deviceId=-1, source=0x1002, displayId=0, eventId=-48667415 }
04-08 13:49:14.805   409   441 D audioserver: FGS Logger Transaction failed
04-08 13:49:14.805   409   441 D audioserver: -129
04-08 13:49:14.822 23535 23535 D LifecycleMonitor: Lifecycle status change: com.example.qr_dasher.RolePage@95b4860 in: PAUSED
