04-08 01:08:01.172  1573  1573 I GoogleInputMethodService: GoogleInputMethodService.updateDeviceLockedStatus():2087 repeatCheckTimes = 2, unlocked = true
04-08 01:08:01.173  1573  1573 I ShortcutsDataManager: AbstractContentDataManager.startImportContentTask():234 startImportContentTask()
04-08 01:08:01.174  1573  1872 I ShortcutsDataManager: AbstractContentDataManager$ImportContentTask.doInBackground():248 doInBackground()
04-08 01:08:01.174  1573  1872 I PersonalDictionaryDataHandler: PersonalDictionaryDataHandler.beginProcess():111 LanguageTags = [en-US]
04-08 01:08:01.176  1573  1573 I DeviceModeUtil: DeviceModeUtil.getDeviceMode():122 Get device mode phone by ui mode:1 and smallestScreenWidthDp:411
04-08 01:08:01.177  1573  1573 I GoogleInputMethodService: GoogleInputMethodService.onStartInputView():1995 onStartInputView(EditorInfo{inputType=0x20001(Normal) imeOptions=0x4c000005 privateImeOptions=null actionName=NEXT actionLabel=null actionId=0 initialSelStart=0 initialSelEnd=0 initialCapsMode=0x0 hintText=null label=null packageName=com.example.qr_dasher fieldId=2131230947 fieldName=null extras=Bundle[{android.support.text.emoji.emojiCompat_metadataVersion=9, android.support.text.emoji.emojiCompat_replaceAll=false}]}, false)
04-08 01:08:01.180  1573  1573 I GoogleInputMethodService: GoogleInputMethodService.updateDeviceLockedStatus():2087 repeatCheckTimes = 2, unlocked = true
04-08 01:08:01.180  1573  1573 W ModuleManager: ModuleManager.loadModule():450 Module erj is not available
04-08 01:08:01.181  1573  1573 I KeyboardViewUtil: KeyboardViewUtil.getKeyboardHeightRatio():189 systemKeyboardHeightRatio:1.000000; userKeyboardHeightRatio:1.000000.
04-08 01:08:01.184  1573  1573 I AndroidIME: AbstractIme.onActivate():86 LatinIme.onActivate() : EditorInfo = inputType=0x20001(Normal) imeOptions=0x4c000005 privateImeOptions=null actionName=NEXT actionLabel=null actionId=0 initialSelStart=0 initialSelEnd=0 initialCapsMode=0x0 hintText=null label=null packageName=com.example.qr_dasher fieldId=2131230947 fieldName=null extras=Bundle[{android.support.text.emoji.emojiCompat_metadataVersion=9, android.support.text.emoji.emojiCompat_replaceAll=false}], IncognitoMode = false, DeviceLocked = false
04-08 01:08:01.187  1573  1573 I Delight5Facilitator: Delight5Facilitator.initializeForIme():777 initializeForIme() : Locale = [en_US], layout = qwerty
04-08 01:08:01.188  1573  1573 I VoiceInputManagerWrapper: VoiceInputManagerWrapper.cancelShutdown():55 cancelShutdown()
04-08 01:08:01.188  1573  1573 I VoiceInputManagerWrapper: VoiceInputManagerWrapper.syncLanguagePacks():67 syncLanguagePacks()
04-08 01:08:01.189  1573  1573 I LatinIme: LatinIme.updateEnableInlineSuggestionsOnDecoderSideFlags():1003 inline flag updated to:false
04-08 01:08:01.193  1573  3450 I SpeechFactory: SpeechRecognitionFactory.maybeScheduleAutoPackDownloadForFallback():205 maybeScheduleAutoPackDownloadForFallback()
04-08 01:08:01.194  1573  1573 I KeyboardWrapper: KeyboardWrapper.consumeEvent():275 Skip consuming an event as current keyboard is deactivated (state=0, keyboard existence=true)
04-08 01:08:01.195  1573  1660 I DeviceModeUtil: DeviceModeUtil.getDeviceMode():122 Get device mode phone by ui mode:1 and smallestScreenWidthDp:411
04-08 01:08:01.195  1573  3450 I FallbackOnDeviceRecognitionProvider: FallbackOnDeviceRecognitionProvider.maybeScheduleAutoPackDownload():195 maybeScheduleAutoPackDownload() for language tag en-US
04-08 01:08:01.201  1573  1573 I KeyboardViewUtil: KeyboardViewUtil.calculateMaxKeyboardBodyHeight():40 leave 354 height for app when screen height:2274, header height:116 and isFullscreenMode:false, so the max keyboard body height is:1804
04-08 01:08:01.202  1573  1573 I DeviceModeUtil: DeviceModeUtil.getDeviceMode():122 Get device mode phone by ui mode:1 and smallestScreenWidthDp:411
04-08 01:08:01.202  1573  1573 I GoogleInputMethodService: GoogleInputMethodService.setKeyboardViewShown():3483 setKeyboardViewShown() : type = HEADER, shownType = SHOW_OPTIONAL
04-08 01:08:01.202  1573  1573 I GoogleInputMethodService: GoogleInputMethodService.setKeyboardViewShown():3530 setKeyboardViewShown() : shouldShow = true
04-08 01:08:01.202  1573  1573 I GoogleInputMethodService: GoogleInputMethodService.setKeyboardViewShown():3483 setKeyboardViewShown() : type = BODY, shownType = SHOW_MANDATORY
04-08 01:08:01.202  1573  1573 I GoogleInputMethodService: GoogleInputMethodService.setKeyboardViewShown():3530 setKeyboardViewShown() : shouldShow = true
04-08 01:08:01.202  1573  1573 I GoogleInputMethodService: GoogleInputMethodService.setKeyboardViewShown():3483 setKeyboardViewShown() : type = FLOATING_CANDIDATES, shownType = HIDE
04-08 01:08:01.202  1573  1573 I GoogleInputMethodService: GoogleInputMethodService.setKeyboardViewShown():3530 setKeyboardViewShown() : shouldShow = false
04-08 01:08:01.204  1573  1573 I KeyboardViewUtil: KeyboardViewUtil.calculateMaxKeyboardBodyHeight():40 leave 354 height for app when screen height:2274, header height:116 and isFullscreenMode:false, so the max keyboard body height is:1804
04-08 01:08:01.204  1573  1573 I DeviceModeUtil: DeviceModeUtil.getDeviceMode():122 Get device mode phone by ui mode:1 and smallestScreenWidthDp:411
04-08 01:08:01.213  1573  1872 I ShortcutsDataManager: AbstractContentDataManager.importRecords():338 importRecords() : Success : Count = 0
04-08 01:08:01.217  1573  1573 I DeviceModeUtil: DeviceModeUtil.getDeviceMode():122 Get device mode phone by ui mode:1 and smallestScreenWidthDp:411
04-08 01:08:01.217  1573  1573 I DeviceModeUtil: DeviceModeUtil.getDeviceMode():122 Get device mode phone by ui mode:1 and smallestScreenWidthDp:411
04-08 01:08:01.217  1573  1573 I KeyboardModeManager: KeyboardModeManager.setInputView():364 setInputView() : supportsOneHandedMode=true
04-08 01:08:01.217  1573  1573 I NormalModeController: NormalModeController.getKeyboardBodyViewHolderPaddingBottom():116 currentPrimeKeyboardType:SOFT systemPaddingBottom:-1
04-08 01:08:01.217  1573  1573 I AndroidIME: KeyboardViewManager.updateKeyboardBodyViewHolderPaddingBottom():604 Set finalPaddingBottom = 0 while keyboardBottomGapFromScreen = 0; navigationHeight = 126
04-08 01:08:01.218  1573  1872 I ShortcutsDataManager: AbstractContentDataManager.importContentData():288 importContentData() : Ending import process
04-08 01:08:01.218  1573  1573 I NormalModeController: NormalModeController.getKeyboardBodyViewHolderPaddingBottom():116 currentPrimeKeyboardType:SOFT systemPaddingBottom:-1
04-08 01:08:01.221  1573  1573 I AndroidIME: KeyboardViewManager.updateKeyboardBodyViewHolderPaddingBottom():604 Set finalPaddingBottom = 0 while keyboardBottomGapFromScreen = 0; navigationHeight = 126
04-08 01:08:01.221  1573  1573 I KeyboardModeManager: KeyboardModeManager.setInputView():356 setInputView() : entry=hwn{languageTag=en-US, variant=qwerty, hasLocalizedResources=true, conditionCacheKey=_device=phone_device_size=default_enable_adaptive_text_editing=true_enable_inline_suggestions_on_client_side=false_enable_large_tablet_batch_1=false_enable_large_tablet_batch_2=false_enable_more_candidates_view_for_multilingual=false_enable_nav_redesign=false_enable_number_row=false_enable_preemptive_decode=true_enable_secondary_symbols=false_expressions=normal_four_or_more_letter_rows=false_keyboard_mode=normal_language=en-US_orientation=portrait_physical_keyboard=qwerty_show_secondary_digits=true_show_suggestions=true_split_with_duplicate_keys=true_variant=qwerty, imeDef.stringId=ime_english_united_states, imeDef.className=com.google.android.apps.inputmethod.libs.latin5.LatinIme, imeDef.languageTag=en-US}
04-08 01:08:01.224  1573  2001 I Delight5Decoder: Delight5DecoderWrapper.unloadLanguageModel():857 unloadLanguageModel() : 4, version [n/a]
04-08 01:08:01.230  1573  1573 I ProactiveSuggestionsHolderManager: ProactiveSuggestionsHolderManager$3.display():216 Requesting to show proactive suggestions: CLIPBOARD PREEMPTIVE_WITH_SUPPRESSION
04-08 01:08:01.233  1573  1573 I VoiceImeExtension: VoiceImeExtension.shouldStartVoiceInputAutomatically():383 No private IME option set to start voice input.
04-08 01:08:01.256  1573  1872 I PersonalLanguageModelUpdater: PersonalLanguageModelUpdater$UpdateOperation.performInternal():162 run() : Added 0 words and 0 shortcuts
04-08 01:08:01.256  1573  1872 I DynamicLanguageModelOperation: DynamicLanguageModelOperation.perform():41 perform() : 4 : cje : Completed
04-08 01:08:01.256  1573  2001 I Delight5Decoder: Delight5DecoderWrapper.loadLanguageModel():649 loadLanguageModel() : 4, version [n/a]
04-08 01:08:01.258  1573  2001 I Delight5Decoder: Delight5DecoderWrapper.loadLanguageModel():690 Loaded dynamic LM 4.en
04-08 01:08:01.280  1573  1699 E OpenGLRenderer: Unable to match the desired swap behavior.
04-08 01:08:01.301  1573  1573 I DeviceModeUtil: DeviceModeUtil.getDeviceMode():122 Get device mode phone by ui mode:1 and smallestScreenWidthDp:411
04-08 01:08:01.301  1573  1573 I DeviceModeUtil: DeviceModeUtil.getDeviceMode():122 Get device mode phone by ui mode:1 and smallestScreenWidthDp:411
04-08 01:08:01.303  7237  7237 D InsetsController: show(ime(), fromIme=true)
04-08 01:08:01.306  1573  1573 I NormalModeController: NormalModeController.getKeyboardBodyViewHolderPaddingBottom():116 currentPrimeKeyboardType:SOFT systemPaddingBottom:-1
04-08 01:08:01.309  1573  2001 I Delight5Decoder: Delight5DecoderWrapper.setKeyboardLayout():457 setKeyboardLayout()
04-08 01:08:01.314  1573  1573 I ShortcutsDataManager: AbstractContentDataManager$ImportContentTask.onPostExecute():259 onPostExecute() : Result = [2,0]
04-08 01:08:01.314  1573  1573 I ShortcutsDataManager: ShortcutsDataManager.onImportFinished():80 onImportFinished() : Result = 2 : Count = 0
04-08 01:08:01.365  7237  7333 D ProfileInstaller: Installing profile for com.example.qr_dasher
04-08 01:08:01.397  1573  1573 W TooltipLifecycleManager: TooltipLifecycleManager.dismissTooltips():159 Tooltip with id spell_check_add_to_dictionary not found in tooltipManager.
04-08 01:08:01.429  7237  7237 D UiControllerImpl: Injecting string: "johndoe@example.com"
04-08 01:08:01.484  1573  1573 I GoogleInputMethodService: GoogleInputMethodService.setKeyboardViewShown():3483 setKeyboardViewShown() : type = HEADER, shownType = SHOW_MANDATORY_WITH_ANIMATION
04-08 01:08:01.484  1573  1573 I GoogleInputMethodService: GoogleInputMethodService.setKeyboardViewShown():3530 setKeyboardViewShown() : shouldShow = true
04-08 01:08:01.484  1573  1573 I KeyboardViewController: KeyboardViewController.lambda$showSelfAndAncestors$6():609 current view doesn't has the priority com.google.android.apps.inputmethod.latin.keyboard.widget.LatinFixedCountCandidatesHolderView{25b1064 I.E...... ......ID 0,0-850,116 #7f0b141a app:id/softkey_holder_fixed_candidates} to show itself, PREEMPTIVE
04-08 01:08:01.523  7237  7237 I ImeTracker: com.example.qr_dasher:2ca71ecb: onShown
04-08 01:08:01.551  1573  1573 I GoogleInputMethodService: GoogleInputMethodService.setKeyboardViewShown():3483 setKeyboardViewShown() : type = HEADER, shownType = SHOW_MANDATORY_WITH_ANIMATION
04-08 01:08:01.551  1573  1573 I GoogleInputMethodService: GoogleInputMethodService.setKeyboardViewShown():3530 setKeyboardViewShown() : shouldShow = true
04-08 01:08:01.563  1573  1573 I KeyboardViewController: KeyboardViewController.lambda$showSelfAndAncestors$6():609 current view doesn't has the priority com.google.android.apps.inputmethod.latin.keyboard.widget.LatinFixedCountCandidatesHolderView{25b1064 I.E...... ......ID 0,0-850,116 #7f0b141a app:id/softkey_holder_fixed_candidates} to show itself, PREEMPTIVE
04-08 01:08:01.597  1573  1573 I GoogleInputMethodService: GoogleInputMethodService.setKeyboardViewShown():3483 setKeyboardViewShown() : type = HEADER, shownType = SHOW_MANDATORY_WITH_ANIMATION
04-08 01:08:01.597  1573  1573 I GoogleInputMethodService: GoogleInputMethodService.setKeyboardViewShown():3530 setKeyboardViewShown() : shouldShow = true
04-08 01:08:01.598  1573  1573 I KeyboardViewController: KeyboardViewController.lambda$showSelfAndAncestors$6():609 current view doesn't has the priority com.google.android.apps.inputmethod.latin.keyboard.widget.LatinFixedCountCandidatesHolderView{25b1064 I.E...... ......ID 0,0-850,116 #7f0b141a app:id/softkey_holder_fixed_candidates} to show itself, PREEMPTIVE
04-08 01:08:01.634  1573  1573 I GoogleInputMethodService: GoogleInputMethodService.setKeyboardViewShown():3483 setKeyboardViewShown() : type = HEADER, shownType = SHOW_MANDATORY_WITH_ANIMATION
04-08 01:08:01.634  1573  1573 I GoogleInputMethodService: GoogleInputMethodService.setKeyboardViewShown():3530 setKeyboardViewShown() : shouldShow = true
04-08 01:08:01.635  1573  1573 I KeyboardViewController: KeyboardViewController.lambda$showSelfAndAncestors$6():609 current view doesn't has the priority com.google.android.apps.inputmethod.latin.keyboard.widget.LatinFixedCountCandidatesHolderView{25b1064 I.E...... ......ID 0,0-850,116 #7f0b141a app:id/softkey_holder_fixed_candidates} to show itself, PREEMPTIVE
04-08 01:08:01.670  1573  1573 I GoogleInputMethodService: GoogleInputMethodService.setKeyboardViewShown():3483 setKeyboardViewShown() : type = HEADER, shownType = SHOW_MANDATORY_WITH_ANIMATION
04-08 01:08:01.670  1573  1573 I GoogleInputMethodService: GoogleInputMethodService.setKeyboardViewShown():3530 setKeyboardViewShown() : shouldShow = true
04-08 01:08:01.677  1573  1573 I KeyboardViewController: KeyboardViewController.lambda$showSelfAndAncestors$6():609 current view doesn't has the priority com.google.android.apps.inputmethod.latin.keyboard.widget.LatinFixedCountCandidatesHolderView{25b1064 I.E...... ......ID 0,0-850,116 #7f0b141a app:id/softkey_holder_fixed_candidates} to show itself, PREEMPTIVE
04-08 01:08:01.720  1573  1573 I GoogleInputMethodService: GoogleInputMethodService.setKeyboardViewShown():3483 setKeyboardViewShown() : type = HEADER, shownType = SHOW_MANDATORY_WITH_ANIMATION
04-08 01:08:01.720  1573  1573 I GoogleInputMethodService: GoogleInputMethodService.setKeyboardViewShown():3530 setKeyboardViewShown() : shouldShow = true
04-08 01:08:01.721  1573  1573 I KeyboardViewController: KeyboardViewController.lambda$showSelfAndAncestors$6():609 current view doesn't has the priority com.google.android.apps.inputmethod.latin.keyboard.widget.LatinFixedCountCandidatesHolderView{25b1064 I.E...... ......ID 0,0-850,116 #7f0b141a app:id/softkey_holder_fixed_candidates} to show itself, PREEMPTIVE
04-08 01:08:01.751  1573  1573 W InputContextProxyV4: InputContextProxyV4.applyClientDiffInternal():897 Ignore [FetchSuggestions] diff due to stale request: 5458<5459, inputStateId=5346, lastInputStateId=5345
04-08 01:08:01.752  1573  1573 I GoogleInputMethodService: GoogleInputMethodService.setKeyboardViewShown():3483 setKeyboardViewShown() : type = HEADER, shownType = SHOW_MANDATORY_WITH_ANIMATION
04-08 01:08:01.752  1573  1573 I GoogleInputMethodService: GoogleInputMethodService.setKeyboardViewShown():3530 setKeyboardViewShown() : shouldShow = true
04-08 01:08:01.753  1573  1573 I KeyboardViewController: KeyboardViewController.lambda$showSelfAndAncestors$6():609 current view doesn't has the priority com.google.android.apps.inputmethod.latin.keyboard.widget.LatinFixedCountCandidatesHolderView{25b1064 I.E...... ......ID 0,0-850,116 #7f0b141a app:id/softkey_holder_fixed_candidates} to show itself, PREEMPTIVE
04-08 01:08:01.877  1391  1391 D StatusBarIconController: ignoring old pipeline callbacks, because the new mobile icons are enabled
04-08 01:08:02.146  7237  7286 D EGL_emulation: app_time_stats: avg=41.50ms min=10.78ms max=254.85ms count=24
04-08 01:08:02.219  7237  7237 I ViewInteraction: Performing 'close keyboard' action on view view.getId() is <2131230947/com.example.qr_dasher:id/email_edit>
04-08 01:08:02.219  7237  7237 D IdlingRegistry: Registering idling resources: [androidx.test.espresso.action.CloseKeyboardAction$CloseKeyboardIdlingResult@6fcf7ae]
04-08 01:08:02.221  7237  7237 I ImeTracker: com.example.qr_dasher:8cf6eceb: onRequestHide at ORIGIN_CLIENT_HIDE_SOFT_INPUT reason HIDE_SOFT_INPUT
04-08 01:08:02.224  1573  1573 I GoogleInputMethodService: GoogleInputMethodService.onFinishInputView():2241
04-08 01:08:02.226  1573  1573 W TooltipLifecycleManager: TooltipLifecycleManager.dismissTooltips():159 Tooltip with id spell_check_add_to_dictionary not found in tooltipManager.
04-08 01:08:02.232  1573  1573 I InputBundle: InputBundle.consumeEvent():923 Skip consuming an event as keyboard status is 0
04-08 01:08:02.235  1573  1573 I KeyboardWrapper: KeyboardWrapper.consumeEvent():275 Skip consuming an event as current keyboard is deactivated (state=0, keyboard existence=true)
04-08 01:08:02.235  1573  1573 I VoiceInputManagerWrapper: VoiceInputManagerWrapper.shutdown():77 shutdown()
04-08 01:08:02.245  1573  1573 I AndroidIME: AbstractIme.onDeactivate():207 LatinIme.onDeactivate()
04-08 01:08:02.260  7237  7237 W WindowOnBackDispatcher: sendCancelIfRunning: isInProgress=falsecallback=ImeCallback=ImeOnBackInvokedCallback@77554338 Callback=android.window.IOnBackInvokedCallback$Stub$Proxy@e24e0ba
04-08 01:08:02.262  1573  2548 E native  : E0000 00:00:1712560082.262291    2548 keyboard.cc:27] Cannot create a keyboard with 0 valid keys
04-08 01:08:02.441  7237  7237 I ImeTracker: com.example.qr_dasher:95337c57: onRequestHide at ORIGIN_CLIENT_HIDE_SOFT_INPUT reason HIDE_SOFT_INPUT_BY_INSETS_API
04-08 01:08:02.443   571  1383 I ImeTracker: com.example.qr_dasher:95337c57: onCancelled at PHASE_SERVER_SHOULD_HIDE
04-08 01:08:02.443  7237  7237 I ImeTracker: com.example.qr_dasher:8cf6eceb: onHidden
04-08 01:08:02.554  7237  7237 D IdlingRegistry: Unregistering idling resources: [androidx.test.espresso.action.CloseKeyboardAction$CloseKeyboardIdlingResult@6fcf7ae]
04-08 01:08:02.559  7237  7237 I ViewInteraction: Performing 'type text(User details)' action on view view.getId() is <2131230918/com.example.qr_dasher:id/details_edit>
04-08 01:08:02.620  1573  1573 I GoogleInputMethodService: GoogleInputMethodService.onFinishInput():3227
04-08 01:08:02.621  7237  7237 I ImeTracker: com.example.qr_dasher:7bdeeadc: onRequestShow at ORIGIN_CLIENT_SHOW_SOFT_INPUT reason SHOW_SOFT_INPUT
04-08 01:08:02.622  1573  1573 I GoogleInputMethodService: GoogleInputMethodService.updateDeviceLockedStatus():2087 repeatCheckTimes = 0, unlocked = true
04-08 01:08:02.622  7237  7237 D InputMethodManager: showSoftInput() view=androidx.appcompat.widget.AppCompatEditText{1203425 VFED..CL. .F.P..ID 320,0-705,118 #7f0800c6 app:id/details_edit aid=1073741826} flags=0 reason=SHOW_SOFT_INPUT
04-08 01:08:02.622  1573  1573 I GoogleInputMethodService: GoogleInputMethodService.onStartInput():1877 onStartInput(EditorInfo{inputType=0x20001(Normal) imeOptions=0x44000006 privateImeOptions=null actionName=DONE actionLabel=null actionId=0 initialSelStart=0 initialSelEnd=0 initialCapsMode=0x0 hintText=null label=null packageName=com.example.qr_dasher fieldId=2131230918 fieldName=null extras=Bundle[mParcelledData.dataSize=240]}, false)
04-08 01:08:02.623  1573  1573 I GoogleInputMethodService: GoogleInputMethodService.shouldHideHeaderOnInitialState():4008 ShouldHideHeaderOnInitialState = false
04-08 01:08:02.623  1573  1573 I GoogleInputMethodService: GoogleInputMethodService.updateDeviceLockedStatus():2087 repeatCheckTimes = 2, unlocked = true
04-08 01:08:02.629  1573  1573 I DeviceModeUtil: DeviceModeUtil.getDeviceMode():122 Get device mode phone by ui mode:1 and smallestScreenWidthDp:411
04-08 01:08:02.633  1573  1573 I GoogleInputMethodService: GoogleInputMethodService.onStartInputView():1995 onStartInputView(EditorInfo{inputType=0x20001(Normal) imeOptions=0x44000006 privateImeOptions=null actionName=DONE actionLabel=null actionId=0 initialSelStart=0 initialSelEnd=0 initialCapsMode=0x0 hintText=null label=null packageName=com.example.qr_dasher fieldId=2131230918 fieldName=null extras=Bundle[{android.support.text.emoji.emojiCompat_metadataVersion=9, android.support.text.emoji.emojiCompat_replaceAll=false}]}, false)
04-08 01:08:02.634  1573  1573 I GoogleInputMethodService: GoogleInputMethodService.updateDeviceLockedStatus():2087 repeatCheckTimes = 2, unlocked = true
04-08 01:08:02.635  1573  1573 W ModuleManager: ModuleManager.loadModule():450 Module erj is not available
04-08 01:08:02.635  1573  1660 I DeviceModeUtil: DeviceModeUtil.getDeviceMode():122 Get device mode phone by ui mode:1 and smallestScreenWidthDp:411
04-08 01:08:02.640  1573  1573 I KeyboardViewUtil: KeyboardViewUtil.getKeyboardHeightRatio():189 systemKeyboardHeightRatio:1.000000; userKeyboardHeightRatio:1.000000.
04-08 01:08:02.641  1573  1573 I AndroidIME: AbstractIme.onActivate():86 LatinIme.onActivate() : EditorInfo = inputType=0x20001(Normal) imeOptions=0x44000006 privateImeOptions=null actionName=DONE actionLabel=null actionId=0 initialSelStart=0 initialSelEnd=0 initialCapsMode=0x0 hintText=null label=null packageName=com.example.qr_dasher fieldId=2131230918 fieldName=null extras=Bundle[{android.support.text.emoji.emojiCompat_metadataVersion=9, android.support.text.emoji.emojiCompat_replaceAll=false}], IncognitoMode = false, DeviceLocked = false
04-08 01:08:02.643  1573  1573 I Delight5Facilitator: Delight5Facilitator.initializeForIme():777 initializeForIme() : Locale = [en_US], layout = qwerty
04-08 01:08:02.644  1573  1573 I VoiceInputManagerWrapper: VoiceInputManagerWrapper.cancelShutdown():55 cancelShutdown()
04-08 01:08:02.645  1573  1573 I VoiceInputManagerWrapper: VoiceInputManagerWrapper.syncLanguagePacks():67 syncLanguagePacks()
04-08 01:08:02.646  1573  1573 I LatinIme: LatinIme.updateEnableInlineSuggestionsOnDecoderSideFlags():1003 inline flag updated to:false
04-08 01:08:02.646  1573  3450 I SpeechFactory: SpeechRecognitionFactory.maybeScheduleAutoPackDownloadForFallback():205 maybeScheduleAutoPackDownloadForFallback()
04-08 01:08:02.646  1573  3450 I FallbackOnDeviceRecognitionProvider: FallbackOnDeviceRecognitionProvider.maybeScheduleAutoPackDownload():195 maybeScheduleAutoPackDownload() for language tag en-US
04-08 01:08:02.650  1573  1573 I KeyboardWrapper: KeyboardWrapper.consumeEvent():275 Skip consuming an event as current keyboard is deactivated (state=0, keyboard existence=true)
04-08 01:08:02.658  1573  1573 I KeyboardViewUtil: KeyboardViewUtil.calculateMaxKeyboardBodyHeight():40 leave 354 height for app when screen height:2274, header height:116 and isFullscreenMode:false, so the max keyboard body height is:1804
04-08 01:08:02.658  1573  1573 I DeviceModeUtil: DeviceModeUtil.getDeviceMode():122 Get device mode phone by ui mode:1 and smallestScreenWidthDp:411
04-08 01:08:02.658  1573  1573 I GoogleInputMethodService: GoogleInputMethodService.setKeyboardViewShown():3483 setKeyboardViewShown() : type = HEADER, shownType = SHOW_OPTIONAL
04-08 01:08:02.658  1573  1573 I GoogleInputMethodService: GoogleInputMethodService.setKeyboardViewShown():3530 setKeyboardViewShown() : shouldShow = true
04-08 01:08:02.658  1573  1573 I GoogleInputMethodService: GoogleInputMethodService.setKeyboardViewShown():3483 setKeyboardViewShown() : type = BODY, shownType = SHOW_MANDATORY
04-08 01:08:02.659  1573  1573 I GoogleInputMethodService: GoogleInputMethodService.setKeyboardViewShown():3530 setKeyboardViewShown() : shouldShow = true
04-08 01:08:02.659  1573  1573 I GoogleInputMethodService: GoogleInputMethodService.setKeyboardViewShown():3483 setKeyboardViewShown() : type = FLOATING_CANDIDATES, shownType = HIDE
04-08 01:08:02.659  1573  1573 I GoogleInputMethodService: GoogleInputMethodService.setKeyboardViewShown():3530 setKeyboardViewShown() : shouldShow = false
04-08 01:08:02.660  1573  1573 I KeyboardViewUtil: KeyboardViewUtil.calculateMaxKeyboardBodyHeight():40 leave 354 height for app when screen height:2274, header height:116 and isFullscreenMode:false, so the max keyboard body height is:1804
04-08 01:08:02.660  1573  1573 I DeviceModeUtil: DeviceModeUtil.getDeviceMode():122 Get device mode phone by ui mode:1 and smallestScreenWidthDp:411
04-08 01:08:02.661  1573  1573 I DeviceModeUtil: DeviceModeUtil.getDeviceMode():122 Get device mode phone by ui mode:1 and smallestScreenWidthDp:411
04-08 01:08:02.661  1573  1573 I DeviceModeUtil: DeviceModeUtil.getDeviceMode():122 Get device mode phone by ui mode:1 and smallestScreenWidthDp:411
04-08 01:08:02.661  1573  1573 I KeyboardModeManager: KeyboardModeManager.setInputView():364 setInputView() : supportsOneHandedMode=true
04-08 01:08:02.662  1573  1573 I NormalModeController: NormalModeController.getKeyboardBodyViewHolderPaddingBottom():116 currentPrimeKeyboardType:SOFT systemPaddingBottom:-1
04-08 01:08:02.662  1573  1573 I AndroidIME: KeyboardViewManager.updateKeyboardBodyViewHolderPaddingBottom():604 Set finalPaddingBottom = 0 while keyboardBottomGapFromScreen = 0; navigationHeight = 126
04-08 01:08:02.662  1573  1573 I NormalModeController: NormalModeController.getKeyboardBodyViewHolderPaddingBottom():116 currentPrimeKeyboardType:SOFT systemPaddingBottom:-1
04-08 01:08:02.663  1573  1573 I AndroidIME: KeyboardViewManager.updateKeyboardBodyViewHolderPaddingBottom():604 Set finalPaddingBottom = 0 while keyboardBottomGapFromScreen = 0; navigationHeight = 126
04-08 01:08:02.663  1573  1573 I KeyboardModeManager: KeyboardModeManager.setInputView():356 setInputView() : entry=hwn{languageTag=en-US, variant=qwerty, hasLocalizedResources=true, conditionCacheKey=_device=phone_device_size=default_enable_adaptive_text_editing=true_enable_inline_suggestions_on_client_side=false_enable_large_tablet_batch_1=false_enable_large_tablet_batch_2=false_enable_more_candidates_view_for_multilingual=false_enable_nav_redesign=false_enable_number_row=false_enable_preemptive_decode=true_enable_secondary_symbols=false_expressions=normal_four_or_more_letter_rows=false_keyboard_mode=normal_language=en-US_orientation=portrait_physical_keyboard=qwerty_show_secondary_digits=true_show_suggestions=true_split_with_duplicate_keys=true_variant=qwerty, imeDef.stringId=ime_english_united_states, imeDef.className=com.google.android.apps.inputmethod.libs.latin5.LatinIme, imeDef.languageTag=en-US}
04-08 01:08:02.666  1573  1573 I ProactiveSuggestionsHolderManager: ProactiveSuggestionsHolderManager$3.display():216 Requesting to show proactive suggestions: CLIPBOARD PREEMPTIVE_WITH_SUPPRESSION
04-08 01:08:02.669  1573  1573 I VoiceImeExtension: VoiceImeExtension.shouldStartVoiceInputAutomatically():383 No private IME option set to start voice input.
04-08 01:08:02.712  1573  1699 E OpenGLRenderer: Unable to match the desired swap behavior.
04-08 01:08:02.734  1573  1573 I DeviceModeUtil: DeviceModeUtil.getDeviceMode():122 Get device mode phone by ui mode:1 and smallestScreenWidthDp:411
04-08 01:08:02.735  1573  1573 I DeviceModeUtil: DeviceModeUtil.getDeviceMode():122 Get device mode phone by ui mode:1 and smallestScreenWidthDp:411
04-08 01:08:02.737  1573  1573 I NormalModeController: NormalModeController.getKeyboardBodyViewHolderPaddingBottom():116 currentPrimeKeyboardType:SOFT systemPaddingBottom:-1
04-08 01:08:02.740  1573  2001 I Delight5Decoder: Delight5DecoderWrapper.setKeyboardLayout():457 setKeyboardLayout()
04-08 01:08:02.741  7237  7237 D InsetsController: show(ime(), fromIme=true)
04-08 01:08:02.768  1267  1267 D BoundBrokerSvc: onUnbind: Intent { act=com.google.android.contextmanager.service.ContextManagerService.START pkg=com.google.android.gms }
04-08 01:08:02.855  1573  1573 W TooltipLifecycleManager: TooltipLifecycleManager.dismissTooltips():159 Tooltip with id spell_check_add_to_dictionary not found in tooltipManager.
04-08 01:08:02.974  7237  7237 I ImeTracker: com.example.qr_dasher:7bdeeadc: onShown
04-08 01:08:03.089  7237  7237 D UiControllerImpl: Injecting string: "User details"
04-08 01:08:03.164  7237  7286 D EGL_emulation: app_time_stats: avg=63.42ms min=10.91ms max=381.58ms count=16
04-08 01:08:03.183  1573  1573 I GoogleInputMethodService: GoogleInputMethodService.setKeyboardViewShown():3483 setKeyboardViewShown() : type = HEADER, shownType = SHOW_MANDATORY_WITH_ANIMATION
04-08 01:08:03.183  1573  1573 I GoogleInputMethodService: GoogleInputMethodService.setKeyboardViewShown():3530 setKeyboardViewShown() : shouldShow = true
04-08 01:08:03.186  1573  1573 I KeyboardViewController: KeyboardViewController.lambda$showSelfAndAncestors$6():609 current view doesn't has the priority com.google.android.apps.inputmethod.latin.keyboard.widget.LatinFixedCountCandidatesHolderView{25b1064 I.E...... ......ID 0,0-850,116 #7f0b141a app:id/softkey_holder_fixed_candidates} to show itself, PREEMPTIVE
04-08 01:08:03.245  1573  1573 I GoogleInputMethodService: GoogleInputMethodService.setKeyboardViewShown():3483 setKeyboardViewShown() : type = HEADER, shownType = SHOW_MANDATORY_WITH_ANIMATION
04-08 01:08:03.245  1573  1573 I GoogleInputMethodService: GoogleInputMethodService.setKeyboardViewShown():3530 setKeyboardViewShown() : shouldShow = true
04-08 01:08:03.246  1573  1573 I KeyboardViewController: KeyboardViewController.lambda$showSelfAndAncestors$6():609 current view doesn't has the priority com.google.android.apps.inputmethod.latin.keyboard.widget.LatinFixedCountCandidatesHolderView{25b1064 I.E...... ......ID 0,0-850,116 #7f0b141a app:id/softkey_holder_fixed_candidates} to show itself, PREEMPTIVE
04-08 01:08:03.280  1573  1573 I GoogleInputMethodService: GoogleInputMethodService.setKeyboardViewShown():3483 setKeyboardViewShown() : type = HEADER, shownType = SHOW_MANDATORY_WITH_ANIMATION
04-08 01:08:03.280  1573  1573 I GoogleInputMethodService: GoogleInputMethodService.setKeyboardViewShown():3530 setKeyboardViewShown() : shouldShow = true
04-08 01:08:03.281  1573  1573 I KeyboardViewController: KeyboardViewController.lambda$showSelfAndAncestors$6():609 current view doesn't has the priority com.google.android.apps.inputmethod.latin.keyboard.widget.LatinFixedCountCandidatesHolderView{25b1064 I.E...... ......ID 0,0-850,116 #7f0b141a app:id/softkey_holder_fixed_candidates} to show itself, PREEMPTIVE
04-08 01:08:03.333  1573  1573 I GoogleInputMethodService: GoogleInputMethodService.setKeyboardViewShown():3483 setKeyboardViewShown() : type = HEADER, shownType = SHOW_MANDATORY_WITH_ANIMATION
04-08 01:08:03.333  1573  1573 I GoogleInputMethodService: GoogleInputMethodService.setKeyboardViewShown():3530 setKeyboardViewShown() : shouldShow = true
04-08 01:08:03.334  1573  1573 I KeyboardViewController: KeyboardViewController.lambda$showSelfAndAncestors$6():609 current view doesn't has the priority com.google.android.apps.inputmethod.latin.keyboard.widget.LatinFixedCountCandidatesHolderView{25b1064 I.E...... ......ID 0,0-850,116 #7f0b141a app:id/softkey_holder_fixed_candidates} to show itself, PREEMPTIVE
04-08 01:08:03.351  1573  1573 I GoogleInputMethodService: GoogleInputMethodService.setKeyboardViewShown():3483 setKeyboardViewShown() : type = HEADER, shownType = SHOW_MANDATORY_WITH_ANIMATION
04-08 01:08:03.352  1573  1573 I GoogleInputMethodService: GoogleInputMethodService.setKeyboardViewShown():3530 setKeyboardViewShown() : shouldShow = true
04-08 01:08:03.353  1573  1573 I KeyboardViewController: KeyboardViewController.lambda$showSelfAndAncestors$6():609 current view doesn't has the priority com.google.android.apps.inputmethod.latin.keyboard.widget.LatinFixedCountCandidatesHolderView{25b1064 I.E...... ......ID 0,0-850,116 #7f0b141a app:id/softkey_holder_fixed_candidates} to show itself, PREEMPTIVE
04-08 01:08:03.387  1573  1573 I GoogleInputMethodService: GoogleInputMethodService.setKeyboardViewShown():3483 setKeyboardViewShown() : type = HEADER, shownType = SHOW_MANDATORY_WITH_ANIMATION
04-08 01:08:03.387  1573  1573 I GoogleInputMethodService: GoogleInputMethodService.setKeyboardViewShown():3530 setKeyboardViewShown() : shouldShow = true
04-08 01:08:03.389  1573  1573 I KeyboardViewController: KeyboardViewController.lambda$showSelfAndAncestors$6():609 current view doesn't has the priority com.google.android.apps.inputmethod.latin.keyboard.widget.LatinFixedCountCandidatesHolderView{25b1064 I.E...... ......ID 0,0-850,116 #7f0b141a app:id/softkey_holder_fixed_candidates} to show itself, PREEMPTIVE
04-08 01:08:03.421  1573  1573 I GoogleInputMethodService: GoogleInputMethodService.setKeyboardViewShown():3483 setKeyboardViewShown() : type = HEADER, shownType = SHOW_MANDATORY_WITH_ANIMATION
04-08 01:08:03.421  1573  1573 I GoogleInputMethodService: GoogleInputMethodService.setKeyboardViewShown():3530 setKeyboardViewShown() : shouldShow = true
04-08 01:08:03.422  1573  1573 I KeyboardViewController: KeyboardViewController.lambda$showSelfAndAncestors$6():609 current view doesn't has the priority com.google.android.apps.inputmethod.latin.keyboard.widget.LatinFixedCountCandidatesHolderView{25b1064 I.E...... ......ID 0,0-850,116 #7f0b141a app:id/softkey_holder_fixed_candidates} to show itself, PREEMPTIVE
04-08 01:08:03.454  1573  1573 I GoogleInputMethodService: GoogleInputMethodService.setKeyboardViewShown():3483 setKeyboardViewShown() : type = HEADER, shownType = SHOW_MANDATORY_WITH_ANIMATION
04-08 01:08:03.454  1573  1573 I GoogleInputMethodService: GoogleInputMethodService.setKeyboardViewShown():3530 setKeyboardViewShown() : shouldShow = true
04-08 01:08:03.455  1573  1573 I KeyboardViewController: KeyboardViewController.lambda$showSelfAndAncestors$6():609 current view doesn't has the priority com.google.android.apps.inputmethod.latin.keyboard.widget.LatinFixedCountCandidatesHolderView{25b1064 I.E...... ......ID 0,0-850,116 #7f0b141a app:id/softkey_holder_fixed_candidates} to show itself, PREEMPTIVE
04-08 01:08:03.513  1573  1573 I GoogleInputMethodService: GoogleInputMethodService.setKeyboardViewShown():3483 setKeyboardViewShown() : type = HEADER, shownType = SHOW_MANDATORY_WITH_ANIMATION
04-08 01:08:03.513  1573  1573 I GoogleInputMethodService: GoogleInputMethodService.setKeyboardViewShown():3530 setKeyboardViewShown() : shouldShow = true
04-08 01:08:03.513  1573  1573 I KeyboardViewController: KeyboardViewController.lambda$showSelfAndAncestors$6():609 current view doesn't has the priority com.google.android.apps.inputmethod.latin.keyboard.widget.LatinFixedCountCandidatesHolderView{25b1064 I.E...... ......ID 0,0-850,116 #7f0b141a app:id/softkey_holder_fixed_candidates} to show itself, PREEMPTIVE
04-08 01:08:03.555  1573  1573 I GoogleInputMethodService: GoogleInputMethodService.setKeyboardViewShown():3483 setKeyboardViewShown() : type = HEADER, shownType = SHOW_MANDATORY_WITH_ANIMATION
04-08 01:08:03.556  1573  1573 I GoogleInputMethodService: GoogleInputMethodService.setKeyboardViewShown():3530 setKeyboardViewShown() : shouldShow = true
04-08 01:08:03.559  1573  1573 I KeyboardViewController: KeyboardViewController.lambda$showSelfAndAncestors$6():609 current view doesn't has the priority com.google.android.apps.inputmethod.latin.keyboard.widget.LatinFixedCountCandidatesHolderView{25b1064 I.E...... ......ID 0,0-850,116 #7f0b141a app:id/softkey_holder_fixed_candidates} to show itself, PREEMPTIVE
04-08 01:08:03.598  1573  1573 I GoogleInputMethodService: GoogleInputMethodService.setKeyboardViewShown():3483 setKeyboardViewShown() : type = HEADER, shownType = SHOW_MANDATORY_WITH_ANIMATION
04-08 01:08:03.598  1573  1573 I GoogleInputMethodService: GoogleInputMethodService.setKeyboardViewShown():3530 setKeyboardViewShown() : shouldShow = true
04-08 01:08:03.599  1573  1573 I KeyboardViewController: KeyboardViewController.lambda$showSelfAndAncestors$6():609 current view doesn't has the priority com.google.android.apps.inputmethod.latin.keyboard.widget.LatinFixedCountCandidatesHolderView{25b1064 I.E...... ......ID 0,0-850,116 #7f0b141a app:id/softkey_holder_fixed_candidates} to show itself, PREEMPTIVE
04-08 01:08:03.609  7237  7237 I ViewInteraction: Performing 'close keyboard' action on view view.getId() is <2131230918/com.example.qr_dasher:id/details_edit>
04-08 01:08:03.609  7237  7237 D IdlingRegistry: Registering idling resources: [androidx.test.espresso.action.CloseKeyboardAction$CloseKeyboardIdlingResult@77306e0]
04-08 01:08:03.611  7237  7237 I ImeTracker: com.example.qr_dasher:8752b425: onRequestHide at ORIGIN_CLIENT_HIDE_SOFT_INPUT reason HIDE_SOFT_INPUT
04-08 01:08:03.617  1573  1573 I GoogleInputMethodService: GoogleInputMethodService.onFinishInputView():2241
04-08 01:08:03.618  1573  1573 W TooltipLifecycleManager: TooltipLifecycleManager.dismissTooltips():159 Tooltip with id spell_check_add_to_dictionary not found in tooltipManager.
04-08 01:08:03.626  1573  1573 I InputBundle: InputBundle.consumeEvent():923 Skip consuming an event as keyboard status is 0
04-08 01:08:03.629  1573  1573 I KeyboardWrapper: KeyboardWrapper.consumeEvent():275 Skip consuming an event as current keyboard is deactivated (state=0, keyboard existence=true)
04-08 01:08:03.631  1573  1573 I VoiceInputManagerWrapper: VoiceInputManagerWrapper.shutdown():77 shutdown()
04-08 01:08:03.636  1573  1573 I AndroidIME: AbstractIme.onDeactivate():207 LatinIme.onDeactivate()
04-08 01:08:03.643  1573  2001 I native  : I0000 00:00:1712560083.643251    2001 input-context-store.cc:255] Ignoring stale client request for FetchSuggestions
04-08 01:08:03.645  1573  2001 I native  : I0000 00:00:1712560083.645073    2001 input-context-store.cc:178] Ignoring stale client request for OverrideDecodedCandidates
04-08 01:08:03.654  1573  1573 W InputContextProxyV4: InputContextProxyV4.applyClientDiffInternal():897 Ignore [FetchSuggestions] diff due to stale request: 5510<5511, inputStateId=0, lastInputStateId=5399
04-08 01:08:03.658  1573  2548 E native  : E0000 00:00:1712560083.575974    2548 keyboard.cc:27] Cannot create a keyboard with 0 valid keys
04-08 01:08:03.667  7237  7237 W WindowOnBackDispatcher: sendCancelIfRunning: isInProgress=falsecallback=ImeCallback=ImeOnBackInvokedCallback@77554338 Callback=android.window.IOnBackInvokedCallback$Stub$Proxy@eb1b10c
04-08 01:08:03.874  7237  7237 I ImeTracker: com.example.qr_dasher:9b6b2021: onRequestHide at ORIGIN_CLIENT_HIDE_SOFT_INPUT reason HIDE_SOFT_INPUT_BY_INSETS_API
04-08 01:08:03.875   571  1382 I ImeTracker: com.example.qr_dasher:9b6b2021: onCancelled at PHASE_SERVER_SHOULD_HIDE
04-08 01:08:03.876  7237  7237 I ImeTracker: com.example.qr_dasher:8752b425: onHidden
04-08 01:08:03.970  7237  7237 D IdlingRegistry: Unregistering idling resources: [androidx.test.espresso.action.CloseKeyboardAction$CloseKeyboardIdlingResult@77306e0]
04-08 01:08:03.978  7237  7237 I ViewInteraction: Performing 'single click' action on view view.getId() is <2131231340/com.example.qr_dasher:id/upload_button>
04-08 01:08:04.026  7237  7237 D EmailValidation: Valid email: johndoe@example.com
04-08 01:08:04.060  7237  7237 D Token   : ex-A9El7TCyFjEb-U2Q_WW:APA91bGgKoVDG6xmXbZF9PdyW-pe3_jiG4N6RFJyYkCvNAKJqZFYV9Xhe9BVBGG4Yzf2xIlvPq4qDc3GCcJFf7GpkuiwZWk1wzE54emMCChPFv6T_jM5kpYgEENwqCuBx3gNH8tnANjY
04-08 01:08:04.071   412   412 I BpBinder: onLastStrongRef automatically unlinking death recipients:
04-08 01:08:04.102   408 11681 D audioserver: FGS Logger Transaction failed
04-08 01:08:04.102   408 11681 D audioserver: -129
04-08 01:08:04.169  7237  7237 D LifecycleMonitor: Lifecycle status change: com.example.qr_dasher.HomePage@7ca2278 in: PAUSED
04-08 01:08:04.171  7237  7237 V ActivityScenario: Update currentActivityStage to PAUSED, currentActivity=com.example.qr_dasher.HomePage@7ca2278
04-08 01:08:04.183  7237  7286 D EGL_emulation: app_time_stats: avg=29.49ms min=3.58ms max=207.32ms count=33
04-08 01:08:04.225  7237  7237 D LifecycleMonitor: Lifecycle status change: com.example.qr_dasher.RolePage@67ce4db in: PRE_ON_CREATE
04-08 01:08:04.228  7237  7237 V ActivityScenario: Activity lifecycle changed event received but ignored because the intent does not match. startActivityIntent=Intent { act=android.intent.action.MAIN cat=[android.intent.category.LAUNCHER] flg=0x10008000 cmp=com.example.qr_dasher/.HomePage }, activity.getIntent()=Intent { cmp=com.example.qr_dasher/.RolePage }, activity=com.example.qr_dasher.RolePage@67ce4db
04-08 01:08:04.266  1267  5222 W NetworkScheduler: Error inserting flex_time=4000 job_id=-1 period=10000 source=16 requires_charging=0 preferred_network_type=1 target_class=com.google.android.gms.measurement.PackageMeasurementTaskService user_id=0 target_package=com.google.android.gms tag=Measurement.PackageMeasurementTaskService.UPLOAD_TASK_TAG task_type=0 required_idleness_state=0 service_kind=0 source_version=240812000 persistence_level=1 preferred_charging_state=1 required_network_type=0 runtime=1712560084262 retry_strategy={"maximum_backoff_seconds":{"3600":0},"initial_backoff_seconds":{"30":0},"retry_policy":{"0":0}} last_runtime=0 [CONTEXT service_id=218 ]
04-08 01:08:04.266  1267  5222 W NetworkScheduler: android.database.sqlite.SQLiteConstraintException: UNIQUE constraint failed: pending_ops.tag, pending_ops.target_class, pending_ops.target_package, pending_ops.user_id (code 2067 SQLITE_CONSTRAINT_UNIQUE)
04-08 01:08:04.266  1267  5222 W NetworkScheduler: 	at android.database.sqlite.SQLiteConnection.nativeExecuteForLastInsertedRowId(Native Method)
04-08 01:08:04.266  1267  5222 W NetworkScheduler: 	at android.database.sqlite.SQLiteConnection.executeForLastInsertedRowId(SQLiteConnection.java:961)
04-08 01:08:04.266  1267  5222 W NetworkScheduler: 	at android.database.sqlite.SQLiteSession.executeForLastInsertedRowId(SQLiteSession.java:790)
04-08 01:08:04.266  1267  5222 W NetworkScheduler: 	at android.database.sqlite.SQLiteStatement.executeInsert(SQLiteStatement.java:89)
04-08 01:08:04.266  1267  5222 W NetworkScheduler: 	at android.database.sqlite.SQLiteDatabase.insertWithOnConflict(SQLiteDatabase.java:1870)
04-08 01:08:04.266  1267  5222 W NetworkScheduler: 	at android.database.sqlite.SQLiteDatabase.insertOrThrow(SQLiteDatabase.java:1765)
04-08 01:08:04.266  1267  5222 W NetworkScheduler: 	at ctph.d(:com.google.android.gms@240812041@24.08.12 (190800-608507424):743)
04-08 01:08:04.266  1267  5222 W NetworkScheduler: 	at ctne.n(:com.google.android.gms@240812041@24.08.12 (190800-608507424):29)
04-08 01:08:04.266  1267  5222 W NetworkScheduler: 	at ctne.u(:com.google.android.gms@240812041@24.08.12 (190800-608507424):362)
04-08 01:08:04.266  1267  5222 W NetworkScheduler: 	at ctne.h(:com.google.android.gms@240812041@24.08.12 (190800-608507424):51)
04-08 01:08:04.266  1267  5222 W NetworkScheduler: 	at ctih.run(:com.google.android.gms@240812041@24.08.12 (190800-608507424):72)
04-08 01:08:04.266  1267  5222 W NetworkScheduler: 	at alab.c(:com.google.android.gms@240812041@24.08.12 (190800-608507424):50)
04-08 01:08:04.266  1267  5222 W NetworkScheduler: 	at alab.run(:com.google.android.gms@240812041@24.08.12 (190800-608507424):76)
04-08 01:08:04.266  1267  5222 W NetworkScheduler: 	at java.util.concurrent.ThreadPoolExecutor.runWorker(ThreadPoolExecutor.java:1145)
04-08 01:08:04.266  1267  5222 W NetworkScheduler: 	at java.util.concurrent.ThreadPoolExecutor$Worker.run(ThreadPoolExecutor.java:644)
04-08 01:08:04.266  1267  5222 W NetworkScheduler: 	at alfp.run(:com.google.android.gms@240812041@24.08.12 (190800-608507424):8)
04-08 01:08:04.266  1267  5222 W NetworkScheduler: 	at java.lang.Thread.run(Thread.java:1012)
04-08 01:08:04.297  7237  7237 D LifecycleMonitor: Lifecycle status change: com.example.qr_dasher.RolePage@67ce4db in: CREATED
04-08 01:08:04.298  7237  7237 V ActivityScenario: Activity lifecycle changed event received but ignored because the intent does not match. startActivityIntent=Intent { act=android.intent.action.MAIN cat=[android.intent.category.LAUNCHER] flg=0x10008000 cmp=com.example.qr_dasher/.HomePage }, activity.getIntent()=Intent { cmp=com.example.qr_dasher/.RolePage }, activity=com.example.qr_dasher.RolePage@67ce4db
04-08 01:08:04.302  7237  7237 D LifecycleMonitor: Lifecycle status change: com.example.qr_dasher.RolePage@67ce4db in: STARTED
04-08 01:08:04.303  7237  7237 V ActivityScenario: Activity lifecycle changed event received but ignored because the intent does not match. startActivityIntent=Intent { act=android.intent.action.MAIN cat=[android.intent.category.LAUNCHER] flg=0x10008000 cmp=com.example.qr_dasher/.HomePage }, activity.getIntent()=Intent { cmp=com.example.qr_dasher/.RolePage }, activity=com.example.qr_dasher.RolePage@67ce4db
04-08 01:08:04.308  7237  7237 D LifecycleMonitor: Lifecycle status change: com.example.qr_dasher.RolePage@67ce4db in: RESUMED
04-08 01:08:04.310  7237  7237 V ActivityScenario: Activity lifecycle changed event received but ignored because the intent does not match. startActivityIntent=Intent { act=android.intent.action.MAIN cat=[android.intent.category.LAUNCHER] flg=0x10008000 cmp=com.example.qr_dasher/.HomePage }, activity.getIntent()=Intent { cmp=com.example.qr_dasher/.RolePage }, activity=com.example.qr_dasher.RolePage@67ce4db
04-08 01:08:04.362   408   534 D audioserver: FGS Logger Transaction failed
04-08 01:08:04.362   408   534 D audioserver: -129
04-08 01:08:04.382  7237  7286 E OpenGLRenderer: Unable to match the desired swap behavior.
04-08 01:08:04.487  1267  5889 W NetworkScheduler: Error inserting flex_time=4000 job_id=-1 period=10000 source=16 requires_charging=0 preferred_network_type=1 target_class=com.google.android.gms.measurement.PackageMeasurementTaskService user_id=0 target_package=com.google.android.gms tag=Measurement.PackageMeasurementTaskService.UPLOAD_TASK_TAG task_type=0 required_idleness_state=0 service_kind=0 source_version=240812000 persistence_level=1 preferred_charging_state=1 required_network_type=0 runtime=1712560084481 retry_strategy={"maximum_backoff_seconds":{"3600":0},"initial_backoff_seconds":{"30":0},"retry_policy":{"0":0}} last_runtime=0 [CONTEXT service_id=218 ]
04-08 01:08:04.487  1267  5889 W NetworkScheduler: android.database.sqlite.SQLiteConstraintException: UNIQUE constraint failed: pending_ops.tag, pending_ops.target_class, pending_ops.target_package, pending_ops.user_id (code 2067 SQLITE_CONSTRAINT_UNIQUE)
04-08 01:08:04.487  1267  5889 W NetworkScheduler: 	at android.database.sqlite.SQLiteConnection.nativeExecuteForLastInsertedRowId(Native Method)
04-08 01:08:04.487  1267  5889 W NetworkScheduler: 	at android.database.sqlite.SQLiteConnection.executeForLastInsertedRowId(SQLiteConnection.java:961)
04-08 01:08:04.487  1267  5889 W NetworkScheduler: 	at android.database.sqlite.SQLiteSession.executeForLastInsertedRowId(SQLiteSession.java:790)
04-08 01:08:04.487  1267  5889 W NetworkScheduler: 	at android.database.sqlite.SQLiteStatement.executeInsert(SQLiteStatement.java:89)
04-08 01:08:04.487  1267  5889 W NetworkScheduler: 	at android.database.sqlite.SQLiteDatabase.insertWithOnConflict(SQLiteDatabase.java:1870)
04-08 01:08:04.487  1267  5889 W NetworkScheduler: 	at android.database.sqlite.SQLiteDatabase.insertOrThrow(SQLiteDatabase.java:1765)
04-08 01:08:04.487  1267  5889 W NetworkScheduler: 	at ctph.d(:com.google.android.gms@240812041@24.08.12 (190800-608507424):743)
04-08 01:08:04.487  1267  5889 W NetworkScheduler: 	at ctne.n(:com.google.android.gms@240812041@24.08.12 (190800-608507424):29)
04-08 01:08:04.487  1267  5889 W NetworkScheduler: 	at ctne.u(:com.google.android.gms@240812041@24.08.12 (190800-608507424):362)
04-08 01:08:04.487  1267  5889 W NetworkScheduler: 	at ctne.h(:com.google.android.gms@240812041@24.08.12 (190800-608507424):51)
04-08 01:08:04.487  1267  5889 W NetworkScheduler: 	at ctih.run(:com.google.android.gms@240812041@24.08.12 (190800-608507424):72)
04-08 01:08:04.487  1267  5889 W NetworkScheduler: 	at alab.c(:com.google.android.gms@240812041@24.08.12 (190800-608507424):50)
04-08 01:08:04.487  1267  5889 W NetworkScheduler: 	at alab.run(:com.google.android.gms@240812041@24.08.12 (190800-608507424):97)
04-08 01:08:04.487  1267  5889 W NetworkScheduler: 	at java.util.concurrent.ThreadPoolExecutor.runWorker(ThreadPoolExecutor.java:1145)
04-08 01:08:04.487  1267  5889 W NetworkScheduler: 	at java.util.concurrent.ThreadPoolExecutor$Worker.run(ThreadPoolExecutor.java:644)
04-08 01:08:04.487  1267  5889 W NetworkScheduler: 	at alfp.run(:com.google.android.gms@240812041@24.08.12 (190800-608507424):8)
04-08 01:08:04.487  1267  5889 W NetworkScheduler: 	at java.lang.Thread.run(Thread.java:1012)
04-08 01:08:04.502   571   593 I ActivityTaskManager: Displayed com.example.qr_dasher/.RolePage for user 0: +461ms
04-08 01:08:04.658  7237  7343 D TrafficStats: tagSocket(145) with statsTag=0xffffffff, statsUid=-1
04-08 01:08:04.761  7237  7343 W ample.qr_dasher: Accessing hidden field Ljava/net/Socket;->impl:Ljava/net/SocketImpl; (unsupported, reflection, allowed)
04-08 01:08:04.778   571  1382 I ImeTracker: com.example.qr_dasher:920ef610: onRequestHide at ORIGIN_SERVER_HIDE_INPUT reason HIDE_UNSPECIFIED_WINDOW
04-08 01:08:04.780   571  1382 I ImeTracker: com.example.qr_dasher:920ef610: onCancelled at PHASE_SERVER_SHOULD_HIDE
04-08 01:08:04.782  1573  1573 I GoogleInputMethodService: GoogleInputMethodService.onFinishInput():3227
04-08 01:08:04.784  1573  1573 I GoogleInputMethodService: GoogleInputMethodService.updateDeviceLockedStatus():2087 repeatCheckTimes = 0, unlocked = true
04-08 01:08:04.784  1573  1573 I GoogleInputMethodService: GoogleInputMethodService.onStartInput():1877 onStartInput(EditorInfo{inputType=0x0(NULL) imeOptions=0x0 privateImeOptions=null actionName=UNSPECIFIED actionLabel=null actionId=0 initialSelStart=-1 initialSelEnd=-1 initialCapsMode=0x0 hintText=null label=null packageName=com.example.qr_dasher fieldId=0 fieldName=null extras=null}, false)
04-08 01:08:04.784  1573  1573 I GoogleInputMethodService: GoogleInputMethodService.shouldHideHeaderOnInitialState():4008 ShouldHideHeaderOnInitialState = false
04-08 01:08:04.784  7237  7237 I ViewInteraction: Checking 'MatchesViewAssertion{viewMatcher=view has effective visibility <VISIBLE>}' assertion on view view.getId() is <2131231156/com.example.qr_dasher:id/organizer_button>
