04-08 01:08:04.785  1573  1573 I GoogleInputMethodService: GoogleInputMethodService.updateDeviceLockedStatus():2087 repeatCheckTimes = 2, unlocked = true
04-08 01:08:04.791  7237  7237 I ViewInteraction: Performing 'single click' action on view view.getId() is <2131231156/com.example.qr_dasher:id/organizer_button>
04-08 01:08:04.884   408 11681 D audioserver: FGS Logger Transaction failed
04-08 01:08:04.884   408 11681 D audioserver: -129
04-08 01:08:04.895  1391  1391 D StatusBarIconController: ignoring old pipeline callbacks, because the new mobile icons are enabled
04-08 01:08:04.900  7237  7237 D LifecycleMonitor: Lifecycle status change: com.example.qr_dasher.RolePage@67ce4db in: PAUSED
04-08 01:08:04.901  7237  7237 V ActivityScenario: Activity lifecycle changed event received but ignored because the intent does not match. startActivityIntent=Intent { act=android.intent.action.MAIN cat=[android.intent.category.LAUNCHER] flg=0x10008000 cmp=com.example.qr_dasher/.HomePage }, activity.getIntent()=Intent { cmp=com.example.qr_dasher/.RolePage }, activity=com.example.qr_dasher.RolePage@67ce4db
04-08 01:08:04.902   408   534 D AudioFlinger: mixer(0x72cffd203930) throttle end: throttle time(35)
04-08 01:08:04.929  7237  7237 D LifecycleMonitor: Lifecycle status change: com.example.qr_dasher.Organizer@819cff3 in: PRE_ON_CREATE
04-08 01:08:04.930  7237  7237 V ActivityScenario: Activity lifecycle changed event received but ignored because the intent does not match. startActivityIntent=Intent { act=android.intent.action.MAIN cat=[android.intent.category.LAUNCHER] flg=0x10008000 cmp=com.example.qr_dasher/.HomePage }, activity.getIntent()=Intent { cmp=com.example.qr_dasher/.Organizer }, activity=com.example.qr_dasher.Organizer@819cff3
04-08 01:08:05.013  7237  7237 D CompatibilityChangeReporter: Compat change id reported: 171228096; UID 10230; state: ENABLED
04-08 01:08:05.035  7237  7237 D LifecycleMonitor: Lifecycle status change: com.example.qr_dasher.Organizer@819cff3 in: CREATED
04-08 01:08:05.035  7237  7237 V ActivityScenario: Activity lifecycle changed event received but ignored because the intent does not match. startActivityIntent=Intent { act=android.intent.action.MAIN cat=[android.intent.category.LAUNCHER] flg=0x10008000 cmp=com.example.qr_dasher/.HomePage }, activity.getIntent()=Intent { cmp=com.example.qr_dasher/.Organizer }, activity=com.example.qr_dasher.Organizer@819cff3
04-08 01:08:05.040  7237  7237 D LifecycleMonitor: Lifecycle status change: com.example.qr_dasher.Organizer@819cff3 in: STARTED
04-08 01:08:05.041  7237  7237 V ActivityScenario: Activity lifecycle changed event received but ignored because the intent does not match. startActivityIntent=Intent { act=android.intent.action.MAIN cat=[android.intent.category.LAUNCHER] flg=0x10008000 cmp=com.example.qr_dasher/.HomePage }, activity.getIntent()=Intent { cmp=com.example.qr_dasher/.Organizer }, activity=com.example.qr_dasher.Organizer@819cff3
04-08 01:08:05.044  7237  7237 D LifecycleMonitor: Lifecycle status change: com.example.qr_dasher.Organizer@819cff3 in: RESUMED
04-08 01:08:05.044  7237  7237 V ActivityScenario: Activity lifecycle changed event received but ignored because the intent does not match. startActivityIntent=Intent { act=android.intent.action.MAIN cat=[android.intent.category.LAUNCHER] flg=0x10008000 cmp=com.example.qr_dasher/.HomePage }, activity.getIntent()=Intent { cmp=com.example.qr_dasher/.Organizer }, activity=com.example.qr_dasher.Organizer@819cff3
04-08 01:08:05.102  7237  7343 W ample.qr_dasher: Accessing hidden method Ljava/security/spec/ECParameterSpec;->setCurveName(Ljava/lang/String;)V (unsupported, reflection, allowed)
04-08 01:08:05.119  7237  7286 E OpenGLRenderer: Unable to match the desired swap behavior.
04-08 01:08:05.128   408   534 D audioserver: FGS Logger Transaction failed
04-08 01:08:05.128   408   534 D audioserver: -129
04-08 01:08:05.282   571   593 I ActivityTaskManager: Displayed com.example.qr_dasher/.Organizer for user 0: +360ms
04-08 01:08:05.320  7237  7237 D LifecycleMonitor: Lifecycle status change: com.example.qr_dasher.HomePage@7ca2278 in: STOPPED
04-08 01:08:05.321  7237  7237 V ActivityScenario: Update currentActivityStage to STOPPED, currentActivity=com.example.qr_dasher.HomePage@7ca2278
04-08 01:08:05.330  7237  7237 D LifecycleMonitor: Lifecycle status change: com.example.qr_dasher.HomePage@7ca2278 in: DESTROYED
04-08 01:08:05.330  7237  7237 V ActivityScenario: Update currentActivityStage to DESTROYED, currentActivity=null
04-08 01:08:05.331  7237  7237 W WindowOnBackDispatcher: sendCancelIfRunning: isInProgress=falsecallback=android.view.ViewRootImpl$$ExternalSyntheticLambda17@978d03d
04-08 01:08:05.352   571   892 W InputManager-JNI: Input channel object 'e75045d com.example.qr_dasher/com.example.qr_dasher.HomePage (client)' was disposed without first being removed with the input manager!
04-08 01:08:05.455  1267  7341 W NetworkScheduler: Error inserting flex_time=3000 job_id=-1 period=8000 source=16 requires_charging=0 preferred_network_type=1 target_class=com.google.android.gms.measurement.PackageMeasurementTaskService user_id=0 target_package=com.google.android.gms tag=Measurement.PackageMeasurementTaskService.UPLOAD_TASK_TAG task_type=0 required_idleness_state=0 service_kind=0 source_version=240812000 persistence_level=1 preferred_charging_state=1 required_network_type=0 runtime=1712560085437 retry_strategy={"maximum_backoff_seconds":{"3600":0},"initial_backoff_seconds":{"30":0},"retry_policy":{"0":0}} last_runtime=0 [CONTEXT service_id=218 ]
04-08 01:08:05.455  1267  7341 W NetworkScheduler: android.database.sqlite.SQLiteConstraintException: UNIQUE constraint failed: pending_ops.tag, pending_ops.target_class, pending_ops.target_package, pending_ops.user_id (code 2067 SQLITE_CONSTRAINT_UNIQUE)
04-08 01:08:05.455  1267  7341 W NetworkScheduler: 	at android.database.sqlite.SQLiteConnection.nativeExecuteForLastInsertedRowId(Native Method)
04-08 01:08:05.455  1267  7341 W NetworkScheduler: 	at android.database.sqlite.SQLiteConnection.executeForLastInsertedRowId(SQLiteConnection.java:961)
04-08 01:08:05.455  1267  7341 W NetworkScheduler: 	at android.database.sqlite.SQLiteSession.executeForLastInsertedRowId(SQLiteSession.java:790)
04-08 01:08:05.455  1267  7341 W NetworkScheduler: 	at android.database.sqlite.SQLiteStatement.executeInsert(SQLiteStatement.java:89)
04-08 01:08:05.455  1267  7341 W NetworkScheduler: 	at android.database.sqlite.SQLiteDatabase.insertWithOnConflict(SQLiteDatabase.java:1870)
04-08 01:08:05.455  1267  7341 W NetworkScheduler: 	at android.database.sqlite.SQLiteDatabase.insertOrThrow(SQLiteDatabase.java:1765)
04-08 01:08:05.455  1267  7341 W NetworkScheduler: 	at ctph.d(:com.google.android.gms@240812041@24.08.12 (190800-608507424):743)
04-08 01:08:05.455  1267  7341 W NetworkScheduler: 	at ctne.n(:com.google.android.gms@240812041@24.08.12 (190800-608507424):29)
04-08 01:08:05.455  1267  7341 W NetworkScheduler: 	at ctne.u(:com.google.android.gms@240812041@24.08.12 (190800-608507424):362)
04-08 01:08:05.455  1267  7341 W NetworkScheduler: 	at ctne.h(:com.google.android.gms@240812041@24.08.12 (190800-608507424):51)
04-08 01:08:05.455  1267  7341 W NetworkScheduler: 	at ctih.run(:com.google.android.gms@240812041@24.08.12 (190800-608507424):72)
04-08 01:08:05.455  1267  7341 W NetworkScheduler: 	at alab.c(:com.google.android.gms@240812041@24.08.12 (190800-608507424):50)
04-08 01:08:05.455  1267  7341 W NetworkScheduler: 	at alab.run(:com.google.android.gms@240812041@24.08.12 (190800-608507424):76)
04-08 01:08:05.455  1267  7341 W NetworkScheduler: 	at java.util.concurrent.ThreadPoolExecutor.runWorker(ThreadPoolExecutor.java:1145)
04-08 01:08:05.455  1267  7341 W NetworkScheduler: 	at java.util.concurrent.ThreadPoolExecutor$Worker.run(ThreadPoolExecutor.java:644)
04-08 01:08:05.455  1267  7341 W NetworkScheduler: 	at alfp.run(:com.google.android.gms@240812041@24.08.12 (190800-608507424):8)
04-08 01:08:05.455  1267  7341 W NetworkScheduler: 	at java.lang.Thread.run(Thread.java:1012)
04-08 01:08:05.461  7237  7246 I ample.qr_dasher: Background concurrent copying GC freed 142348(8421KB) AllocSpace objects, 44(1772KB) LOS objects, 49% free, 7290KB/14MB, paused 1.326ms,949us total 447.307ms
04-08 01:08:05.520  7237  7237 D RootViewPicker: Root not ready - waiting: 10ms for one to appear.
04-08 01:08:05.533  7237  7237 D RootViewPicker: Root not ready - waiting: 25ms for one to appear.
04-08 01:08:05.545   571   892 I ImeTracker: com.example.qr_dasher:5203710d: onRequestHide at ORIGIN_SERVER_HIDE_INPUT reason HIDE_UNSPECIFIED_WINDOW
04-08 01:08:05.546   571   892 I ImeTracker: com.example.qr_dasher:5203710d: onCancelled at PHASE_SERVER_SHOULD_HIDE
04-08 01:08:05.550  1573  1573 I GoogleInputMethodService: GoogleInputMethodService.onFinishInput():3227
04-08 01:08:05.559  1573  1573 I GoogleInputMethodService: GoogleInputMethodService.updateDeviceLockedStatus():2087 repeatCheckTimes = 0, unlocked = true
04-08 01:08:05.561  1573  1573 I GoogleInputMethodService: GoogleInputMethodService.onStartInput():1877 onStartInput(EditorInfo{inputType=0x0(NULL) imeOptions=0x0 privateImeOptions=null actionName=UNSPECIFIED actionLabel=null actionId=0 initialSelStart=-1 initialSelEnd=-1 initialCapsMode=0x0 hintText=null label=null packageName=com.example.qr_dasher fieldId=0 fieldName=null extras=null}, false)
04-08 01:08:05.562  1573  1573 I GoogleInputMethodService: GoogleInputMethodService.shouldHideHeaderOnInitialState():4008 ShouldHideHeaderOnInitialState = false
04-08 01:08:05.562  1573  1573 I GoogleInputMethodService: GoogleInputMethodService.updateDeviceLockedStatus():2087 repeatCheckTimes = 2, unlocked = true
04-08 01:08:05.566  7237  7237 I ViewInteraction: Checking 'MatchesViewAssertion{viewMatcher=view has effective visibility <VISIBLE>}' assertion on view view.getId() is <2131230895/com.example.qr_dasher:id/createEventButton>
04-08 01:08:05.580  7237  7237 I ViewInteraction: Performing 'single click' action on view view.getId() is <2131230895/com.example.qr_dasher:id/createEventButton>
04-08 01:08:05.637   408 11681 D audioserver: FGS Logger Transaction failed
04-08 01:08:05.637   408 11681 D audioserver: -129
04-08 01:08:05.654  7237  7237 D LifecycleMonitor: Lifecycle status change: com.example.qr_dasher.Organizer@819cff3 in: PAUSED
04-08 01:08:05.654  7237  7237 V ActivityScenario: Activity lifecycle changed event received but ignored because the intent does not match. startActivityIntent=Intent { act=android.intent.action.MAIN cat=[android.intent.category.LAUNCHER] flg=0x10008000 cmp=com.example.qr_dasher/.HomePage }, activity.getIntent()=Intent { cmp=com.example.qr_dasher/.Organizer }, activity=com.example.qr_dasher.Organizer@819cff3
04-08 01:08:05.689  7237  7237 D LifecycleMonitor: Lifecycle status change: com.example.qr_dasher.CreateEventOrganizer@dd30418 in: PRE_ON_CREATE
04-08 01:08:05.690  7237  7237 V ActivityScenario: Activity lifecycle changed event received but ignored because the intent does not match. startActivityIntent=Intent { act=android.intent.action.MAIN cat=[android.intent.category.LAUNCHER] flg=0x10008000 cmp=com.example.qr_dasher/.HomePage }, activity.getIntent()=Intent { cmp=com.example.qr_dasher/.CreateEventOrganizer (has extras) }, activity=com.example.qr_dasher.CreateEventOrganizer@dd30418
04-08 01:08:05.844  7237  7237 D LifecycleMonitor: Lifecycle status change: com.example.qr_dasher.CreateEventOrganizer@dd30418 in: CREATED
04-08 01:08:05.845  7237  7237 V ActivityScenario: Activity lifecycle changed event received but ignored because the intent does not match. startActivityIntent=Intent { act=android.intent.action.MAIN cat=[android.intent.category.LAUNCHER] flg=0x10008000 cmp=com.example.qr_dasher/.HomePage }, activity.getIntent()=Intent { cmp=com.example.qr_dasher/.CreateEventOrganizer (has extras) }, activity=com.example.qr_dasher.CreateEventOrganizer@dd30418
04-08 01:08:05.850  7237  7237 D LifecycleMonitor: Lifecycle status change: com.example.qr_dasher.CreateEventOrganizer@dd30418 in: STARTED
04-08 01:08:05.851  7237  7237 V ActivityScenario: Activity lifecycle changed event received but ignored because the intent does not match. startActivityIntent=Intent { act=android.intent.action.MAIN cat=[android.intent.category.LAUNCHER] flg=0x10008000 cmp=com.example.qr_dasher/.HomePage }, activity.getIntent()=Intent { cmp=com.example.qr_dasher/.CreateEventOrganizer (has extras) }, activity=com.example.qr_dasher.CreateEventOrganizer@dd30418
04-08 01:08:05.853   408   534 D audioserver: FGS Logger Transaction failed
04-08 01:08:05.853   408   534 D audioserver: -129
04-08 01:08:05.855  7237  7237 D LifecycleMonitor: Lifecycle status change: com.example.qr_dasher.CreateEventOrganizer@dd30418 in: RESUMED
04-08 01:08:05.856  7237  7237 V ActivityScenario: Activity lifecycle changed event received but ignored because the intent does not match. startActivityIntent=Intent { act=android.intent.action.MAIN cat=[android.intent.category.LAUNCHER] flg=0x10008000 cmp=com.example.qr_dasher/.HomePage }, activity.getIntent()=Intent { cmp=com.example.qr_dasher/.CreateEventOrganizer (has extras) }, activity=com.example.qr_dasher.CreateEventOrganizer@dd30418
04-08 01:08:05.954  7237  7286 E OpenGLRenderer: Unable to match the desired swap behavior.
04-08 01:08:06.020  1267  5889 W NetworkScheduler: Error inserting flex_time=3000 job_id=-1 period=7000 source=16 requires_charging=0 preferred_network_type=1 target_class=com.google.android.gms.measurement.PackageMeasurementTaskService user_id=0 target_package=com.google.android.gms tag=Measurement.PackageMeasurementTaskService.UPLOAD_TASK_TAG task_type=0 required_idleness_state=0 service_kind=0 source_version=240812000 persistence_level=1 preferred_charging_state=1 required_network_type=0 runtime=1712560086011 retry_strategy={"maximum_backoff_seconds":{"3600":0},"initial_backoff_seconds":{"30":0},"retry_policy":{"0":0}} last_runtime=0 [CONTEXT service_id=218 ]
04-08 01:08:06.020  1267  5889 W NetworkScheduler: android.database.sqlite.SQLiteConstraintException: UNIQUE constraint failed: pending_ops.tag, pending_ops.target_class, pending_ops.target_package, pending_ops.user_id (code 2067 SQLITE_CONSTRAINT_UNIQUE)
04-08 01:08:06.020  1267  5889 W NetworkScheduler: 	at android.database.sqlite.SQLiteConnection.nativeExecuteForLastInsertedRowId(Native Method)
04-08 01:08:06.020  1267  5889 W NetworkScheduler: 	at android.database.sqlite.SQLiteConnection.executeForLastInsertedRowId(SQLiteConnection.java:961)
04-08 01:08:06.020  1267  5889 W NetworkScheduler: 	at android.database.sqlite.SQLiteSession.executeForLastInsertedRowId(SQLiteSession.java:790)
04-08 01:08:06.020  1267  5889 W NetworkScheduler: 	at android.database.sqlite.SQLiteStatement.executeInsert(SQLiteStatement.java:89)
04-08 01:08:06.020  1267  5889 W NetworkScheduler: 	at android.database.sqlite.SQLiteDatabase.insertWithOnConflict(SQLiteDatabase.java:1870)
04-08 01:08:06.020  1267  5889 W NetworkScheduler: 	at android.database.sqlite.SQLiteDatabase.insertOrThrow(SQLiteDatabase.java:1765)
04-08 01:08:06.020  1267  5889 W NetworkScheduler: 	at ctph.d(:com.google.android.gms@240812041@24.08.12 (190800-608507424):743)
04-08 01:08:06.020  1267  5889 W NetworkScheduler: 	at ctne.n(:com.google.android.gms@240812041@24.08.12 (190800-608507424):29)
04-08 01:08:06.020  1267  5889 W NetworkScheduler: 	at ctne.u(:com.google.android.gms@240812041@24.08.12 (190800-608507424):362)
04-08 01:08:06.020  1267  5889 W NetworkScheduler: 	at ctne.h(:com.google.android.gms@240812041@24.08.12 (190800-608507424):51)
04-08 01:08:06.020  1267  5889 W NetworkScheduler: 	at ctih.run(:com.google.android.gms@240812041@24.08.12 (190800-608507424):72)
04-08 01:08:06.020  1267  5889 W NetworkScheduler: 	at alab.c(:com.google.android.gms@240812041@24.08.12 (190800-608507424):50)
04-08 01:08:06.020  1267  5889 W NetworkScheduler: 	at alab.run(:com.google.android.gms@240812041@24.08.12 (190800-608507424):76)
04-08 01:08:06.020  1267  5889 W NetworkScheduler: 	at java.util.concurrent.ThreadPoolExecutor.runWorker(ThreadPoolExecutor.java:1145)
04-08 01:08:06.020  1267  5889 W NetworkScheduler: 	at java.util.concurrent.ThreadPoolExecutor$Worker.run(ThreadPoolExecutor.java:644)
04-08 01:08:06.020  1267  5889 W NetworkScheduler: 	at alfp.run(:com.google.android.gms@240812041@24.08.12 (190800-608507424):8)
04-08 01:08:06.020  1267  5889 W NetworkScheduler: 	at java.lang.Thread.run(Thread.java:1012)
04-08 01:08:06.034   571   593 I ActivityTaskManager: Displayed com.example.qr_dasher/.CreateEventOrganizer for user 0: +391ms
04-08 01:08:06.057  7237  7237 D CompatibilityChangeReporter: Compat change id reported: 147798919; UID 10230; state: ENABLED
04-08 01:08:06.088  7237  7237 D LifecycleMonitor: Lifecycle status change: com.example.qr_dasher.RolePage@67ce4db in: STOPPED
04-08 01:08:06.089  7237  7237 V ActivityScenario: Activity lifecycle changed event received but ignored because the intent does not match. startActivityIntent=Intent { act=android.intent.action.MAIN cat=[android.intent.category.LAUNCHER] flg=0x10008000 cmp=com.example.qr_dasher/.HomePage }, activity.getIntent()=Intent { cmp=com.example.qr_dasher/.RolePage }, activity=com.example.qr_dasher.RolePage@67ce4db
04-08 01:08:06.166  1391  1438 E OpenGLRenderer: Unable to match the desired swap behavior.
04-08 01:08:06.228   571   766 I ImeTracker: com.example.qr_dasher:4672b0c1: onRequestHide at ORIGIN_SERVER_HIDE_INPUT reason HIDE_UNSPECIFIED_WINDOW
04-08 01:08:06.228   571   766 I ImeTracker: com.example.qr_dasher:4672b0c1: onCancelled at PHASE_SERVER_SHOULD_HIDE
04-08 01:08:06.230  1573  1573 I GoogleInputMethodService: GoogleInputMethodService.onFinishInput():3227
04-08 01:08:06.232  1573  1573 I GoogleInputMethodService: GoogleInputMethodService.updateDeviceLockedStatus():2087 repeatCheckTimes = 0, unlocked = true
04-08 01:08:06.232  1573  1573 I GoogleInputMethodService: GoogleInputMethodService.onStartInput():1877 onStartInput(EditorInfo{inputType=0x0(NULL) imeOptions=0x0 privateImeOptions=null actionName=UNSPECIFIED actionLabel=null actionId=0 initialSelStart=-1 initialSelEnd=-1 initialCapsMode=0x0 hintText=null label=null packageName=com.example.qr_dasher fieldId=0 fieldName=null extras=null}, false)
04-08 01:08:06.232  1573  1573 I GoogleInputMethodService: GoogleInputMethodService.shouldHideHeaderOnInitialState():4008 ShouldHideHeaderOnInitialState = false
04-08 01:08:06.233  1573  1573 I GoogleInputMethodService: GoogleInputMethodService.updateDeviceLockedStatus():2087 repeatCheckTimes = 2, unlocked = true
04-08 01:08:06.335  7237  7237 I ViewInteraction: Checking 'MatchesViewAssertion{viewMatcher=view has effective visibility <VISIBLE>}' assertion on view view.getId() is <2131230992/com.example.qr_dasher:id/generateQRandCreateEvent>
04-08 01:08:06.341  7237  7237 I ViewInteraction: Performing 'type text(Test Event Title)' action on view view.getId() is <2131230959/com.example.qr_dasher:id/eventName>
04-08 01:08:06.402  1573  1573 I GoogleInputMethodService: GoogleInputMethodService.onFinishInput():3227
04-08 01:08:06.405  1573  1573 I GoogleInputMethodService: GoogleInputMethodService.updateDeviceLockedStatus():2087 repeatCheckTimes = 0, unlocked = true
04-08 01:08:06.406  7237  7237 I ImeTracker: com.example.qr_dasher:5c295e23: onRequestShow at ORIGIN_CLIENT_SHOW_SOFT_INPUT reason SHOW_SOFT_INPUT
04-08 01:08:06.410  7237  7237 D InputMethodManager: showSoftInput() view=androidx.appcompat.widget.AppCompatEditText{5426b3b VFED..CL. .F.P..ID 71,670-916,786 #7f0800ef app:id/eventName aid=1073741825} flags=0 reason=SHOW_SOFT_INPUT
04-08 01:08:06.416  1573  1573 I GoogleInputMethodService: GoogleInputMethodService.onStartInput():1877 onStartInput(EditorInfo{inputType=0x20001(Normal) imeOptions=0x48000005 privateImeOptions=null actionName=NEXT actionLabel=null actionId=0 initialSelStart=0 initialSelEnd=0 initialCapsMode=0x0 hintText=non-empty label=null packageName=com.example.qr_dasher fieldId=2131230959 fieldName=null extras=Bundle[mParcelledData.dataSize=240]}, false)
04-08 01:08:06.416  1573  1573 I GoogleInputMethodService: GoogleInputMethodService.shouldHideHeaderOnInitialState():4008 ShouldHideHeaderOnInitialState = false
04-08 01:08:06.416  1573  1573 I GoogleInputMethodService: GoogleInputMethodService.updateDeviceLockedStatus():2087 repeatCheckTimes = 2, unlocked = true
04-08 01:08:06.427  1573  1573 I DeviceModeUtil: DeviceModeUtil.getDeviceMode():122 Get device mode phone by ui mode:1 and smallestScreenWidthDp:411
04-08 01:08:06.428  1573  1573 I GoogleInputMethodService: GoogleInputMethodService.onStartInputView():1995 onStartInputView(EditorInfo{inputType=0x20001(Normal) imeOptions=0x48000005 privateImeOptions=null actionName=NEXT actionLabel=null actionId=0 initialSelStart=0 initialSelEnd=0 initialCapsMode=0x0 hintText=non-empty label=null packageName=com.example.qr_dasher fieldId=2131230959 fieldName=null extras=Bundle[{android.support.text.emoji.emojiCompat_metadataVersion=9, android.support.text.emoji.emojiCompat_replaceAll=false}]}, false)
04-08 01:08:06.436  1573  1660 I DeviceModeUtil: DeviceModeUtil.getDeviceMode():122 Get device mode phone by ui mode:1 and smallestScreenWidthDp:411
04-08 01:08:06.439  1573  1573 I GoogleInputMethodService: GoogleInputMethodService.updateDeviceLockedStatus():2087 repeatCheckTimes = 2, unlocked = true
04-08 01:08:06.439  1573  1573 W ModuleManager: ModuleManager.loadModule():450 Module erj is not available
04-08 01:08:06.442  1573  1573 I KeyboardViewUtil: KeyboardViewUtil.getKeyboardHeightRatio():189 systemKeyboardHeightRatio:1.000000; userKeyboardHeightRatio:1.000000.
04-08 01:08:06.442  1573  1573 I AndroidIME: AbstractIme.onActivate():86 LatinIme.onActivate() : EditorInfo = inputType=0x20001(Normal) imeOptions=0x48000005 privateImeOptions=null actionName=NEXT actionLabel=null actionId=0 initialSelStart=0 initialSelEnd=0 initialCapsMode=0x0 hintText=non-empty label=null packageName=com.example.qr_dasher fieldId=2131230959 fieldName=null extras=Bundle[{android.support.text.emoji.emojiCompat_metadataVersion=9, android.support.text.emoji.emojiCompat_replaceAll=false}], IncognitoMode = false, DeviceLocked = false
04-08 01:08:06.445  1573  1573 I Delight5Facilitator: Delight5Facilitator.initializeForIme():777 initializeForIme() : Locale = [en_US], layout = qwerty
04-08 01:08:06.445  1573  1573 I VoiceInputManagerWrapper: VoiceInputManagerWrapper.cancelShutdown():55 cancelShutdown()
04-08 01:08:06.446  1573  1573 I VoiceInputManagerWrapper: VoiceInputManagerWrapper.syncLanguagePacks():67 syncLanguagePacks()
04-08 01:08:06.446  7237  7237 I AssistStructure: Flattened final assist data: 3268 bytes, containing 1 windows, 18 views
04-08 01:08:06.446  1573  1573 I LatinIme: LatinIme.updateEnableInlineSuggestionsOnDecoderSideFlags():1003 inline flag updated to:false
04-08 01:08:06.450  1573  3450 I SpeechFactory: SpeechRecognitionFactory.maybeScheduleAutoPackDownloadForFallback():205 maybeScheduleAutoPackDownloadForFallback()
04-08 01:08:06.452  1573  3450 I FallbackOnDeviceRecognitionProvider: FallbackOnDeviceRecognitionProvider.maybeScheduleAutoPackDownload():195 maybeScheduleAutoPackDownload() for language tag en-US
04-08 01:08:06.464  1573  1573 I KeyboardWrapper: KeyboardWrapper.consumeEvent():275 Skip consuming an event as current keyboard is deactivated (state=0, keyboard existence=true)
04-08 01:08:06.475  1573  1573 I KeyboardViewUtil: KeyboardViewUtil.calculateMaxKeyboardBodyHeight():40 leave 354 height for app when screen height:2274, header height:116 and isFullscreenMode:false, so the max keyboard body height is:1804
04-08 01:08:06.476  1573  1573 I DeviceModeUtil: DeviceModeUtil.getDeviceMode():122 Get device mode phone by ui mode:1 and smallestScreenWidthDp:411
04-08 01:08:06.476  1573  1573 I GoogleInputMethodService: GoogleInputMethodService.setKeyboardViewShown():3483 setKeyboardViewShown() : type = HEADER, shownType = SHOW_OPTIONAL
04-08 01:08:06.476  1573  1573 I GoogleInputMethodService: GoogleInputMethodService.setKeyboardViewShown():3530 setKeyboardViewShown() : shouldShow = true
04-08 01:08:06.476  1573  1573 I GoogleInputMethodService: GoogleInputMethodService.setKeyboardViewShown():3483 setKeyboardViewShown() : type = BODY, shownType = SHOW_MANDATORY
04-08 01:08:06.477  1573  1573 I GoogleInputMethodService: GoogleInputMethodService.setKeyboardViewShown():3530 setKeyboardViewShown() : shouldShow = true
04-08 01:08:06.477  1573  1573 I GoogleInputMethodService: GoogleInputMethodService.setKeyboardViewShown():3483 setKeyboardViewShown() : type = FLOATING_CANDIDATES, shownType = HIDE
04-08 01:08:06.477  1573  1573 I GoogleInputMethodService: GoogleInputMethodService.setKeyboardViewShown():3530 setKeyboardViewShown() : shouldShow = false
04-08 01:08:06.479  1573  1573 I KeyboardViewUtil: KeyboardViewUtil.calculateMaxKeyboardBodyHeight():40 leave 354 height for app when screen height:2274, header height:116 and isFullscreenMode:false, so the max keyboard body height is:1804
04-08 01:08:06.480  1573  1573 I DeviceModeUtil: DeviceModeUtil.getDeviceMode():122 Get device mode phone by ui mode:1 and smallestScreenWidthDp:411
04-08 01:08:06.481  1573  1573 I DeviceModeUtil: DeviceModeUtil.getDeviceMode():122 Get device mode phone by ui mode:1 and smallestScreenWidthDp:411
04-08 01:08:06.481  1573  1573 I DeviceModeUtil: DeviceModeUtil.getDeviceMode():122 Get device mode phone by ui mode:1 and smallestScreenWidthDp:411
04-08 01:08:06.481  1573  1573 I KeyboardModeManager: KeyboardModeManager.setInputView():364 setInputView() : supportsOneHandedMode=true
04-08 01:08:06.481  1573  1573 I NormalModeController: NormalModeController.getKeyboardBodyViewHolderPaddingBottom():116 currentPrimeKeyboardType:SOFT systemPaddingBottom:-1
04-08 01:08:06.482  1573  1573 I AndroidIME: KeyboardViewManager.updateKeyboardBodyViewHolderPaddingBottom():604 Set finalPaddingBottom = 0 while keyboardBottomGapFromScreen = 0; navigationHeight = 126
04-08 01:08:06.482  1573  1573 I NormalModeController: NormalModeController.getKeyboardBodyViewHolderPaddingBottom():116 currentPrimeKeyboardType:SOFT systemPaddingBottom:-1
04-08 01:08:06.483  1573  1573 I AndroidIME: KeyboardViewManager.updateKeyboardBodyViewHolderPaddingBottom():604 Set finalPaddingBottom = 0 while keyboardBottomGapFromScreen = 0; navigationHeight = 126
04-08 01:08:06.483  1573  1573 I KeyboardModeManager: KeyboardModeManager.setInputView():356 setInputView() : entry=hwn{languageTag=en-US, variant=qwerty, hasLocalizedResources=true, conditionCacheKey=_device=phone_device_size=default_enable_adaptive_text_editing=true_enable_inline_suggestions_on_client_side=false_enable_large_tablet_batch_1=false_enable_large_tablet_batch_2=false_enable_more_candidates_view_for_multilingual=false_enable_nav_redesign=false_enable_number_row=false_enable_preemptive_decode=true_enable_secondary_symbols=false_expressions=normal_four_or_more_letter_rows=false_keyboard_mode=normal_language=en-US_orientation=portrait_physical_keyboard=qwerty_show_secondary_digits=true_show_suggestions=true_split_with_duplicate_keys=true_variant=qwerty, imeDef.stringId=ime_english_united_states, imeDef.className=com.google.android.apps.inputmethod.libs.latin5.LatinIme, imeDef.languageTag=en-US}
04-08 01:08:06.486  1267  1267 W AutofillChimeraService: Pending fill request while another request in the same session was triggered. [CONTEXT service_id=177 ]
04-08 01:08:06.499  1573  1573 I ProactiveSuggestionsHolderManager: ProactiveSuggestionsHolderManager$3.display():216 Requesting to show proactive suggestions: CLIPBOARD PREEMPTIVE_WITH_SUPPRESSION
04-08 01:08:06.505  1573  1573 I VoiceImeExtension: VoiceImeExtension.shouldStartVoiceInputAutomatically():383 No private IME option set to start voice input.
04-08 01:08:06.519  1046  1046 V InlineSuggestionRenderService: handleDestroySuggestionViews called for 0:1277486775
04-08 01:08:06.533  1267  2992 I IPCThreadState: oneway function results for code 1 on binder at 0x7ebcd3843930 will be dropped but finished with status UNKNOWN_TRANSACTION and reply parcel size 80
04-08 01:08:06.547  1573  1585 I putmethod.latin: Background young concurrent copying GC freed 195778(9092KB) AllocSpace objects, 22(1144KB) LOS objects, 40% free, 13MB/23MB, paused 1.111ms,732us total 132.574ms
04-08 01:08:06.585  1573  1699 E OpenGLRenderer: Unable to match the desired swap behavior.
04-08 01:08:06.621  7237  7237 D LifecycleMonitor: Lifecycle status change: com.example.qr_dasher.Organizer@819cff3 in: STOPPED
04-08 01:08:06.622  7237  7237 V ActivityScenario: Activity lifecycle changed event received but ignored because the intent does not match. startActivityIntent=Intent { act=android.intent.action.MAIN cat=[android.intent.category.LAUNCHER] flg=0x10008000 cmp=com.example.qr_dasher/.HomePage }, activity.getIntent()=Intent { cmp=com.example.qr_dasher/.Organizer }, activity=com.example.qr_dasher.Organizer@819cff3
04-08 01:08:06.625  1573  1573 I DeviceModeUtil: DeviceModeUtil.getDeviceMode():122 Get device mode phone by ui mode:1 and smallestScreenWidthDp:411
04-08 01:08:06.626  1573  1573 I DeviceModeUtil: DeviceModeUtil.getDeviceMode():122 Get device mode phone by ui mode:1 and smallestScreenWidthDp:411
04-08 01:08:06.628  1573  1573 I NormalModeController: NormalModeController.getKeyboardBodyViewHolderPaddingBottom():116 currentPrimeKeyboardType:SOFT systemPaddingBottom:-1
04-08 01:08:06.629  1573  2001 I Delight5Decoder: Delight5DecoderWrapper.setKeyboardLayout():457 setKeyboardLayout()
04-08 01:08:06.631  7237  7237 D InsetsController: show(ime(), fromIme=true)
04-08 01:08:06.682  1573  1573 W TooltipLifecycleManager: TooltipLifecycleManager.dismissTooltips():159 Tooltip with id spell_check_add_to_dictionary not found in tooltipManager.
04-08 01:08:06.742  7237  7237 D UiControllerImpl: Injecting string: "Test Event Title"
04-08 01:08:06.818  1573  1573 W AndroidSpellCheckerService: AndroidSpellCheckerService.initialize():82 initialize...
04-08 01:08:06.818  1573  1573 I ShortcutsDataManager: ShortcutsDataManager.onContentChanged():70 onContentChanged()
04-08 01:08:06.819  1573  1573 I ContactsDataManager: ContactsDataManager.onContentChanged():156 onContentChanged()
04-08 01:08:06.819  1573  1573 W AndroidSpellCheckerService: AndroidSpellCheckerService.initialize():94 initialize...done
04-08 01:08:06.862  1391  1401 I ndroid.systemui: Background young concurrent copying GC freed 219228(9033KB) AllocSpace objects, 189(3780KB) LOS objects, 36% free, 22MB/34MB, paused 1.139ms,101us total 209.216ms
04-08 01:08:06.869  1391  1403 W System  : A resource failed to call HardwareBuffer.close.
04-08 01:08:06.869  1573  1573 I GoogleInputMethodService: GoogleInputMethodService.setKeyboardViewShown():3483 setKeyboardViewShown() : type = HEADER, shownType = SHOW_MANDATORY_WITH_ANIMATION
04-08 01:08:06.870  1573  1573 I GoogleInputMethodService: GoogleInputMethodService.setKeyboardViewShown():3530 setKeyboardViewShown() : shouldShow = true
04-08 01:08:06.871  1573  1573 I KeyboardViewController: KeyboardViewController.lambda$showSelfAndAncestors$6():609 current view doesn't has the priority com.google.android.apps.inputmethod.latin.keyboard.widget.LatinFixedCountCandidatesHolderView{25b1064 I.E...... ......ID 0,0-850,116 #7f0b141a app:id/softkey_holder_fixed_candidates} to show itself, PREEMPTIVE
04-08 01:08:06.872  1391  1403 W System  : A resource failed to call HardwareBuffer.close.
04-08 01:08:06.873  1391  1403 W System  : A resource failed to call release.
04-08 01:08:06.873  1391  1403 W System  : A resource failed to call release.
04-08 01:08:06.873  1391  1403 W System  : A resource failed to call HardwareBuffer.close.
04-08 01:08:06.874  1391  1403 W System  : A resource failed to call HardwareBuffer.close.
04-08 01:08:06.874  1391  1403 W System  : A resource failed to call release.
04-08 01:08:06.876  1391  1403 W System  : A resource failed to call release.
04-08 01:08:06.877  1391  1403 W System  : A resource failed to call HardwareBuffer.close.
04-08 01:08:06.878  1391  1403 W System  : A resource failed to call HardwareBuffer.close.
04-08 01:08:06.879  1391  1403 W System  : A resource failed to call release.
04-08 01:08:06.880  1391  1403 W System  : A resource failed to call release.
04-08 01:08:06.883  1391  1403 W System  : A resource failed to call release.
04-08 01:08:06.883  1391  1403 W System  : A resource failed to call release.
04-08 01:08:06.900  7237  7237 I ImeTracker: com.example.qr_dasher:5c295e23: onShown
04-08 01:08:07.005  1573  1573 I GoogleInputMethodService: GoogleInputMethodService.setKeyboardViewShown():3483 setKeyboardViewShown() : type = HEADER, shownType = SHOW_MANDATORY_WITH_ANIMATION
04-08 01:08:07.005  1573  1573 I GoogleInputMethodService: GoogleInputMethodService.setKeyboardViewShown():3530 setKeyboardViewShown() : shouldShow = true
04-08 01:08:07.006  1573  1573 I KeyboardViewController: KeyboardViewController.lambda$showSelfAndAncestors$6():609 current view doesn't has the priority com.google.android.apps.inputmethod.latin.keyboard.widget.LatinFixedCountCandidatesHolderView{25b1064 I.E...... ......ID 0,0-850,116 #7f0b141a app:id/softkey_holder_fixed_candidates} to show itself, PREEMPTIVE
04-08 01:08:07.030  1573  1573 I GoogleInputMethodService: GoogleInputMethodService.setKeyboardViewShown():3483 setKeyboardViewShown() : type = HEADER, shownType = SHOW_MANDATORY_WITH_ANIMATION
04-08 01:08:07.030  1573  1573 I GoogleInputMethodService: GoogleInputMethodService.setKeyboardViewShown():3530 setKeyboardViewShown() : shouldShow = true
04-08 01:08:07.031  1573  1573 I KeyboardViewController: KeyboardViewController.lambda$showSelfAndAncestors$6():609 current view doesn't has the priority com.google.android.apps.inputmethod.latin.keyboard.widget.LatinFixedCountCandidatesHolderView{25b1064 I.E...... ......ID 0,0-850,116 #7f0b141a app:id/softkey_holder_fixed_candidates} to show itself, PREEMPTIVE
04-08 01:08:07.082  1573  1573 I GoogleInputMethodService: GoogleInputMethodService.setKeyboardViewShown():3483 setKeyboardViewShown() : type = HEADER, shownType = SHOW_MANDATORY_WITH_ANIMATION
04-08 01:08:07.082  1573  1573 I GoogleInputMethodService: GoogleInputMethodService.setKeyboardViewShown():3530 setKeyboardViewShown() : shouldShow = true
04-08 01:08:07.083  1573  1573 I KeyboardViewController: KeyboardViewController.lambda$showSelfAndAncestors$6():609 current view doesn't has the priority com.google.android.apps.inputmethod.latin.keyboard.widget.LatinFixedCountCandidatesHolderView{25b1064 I.E...... ......ID 0,0-850,116 #7f0b141a app:id/softkey_holder_fixed_candidates} to show itself, PREEMPTIVE
04-08 01:08:07.084  7237  7286 D EGL_emulation: app_time_stats: avg=81.33ms min=20.20ms max=328.57ms count=13
04-08 01:08:07.125  1573  1573 I GoogleInputMethodService: GoogleInputMethodService.setKeyboardViewShown():3483 setKeyboardViewShown() : type = HEADER, shownType = SHOW_MANDATORY_WITH_ANIMATION
04-08 01:08:07.125  1573  1573 I GoogleInputMethodService: GoogleInputMethodService.setKeyboardViewShown():3530 setKeyboardViewShown() : shouldShow = true
04-08 01:08:07.125  1573  1573 I KeyboardViewController: KeyboardViewController.lambda$showSelfAndAncestors$6():609 current view doesn't has the priority com.google.android.apps.inputmethod.latin.keyboard.widget.LatinFixedCountCandidatesHolderView{25b1064 I.E...... ......ID 0,0-850,116 #7f0b141a app:id/softkey_holder_fixed_candidates} to show itself, PREEMPTIVE
04-08 01:08:07.139  1573  1573 I GoogleInputMethodService: GoogleInputMethodService.setKeyboardViewShown():3483 setKeyboardViewShown() : type = HEADER, shownType = SHOW_MANDATORY_WITH_ANIMATION
04-08 01:08:07.140  1573  1573 I GoogleInputMethodService: GoogleInputMethodService.setKeyboardViewShown():3530 setKeyboardViewShown() : shouldShow = true
04-08 01:08:07.140  1573  1573 I KeyboardViewController: KeyboardViewController.lambda$showSelfAndAncestors$6():609 current view doesn't has the priority com.google.android.apps.inputmethod.latin.keyboard.widget.LatinFixedCountCandidatesHolderView{25b1064 I.E...... ......ID 0,0-850,116 #7f0b141a app:id/softkey_holder_fixed_candidates} to show itself, PREEMPTIVE
04-08 01:08:07.205  1573  1573 I GoogleInputMethodService: GoogleInputMethodService.setKeyboardViewShown():3483 setKeyboardViewShown() : type = HEADER, shownType = SHOW_MANDATORY_WITH_ANIMATION
04-08 01:08:07.205  1573  1573 I GoogleInputMethodService: GoogleInputMethodService.setKeyboardViewShown():3530 setKeyboardViewShown() : shouldShow = true
04-08 01:08:07.206  1573  1573 I KeyboardViewController: KeyboardViewController.lambda$showSelfAndAncestors$6():609 current view doesn't has the priority com.google.android.apps.inputmethod.latin.keyboard.widget.LatinFixedCountCandidatesHolderView{25b1064 I.E...... ......ID 0,0-850,116 #7f0b141a app:id/softkey_holder_fixed_candidates} to show itself, PREEMPTIVE
04-08 01:08:07.262  1573  1573 I GoogleInputMethodService: GoogleInputMethodService.setKeyboardViewShown():3483 setKeyboardViewShown() : type = HEADER, shownType = SHOW_MANDATORY_WITH_ANIMATION
04-08 01:08:07.262  1573  1573 I GoogleInputMethodService: GoogleInputMethodService.setKeyboardViewShown():3530 setKeyboardViewShown() : shouldShow = true
04-08 01:08:07.263  1573  1573 I KeyboardViewController: KeyboardViewController.lambda$showSelfAndAncestors$6():609 current view doesn't has the priority com.google.android.apps.inputmethod.latin.keyboard.widget.LatinFixedCountCandidatesHolderView{25b1064 I.E...... ......ID 0,0-850,116 #7f0b141a app:id/softkey_holder_fixed_candidates} to show itself, PREEMPTIVE
04-08 01:08:07.289  1573  1573 I GoogleInputMethodService: GoogleInputMethodService.setKeyboardViewShown():3483 setKeyboardViewShown() : type = HEADER, shownType = SHOW_MANDATORY_WITH_ANIMATION
04-08 01:08:07.289  1573  1573 I GoogleInputMethodService: GoogleInputMethodService.setKeyboardViewShown():3530 setKeyboardViewShown() : shouldShow = true
04-08 01:08:07.290  1573  1573 I KeyboardViewController: KeyboardViewController.lambda$showSelfAndAncestors$6():609 current view doesn't has the priority com.google.android.apps.inputmethod.latin.keyboard.widget.LatinFixedCountCandidatesHolderView{25b1064 I.E...... ......ID 0,0-850,116 #7f0b141a app:id/softkey_holder_fixed_candidates} to show itself, PREEMPTIVE
04-08 01:08:07.322  1573  1573 I GoogleInputMethodService: GoogleInputMethodService.setKeyboardViewShown():3483 setKeyboardViewShown() : type = HEADER, shownType = SHOW_MANDATORY_WITH_ANIMATION
04-08 01:08:07.323  1573  1573 I GoogleInputMethodService: GoogleInputMethodService.setKeyboardViewShown():3530 setKeyboardViewShown() : shouldShow = true
04-08 01:08:07.324  1573  1573 I KeyboardViewController: KeyboardViewController.lambda$showSelfAndAncestors$6():609 current view doesn't has the priority com.google.android.apps.inputmethod.latin.keyboard.widget.LatinFixedCountCandidatesHolderView{25b1064 I.E...... ......ID 0,0-850,116 #7f0b141a app:id/softkey_holder_fixed_candidates} to show itself, PREEMPTIVE
04-08 01:08:07.363  1573  1573 I GoogleInputMethodService: GoogleInputMethodService.setKeyboardViewShown():3483 setKeyboardViewShown() : type = HEADER, shownType = SHOW_MANDATORY_WITH_ANIMATION
04-08 01:08:07.364  1573  1573 I GoogleInputMethodService: GoogleInputMethodService.setKeyboardViewShown():3530 setKeyboardViewShown() : shouldShow = true
04-08 01:08:07.365  1573  1573 I KeyboardViewController: KeyboardViewController.lambda$showSelfAndAncestors$6():609 current view doesn't has the priority com.google.android.apps.inputmethod.latin.keyboard.widget.LatinFixedCountCandidatesHolderView{25b1064 I.E...... ......ID 0,0-850,116 #7f0b141a app:id/softkey_holder_fixed_candidates} to show itself, PREEMPTIVE
04-08 01:08:07.412  1573  1573 W InputContextProxyV4: InputContextProxyV4.applyClientDiffInternal():897 Ignore [FetchSuggestions] diff due to stale request: 5537<5538, inputStateId=5428, lastInputStateId=5426
04-08 01:08:07.412  1573  2001 I native  : I0000 00:00:1712560087.412777    2001 input-context-store.cc:195] Using roll back input context for operation: [FetchSuggestions] rolled back operation: [OverrideDecodedCandidates] reason: client [5426] vs decoder [5428]
04-08 01:08:07.419  1573  1573 I GoogleInputMethodService: GoogleInputMethodService.setKeyboardViewShown():3483 setKeyboardViewShown() : type = HEADER, shownType = SHOW_MANDATORY_WITH_ANIMATION
04-08 01:08:07.425  1573  1573 I GoogleInputMethodService: GoogleInputMethodService.setKeyboardViewShown():3530 setKeyboardViewShown() : shouldShow = true
04-08 01:08:07.426  1573  1573 I KeyboardViewController: KeyboardViewController.lambda$showSelfAndAncestors$6():609 current view doesn't has the priority com.google.android.apps.inputmethod.latin.keyboard.widget.LatinFixedCountCandidatesHolderView{25b1064 I.E...... ......ID 0,0-850,116 #7f0b141a app:id/softkey_holder_fixed_candidates} to show itself, PREEMPTIVE
04-08 01:08:07.490  1573  1573 I GoogleInputMethodService: GoogleInputMethodService.setKeyboardViewShown():3483 setKeyboardViewShown() : type = HEADER, shownType = SHOW_MANDATORY_WITH_ANIMATION
04-08 01:08:07.490  1573  1573 I GoogleInputMethodService: GoogleInputMethodService.setKeyboardViewShown():3530 setKeyboardViewShown() : shouldShow = true
04-08 01:08:07.493  1573  1573 I KeyboardViewController: KeyboardViewController.lambda$showSelfAndAncestors$6():609 current view doesn't has the priority com.google.android.apps.inputmethod.latin.keyboard.widget.LatinFixedCountCandidatesHolderView{25b1064 I.E...... ......ID 0,0-850,116 #7f0b141a app:id/softkey_holder_fixed_candidates} to show itself, PREEMPTIVE
04-08 01:08:07.538  1573  1573 I GoogleInputMethodService: GoogleInputMethodService.setKeyboardViewShown():3483 setKeyboardViewShown() : type = HEADER, shownType = SHOW_MANDATORY_WITH_ANIMATION
04-08 01:08:07.538  1573  1573 I GoogleInputMethodService: GoogleInputMethodService.setKeyboardViewShown():3530 setKeyboardViewShown() : shouldShow = true
04-08 01:08:07.539  1573  1573 I KeyboardViewController: KeyboardViewController.lambda$showSelfAndAncestors$6():609 current view doesn't has the priority com.google.android.apps.inputmethod.latin.keyboard.widget.LatinFixedCountCandidatesHolderView{25b1064 I.E...... ......ID 0,0-850,116 #7f0b141a app:id/softkey_holder_fixed_candidates} to show itself, PREEMPTIVE
04-08 01:08:07.579  1573  1573 I GoogleInputMethodService: GoogleInputMethodService.setKeyboardViewShown():3483 setKeyboardViewShown() : type = HEADER, shownType = SHOW_MANDATORY_WITH_ANIMATION
04-08 01:08:07.579  1573  1573 I GoogleInputMethodService: GoogleInputMethodService.setKeyboardViewShown():3530 setKeyboardViewShown() : shouldShow = true
04-08 01:08:07.580  1573  1573 I KeyboardViewController: KeyboardViewController.lambda$showSelfAndAncestors$6():609 current view doesn't has the priority com.google.android.apps.inputmethod.latin.keyboard.widget.LatinFixedCountCandidatesHolderView{25b1064 I.E...... ......ID 0,0-850,116 #7f0b141a app:id/softkey_holder_fixed_candidates} to show itself, PREEMPTIVE
04-08 01:08:07.629  1573  1573 I GoogleInputMethodService: GoogleInputMethodService.setKeyboardViewShown():3483 setKeyboardViewShown() : type = HEADER, shownType = SHOW_MANDATORY_WITH_ANIMATION
04-08 01:08:07.630  1573  1573 I GoogleInputMethodService: GoogleInputMethodService.setKeyboardViewShown():3530 setKeyboardViewShown() : shouldShow = true
04-08 01:08:07.632  1573  1573 I KeyboardViewController: KeyboardViewController.lambda$showSelfAndAncestors$6():609 current view doesn't has the priority com.google.android.apps.inputmethod.latin.keyboard.widget.LatinFixedCountCandidatesHolderView{25b1064 I.E...... ......ID 0,0-850,116 #7f0b141a app:id/softkey_holder_fixed_candidates} to show itself, PREEMPTIVE
04-08 01:08:07.639  7237  7237 I ViewInteraction: Performing 'close keyboard' action on view view.getId() is <2131230959/com.example.qr_dasher:id/eventName>
04-08 01:08:07.640  7237  7237 D IdlingRegistry: Registering idling resources: [androidx.test.espresso.action.CloseKeyboardAction$CloseKeyboardIdlingResult@a8e2e34]
04-08 01:08:07.642  7237  7237 I ImeTracker: com.example.qr_dasher:a6b58e17: onRequestHide at ORIGIN_CLIENT_HIDE_SOFT_INPUT reason HIDE_SOFT_INPUT
04-08 01:08:07.645  1573  1573 I GoogleInputMethodService: GoogleInputMethodService.onFinishInputView():2241
04-08 01:08:07.646  1573  1573 W TooltipLifecycleManager: TooltipLifecycleManager.dismissTooltips():159 Tooltip with id spell_check_add_to_dictionary not found in tooltipManager.
04-08 01:08:07.657  1573  1573 I InputBundle: InputBundle.consumeEvent():923 Skip consuming an event as keyboard status is 0
04-08 01:08:07.659  1573  1573 I KeyboardWrapper: KeyboardWrapper.consumeEvent():275 Skip consuming an event as current keyboard is deactivated (state=0, keyboard existence=true)
04-08 01:08:07.659  1573  1573 I VoiceInputManagerWrapper: VoiceInputManagerWrapper.shutdown():77 shutdown()
04-08 01:08:07.667  1573  1573 I AndroidIME: AbstractIme.onDeactivate():207 LatinIme.onDeactivate()
04-08 01:08:07.678  1573  1699 D EGL_emulation: app_time_stats: avg=91.76ms min=4.79ms max=302.90ms count=11
04-08 01:08:07.680  1573  2548 E native  : E0000 00:00:1712560087.680044    2548 keyboard.cc:27] Cannot create a keyboard with 0 valid keys
04-08 01:08:07.684  1573  2001 I native  : I0000 00:00:1712560087.684901    2001 input-context-store.cc:255] Ignoring stale client request for FetchSuggestions
04-08 01:08:07.693  1573  2001 I native  : I0000 00:00:1712560087.693243    2001 input-context-store.cc:178] Ignoring stale client request for OverrideDecodedCandidates
04-08 01:08:07.694  1573  1573 W InputContextProxyV4: InputContextProxyV4.applyClientDiffInternal():897 Ignore [FetchSuggestions] diff due to stale request: 5548<5549, inputStateId=0, lastInputStateId=5440
04-08 01:08:07.698  7237  7237 W WindowOnBackDispatcher: sendCancelIfRunning: isInProgress=falsecallback=ImeCallback=ImeOnBackInvokedCallback@77554338 Callback=android.window.IOnBackInvokedCallback$Stub$Proxy@6dd02a3
04-08 01:08:07.891  7237  7237 I ImeTracker: com.example.qr_dasher:14542cc6: onRequestHide at ORIGIN_CLIENT_HIDE_SOFT_INPUT reason HIDE_SOFT_INPUT_BY_INSETS_API
04-08 01:08:07.892   571  1383 I ImeTracker: com.example.qr_dasher:14542cc6: onCancelled at PHASE_SERVER_SHOULD_HIDE
04-08 01:08:07.893  7237  7237 I ImeTracker: com.example.qr_dasher:a6b58e17: onHidden
04-08 01:08:07.905  1391  1391 D StatusBarIconController: ignoring old pipeline callbacks, because the new mobile icons are enabled
04-08 01:08:08.001  7237  7237 D IdlingRegistry: Unregistering idling resources: [androidx.test.espresso.action.CloseKeyboardAction$CloseKeyboardIdlingResult@a8e2e34]
04-08 01:08:08.005  7237  7237 I ViewInteraction: Performing 'type text(Test Event Details)' action on view view.getId() is <2131230917/com.example.qr_dasher:id/details>
04-08 01:08:08.057  1573  1573 I GoogleInputMethodService: GoogleInputMethodService.onFinishInput():3227
04-08 01:08:08.057  7237  7237 I ImeTracker: com.example.qr_dasher:d58d0321: onRequestShow at ORIGIN_CLIENT_SHOW_SOFT_INPUT reason SHOW_SOFT_INPUT
04-08 01:08:08.058  7237  7237 D InputMethodManager: showSoftInput() view=androidx.appcompat.widget.AppCompatEditText{1f18fb1 VFED..CL. .F.P..ID 68,902-908,1165 #7f0800c5 app:id/details aid=1073741826} flags=0 reason=SHOW_SOFT_INPUT
04-08 01:08:08.058  1573  1573 I GoogleInputMethodService: GoogleInputMethodService.updateDeviceLockedStatus():2087 repeatCheckTimes = 0, unlocked = true
04-08 01:08:08.058  1573  1573 I GoogleInputMethodService: GoogleInputMethodService.onStartInput():1877 onStartInput(EditorInfo{inputType=0x20001(Normal) imeOptions=0x4c000005 privateImeOptions=null actionName=NEXT actionLabel=null actionId=0 initialSelStart=0 initialSelEnd=0 initialCapsMode=0x0 hintText=non-empty label=null packageName=com.example.qr_dasher fieldId=2131230917 fieldName=null extras=Bundle[mParcelledData.dataSize=240]}, false)
04-08 01:08:08.058  1573  1573 I GoogleInputMethodService: GoogleInputMethodService.shouldHideHeaderOnInitialState():4008 ShouldHideHeaderOnInitialState = false
04-08 01:08:08.059  1573  1573 I GoogleInputMethodService: GoogleInputMethodService.updateDeviceLockedStatus():2087 repeatCheckTimes = 2, unlocked = true
04-08 01:08:08.060  1573  1573 I ShortcutsDataManager: AbstractContentDataManager.startImportContentTask():234 startImportContentTask()
04-08 01:08:08.061  1573  1872 I ShortcutsDataManager: AbstractContentDataManager$ImportContentTask.doInBackground():248 doInBackground()
04-08 01:08:08.063  1573  1573 I DeviceModeUtil: DeviceModeUtil.getDeviceMode():122 Get device mode phone by ui mode:1 and smallestScreenWidthDp:411
04-08 01:08:08.065  1573  1573 I GoogleInputMethodService: GoogleInputMethodService.onStartInputView():1995 onStartInputView(EditorInfo{inputType=0x20001(Normal) imeOptions=0x4c000005 privateImeOptions=null actionName=NEXT actionLabel=null actionId=0 initialSelStart=0 initialSelEnd=0 initialCapsMode=0x0 hintText=non-empty label=null packageName=com.example.qr_dasher fieldId=2131230917 fieldName=null extras=Bundle[{android.support.text.emoji.emojiCompat_metadataVersion=9, android.support.text.emoji.emojiCompat_replaceAll=false}]}, false)
04-08 01:08:08.066  1573  1872 I PersonalDictionaryDataHandler: PersonalDictionaryDataHandler.beginProcess():111 LanguageTags = [en-US]
04-08 01:08:08.066  1573  1573 I GoogleInputMethodService: GoogleInputMethodService.updateDeviceLockedStatus():2087 repeatCheckTimes = 2, unlocked = true
04-08 01:08:08.067  1573  1573 W ModuleManager: ModuleManager.loadModule():450 Module erj is not available
04-08 01:08:08.068  1573  1573 I KeyboardViewUtil: KeyboardViewUtil.getKeyboardHeightRatio():189 systemKeyboardHeightRatio:1.000000; userKeyboardHeightRatio:1.000000.
