04-08 01:07:56.215  7237  7278 I TestRunner: started: createEvent(com.example.qr_dasher.CreateUserProfileHomePageTest)
04-08 01:07:56.242  7237  7278 W Settings: Setting always_finish_activities has moved from android.provider.Settings.System to android.provider.Settings.Global, returning read-only value.
04-08 01:07:56.337   412   412 I BpBinder: onLastStrongRef automatically unlinking death recipients:
04-08 01:07:56.355  1019  1852 D EGL_emulation: app_time_stats: avg=202.05ms min=3.05ms max=3770.89ms count=21
04-08 01:07:56.368  7237  7284 I FA      : App measurement initialized, version: 85007
04-08 01:07:56.368  7237  7284 I FA      : To enable debug logging run: adb shell setprop log.tag.FA VERBOSE
04-08 01:07:56.372  7237  7284 I FA      : To enable faster debug mode event logging run:
04-08 01:07:56.372  7237  7284 I FA      :   adb shell setprop debug.firebase.analytics.app com.example.qr_dasher
04-08 01:07:56.442  1391  1438 E OpenGLRenderer: Unable to match the desired swap behavior.
04-08 01:07:56.450  1700  1700 I GsaVoiceInteractionSrv: Handling ACTION_STOP_HOTWORD
04-08 01:07:56.501  1700  2350 E HwDetectorWithState: a: 3
04-08 01:07:56.577  7237  7288 D libEGL  : loaded /vendor/lib64/egl/libEGL_emulation.so
04-08 01:07:56.606  7237  7288 D libEGL  : loaded /vendor/lib64/egl/libGLESv1_CM_emulation.so
04-08 01:07:56.641  7237  7288 D libEGL  : loaded /vendor/lib64/egl/libGLESv2_emulation.so
04-08 01:07:56.761  7237  7237 D AppCompatDelegate: Checking for metadata for AppLocalesMetadataHolderService : Service not found
04-08 01:07:56.792  7237  7237 D LifecycleMonitor: Lifecycle status change: com.example.qr_dasher.HomePage@7ca2278 in: PRE_ON_CREATE
04-08 01:07:56.793  7237  7237 V ActivityScenario: Activity lifecycle changed event received but ignored because the reported transition was not ON_CREATE while the last known transition was PRE_ON_CREATE
04-08 01:07:56.894 27225 27225 D BoundBrokerSvc: onBind: Intent { act=com.google.android.gms.measurement.START pkg=com.google.android.gms }
04-08 01:07:56.894 27225 27225 D BoundBrokerSvc: Loading bound service for intent: Intent { act=com.google.android.gms.measurement.START pkg=com.google.android.gms }
04-08 01:07:56.943  7237  7284 I FA      : Tag Manager is not found and thus will not be used
04-08 01:07:56.950  7237  7237 W ample.qr_dasher: Accessing hidden method Landroid/view/View;->computeFitSystemWindows(Landroid/graphics/Rect;Landroid/graphics/Rect;)Z (unsupported, reflection, allowed)
04-08 01:07:56.951  7237  7237 W ample.qr_dasher: Accessing hidden method Landroid/view/ViewGroup;->makeOptionalFitsSystemWindows()V (unsupported, reflection, allowed)
04-08 01:07:56.983  7237  7237 D CompatibilityChangeReporter: Compat change id reported: 210923482; UID 10230; state: ENABLED
04-08 01:07:57.047  1391  1438 D EGL_emulation: app_time_stats: avg=6286.99ms min=2.25ms max=244553.98ms count=39
04-08 01:07:57.068  1391  1438 D EGL_emulation: app_time_stats: avg=17142.45ms min=17142.45ms max=17142.45ms count=1
04-08 01:07:57.654  7237  7298 W DynamiteModule: Local module descriptor class for com.google.android.gms.providerinstaller.dynamite not found.
04-08 01:07:57.664  1267  5690 W ProviderHelper: Unknown dynamite feature providerinstaller.dynamite
04-08 01:07:57.668  7237  7298 I DynamiteModule: Considering local module com.google.android.gms.providerinstaller.dynamite:0 and remote module com.google.android.gms.providerinstaller.dynamite:0
04-08 01:07:57.669  7237  7298 W ProviderInstaller: Failed to load providerinstaller module: No acceptable module com.google.android.gms.providerinstaller.dynamite found. Local version is 0 and remote version is 0.
04-08 01:07:57.697  7237  7298 D nativeloader: Configuring clns-11 for other apk /system/framework/com.android.media.remotedisplay.jar. target_sdk_version=34, uses_libraries=ALL, library_path=/data/app/~~6daLCPS4NsVHnVM81e9Cig==/com.google.android.gms-LMG0MOtTDMUbRIM28pMCJA==/lib/x86_64:/data/app/~~6daLCPS4NsVHnVM81e9Cig==/com.google.android.gms-LMG0MOtTDMUbRIM28pMCJA==/base.apk!/lib/x86_64, permitted_path=/data:/mnt/expand:/data/user/0/com.google.android.gms
04-08 01:07:57.724  7237  7298 D nativeloader: Configuring clns-12 for other apk /system/framework/com.android.location.provider.jar. target_sdk_version=34, uses_libraries=ALL, library_path=/data/app/~~6daLCPS4NsVHnVM81e9Cig==/com.google.android.gms-LMG0MOtTDMUbRIM28pMCJA==/lib/x86_64:/data/app/~~6daLCPS4NsVHnVM81e9Cig==/com.google.android.gms-LMG0MOtTDMUbRIM28pMCJA==/base.apk!/lib/x86_64, permitted_path=/data:/mnt/expand:/data/user/0/com.google.android.gms
04-08 01:07:57.737  7237  7298 D ApplicationLoaders: Returning zygote-cached class loader: /system_ext/framework/androidx.window.extensions.jar
04-08 01:07:57.737  7237  7298 D ApplicationLoaders: Returning zygote-cached class loader: /system_ext/framework/androidx.window.sidecar.jar
04-08 01:07:57.754  7237  7237 D LifecycleMonitor: Lifecycle status change: com.example.qr_dasher.HomePage@7ca2278 in: CREATED
04-08 01:07:57.755  7237  7237 V ActivityScenario: Update currentActivityStage to CREATED, currentActivity=com.example.qr_dasher.HomePage@7ca2278
04-08 01:07:57.789  7237  7237 D LifecycleMonitor: Lifecycle status change: com.example.qr_dasher.HomePage@7ca2278 in: STARTED
04-08 01:07:57.789  7237  7237 V ActivityScenario: Update currentActivityStage to STARTED, currentActivity=com.example.qr_dasher.HomePage@7ca2278
04-08 01:07:57.798  7237  7237 D LifecycleMonitor: Lifecycle status change: com.example.qr_dasher.HomePage@7ca2278 in: RESUMED
04-08 01:07:57.799  7237  7237 V ActivityScenario: Update currentActivityStage to RESUMED, currentActivity=com.example.qr_dasher.HomePage@7ca2278
04-08 01:07:57.821  7237  7237 D CompatibilityChangeReporter: Compat change id reported: 237531167; UID 10230; state: DISABLED
04-08 01:07:57.834  7237  7237 W OpenGLRenderer: Unknown dataspace 0
04-08 01:07:57.847  7237  7298 D nativeloader: Configuring clns-13 for other apk /data/app/~~6daLCPS4NsVHnVM81e9Cig==/com.google.android.gms-LMG0MOtTDMUbRIM28pMCJA==/base.apk. target_sdk_version=34, uses_libraries=, library_path=/data/app/~~6daLCPS4NsVHnVM81e9Cig==/com.google.android.gms-LMG0MOtTDMUbRIM28pMCJA==/lib/x86_64:/data/app/~~6daLCPS4NsVHnVM81e9Cig==/com.google.android.gms-LMG0MOtTDMUbRIM28pMCJA==/base.apk!/lib/x86_64, permitted_path=/data:/mnt/expand:/data/user/0/com.google.android.gms
04-08 01:07:58.004   571  1386 D ConnectivityService: requestNetwork for uid/pid:10230/7237 activeRequest: null callbackRequest: 1157 [NetworkRequest [ REQUEST id=1158, [ Capabilities: INTERNET&NOT_RESTRICTED&TRUSTED&NOT_VCN_MANAGED Uid: 10230 RequestorUid: 10230 RequestorPkg: com.example.qr_dasher UnderlyingNetworks: Null] ]] callback flags: 0 order: 2147483647
04-08 01:07:58.007   571   701 D WifiNetworkFactory: got request NetworkRequest [ REQUEST id=1158, [ Capabilities: INTERNET&NOT_RESTRICTED&TRUSTED&NOT_VCN_MANAGED Uid: 10230 RequestorUid: 10230 RequestorPkg: com.example.qr_dasher UnderlyingNetworks: Null] ]
04-08 01:07:58.007   571   701 D UntrustedWifiNetworkFactory: got request NetworkRequest [ REQUEST id=1158, [ Capabilities: INTERNET&NOT_RESTRICTED&TRUSTED&NOT_VCN_MANAGED Uid: 10230 RequestorUid: 10230 RequestorPkg: com.example.qr_dasher UnderlyingNetworks: Null] ]
04-08 01:07:58.018   571   701 D OemPaidWifiNetworkFactory: got request NetworkRequest [ REQUEST id=1158, [ Capabilities: INTERNET&NOT_RESTRICTED&TRUSTED&NOT_VCN_MANAGED Uid: 10230 RequestorUid: 10230 RequestorPkg: com.example.qr_dasher UnderlyingNetworks: Null] ]
04-08 01:07:58.018   571   701 D MultiInternetWifiNetworkFactory: got request NetworkRequest [ REQUEST id=1158, [ Capabilities: INTERNET&NOT_RESTRICTED&TRUSTED&NOT_VCN_MANAGED Uid: 10230 RequestorUid: 10230 RequestorPkg: com.example.qr_dasher UnderlyingNetworks: Null] ]
04-08 01:07:58.019   571   708 D ConnectivityService: NetReassign [1158 : null → 104] [c 0] [a 0] [i 12]
04-08 01:07:58.031  1267  3689 D TrafficStats: tagSocket(178) with statsTag=0x407, statsUid=-1
04-08 01:07:58.060  1391  1438 D EGL_emulation: app_time_stats: avg=7.14ms min=1.98ms max=24.40ms count=60
04-08 01:07:58.068   412   431 W ServiceManagerCppClient: Permission failure: android.permission.ROTATE_SURFACE_FLINGER from uid=10230 pid=0
04-08 01:07:58.068   412   431 D PermissionCache: checking android.permission.ROTATE_SURFACE_FLINGER for uid=10230 => denied (1423 us)
04-08 01:07:58.072   412   676 W ServiceManagerCppClient: Permission failure: android.permission.INTERNAL_SYSTEM_WINDOW from uid=10230 pid=7237
04-08 01:07:58.072   412   676 D PermissionCache: checking android.permission.INTERNAL_SYSTEM_WINDOW for uid=10230 => denied (3832 us)
04-08 01:07:58.072   412   431 W ServiceManagerCppClient: Permission failure: android.permission.INTERNAL_SYSTEM_WINDOW from uid=10230 pid=0
04-08 01:07:58.072   412   431 D PermissionCache: checking android.permission.INTERNAL_SYSTEM_WINDOW for uid=10230 => denied (4045 us)
04-08 01:07:58.072   412   676 W ServiceManagerCppClient: Permission failure: android.permission.ACCESS_SURFACE_FLINGER from uid=10230 pid=7237
04-08 01:07:58.073   412   676 D PermissionCache: checking android.permission.ACCESS_SURFACE_FLINGER for uid=10230 => denied (632 us)
04-08 01:07:58.073   412   431 W ServiceManagerCppClient: Permission failure: android.permission.ACCESS_SURFACE_FLINGER from uid=10230 pid=0
04-08 01:07:58.073   412   431 D PermissionCache: checking android.permission.ACCESS_SURFACE_FLINGER for uid=10230 => denied (538 us)
04-08 01:07:58.118  7237  7286 W OpenGLRenderer: Failed to choose config with EGL_SWAP_BEHAVIOR_PRESERVED, retrying without...
04-08 01:07:58.120  7237  7286 W OpenGLRenderer: Failed to initialize 101010-2 format, error = EGL_SUCCESS
04-08 01:07:58.272  7237  7298 V NativeCrypto: Registering com/google/android/gms/org/conscrypt/NativeCrypto's 305 native methods...
04-08 01:07:58.310   159   159 I hwservicemanager: getTransport: Cannot find entry android.hardware.graphics.mapper@4.0::IMapper/default in either framework or device VINTF manifest.
04-08 01:07:58.310  7237  7286 I Gralloc4: mapper 4.x is not supported
04-08 01:07:58.350  7237  7298 W ample.qr_dasher: Accessing hidden method Ljava/security/spec/ECParameterSpec;->getCurveName()Ljava/lang/String; (unsupported, reflection, allowed)
04-08 01:07:58.389  7237  7286 E OpenGLRenderer: Unable to match the desired swap behavior.
04-08 01:07:58.602  7237  7298 I ProviderInstaller: Installed default security provider GmsCore_OpenSSL
04-08 01:07:58.624   571  1386 W ServiceManagerCppClient: Permission failure: android.permission.ROTATE_SURFACE_FLINGER from uid=10230 pid=0
04-08 01:07:58.624   571  1386 D PermissionCache: checking android.permission.ROTATE_SURFACE_FLINGER for uid=10230 => denied (246 us)
04-08 01:07:58.624   571  1386 W ServiceManagerCppClient: Permission failure: android.permission.INTERNAL_SYSTEM_WINDOW from uid=10230 pid=0
04-08 01:07:58.624   571  1386 D PermissionCache: checking android.permission.INTERNAL_SYSTEM_WINDOW for uid=10230 => denied (108 us)
04-08 01:07:58.625   571  1386 W ServiceManagerCppClient: Permission failure: android.permission.ACCESS_SURFACE_FLINGER from uid=10230 pid=0
04-08 01:07:58.625   571  1386 D PermissionCache: checking android.permission.ACCESS_SURFACE_FLINGER for uid=10230 => denied (105 us)
04-08 01:07:58.631   571   593 W ziparchive: Unable to open '/data/app/~~_D5yJBODs5AbQE47UO8yZw==/com.example.qr_dasher-zwLK9IMeC0RyqJn0GqcWow==/base.dm': No such file or directory
04-08 01:07:58.636   571   593 I ActivityTaskManager: Displayed com.example.qr_dasher/.HomePage for user 0: +2s371ms
04-08 01:07:58.645  7237  7251 I OpenGLRenderer: Davey! duration=751ms; Flags=1, FrameTimelineVsyncId=1695261, IntendedVsync=110885789978638, Vsync=110885806645304, InputEventId=0, HandleInputStart=110885821194760, AnimationStart=110885821379660, PerformTraversalsStart=110885821453260, DrawStart=110886314029260, FrameDeadline=110885806645304, FrameInterval=110885821132460, FrameStartTime=16666666, SyncQueued=110886362475160, SyncStart=110886364780660, IssueDrawCommandsStart=110886366698360, SwapBuffers=110886523280660, FrameCompleted=110886543647160, DequeueBufferDuration=41600, QueueBufferDuration=16918700, GpuCompleted=110886543342560, SwapBuffersCompleted=110886543647160, DisplayPresentTime=0, CommandSubmissionCompleted=110886523280660,
04-08 01:07:58.651  7237  7237 I Choreographer: Skipped 43 frames!  The application may be doing too much work on its main thread.
04-08 01:07:58.685  7237  7252 I OpenGLRenderer: Davey! duration=750ms; Flags=0, FrameTimelineVsyncId=1695299, IntendedVsync=110885839978636, Vsync=110886556645274, InputEventId=0, HandleInputStart=110886573501060, AnimationStart=110886573539960, PerformTraversalsStart=110886575006760, DrawStart=110886577315160, FrameDeadline=110886573311940, FrameInterval=110886572532060, FrameStartTime=16666666, SyncQueued=110886582501360, SyncStart=110886582772060, IssueDrawCommandsStart=110886582872760, SwapBuffers=110886586915160, FrameCompleted=110886590939660, DequeueBufferDuration=43400, QueueBufferDuration=917300, GpuCompleted=110886590939660, SwapBuffersCompleted=110886589031760, DisplayPresentTime=0, CommandSubmissionCompleted=110886586915160,
04-08 01:07:58.734  1267  5690 I FontLog : (REDACTED) Received query %s, URI %s
04-08 01:07:58.735  1267  5690 I FontLog : (REDACTED) Query [%s] resolved to %s
04-08 01:07:58.755   571  2647 I ImeTracker: com.example.qr_dasher:ec1fbab2: onRequestHide at ORIGIN_SERVER_HIDE_INPUT reason HIDE_UNSPECIFIED_WINDOW
04-08 01:07:58.756   571  2647 I ImeTracker: com.example.qr_dasher:ec1fbab2: onCancelled at PHASE_SERVER_SHOULD_HIDE
04-08 01:07:58.787  1267  5690 I FontLog : (REDACTED) Fetch %s end status %s
04-08 01:07:58.807  1573  1573 I GoogleInputMethodService: GoogleInputMethodService.onFinishInput():3227
04-08 01:07:58.812  1573  1573 I GoogleInputMethodService: GoogleInputMethodService.updateDeviceLockedStatus():2087 repeatCheckTimes = 0, unlocked = true
04-08 01:07:58.812  1573  1573 I GoogleInputMethodService: GoogleInputMethodService.onStartInput():1877 onStartInput(EditorInfo{inputType=0x0(NULL) imeOptions=0x0 privateImeOptions=null actionName=UNSPECIFIED actionLabel=null actionId=0 initialSelStart=-1 initialSelEnd=-1 initialCapsMode=0x0 hintText=null label=null packageName=com.example.qr_dasher fieldId=0 fieldName=null extras=null}, false)
04-08 01:07:58.813  1573  1573 I GoogleInputMethodService: GoogleInputMethodService.shouldHideHeaderOnInitialState():4008 ShouldHideHeaderOnInitialState = false
04-08 01:07:58.826  1573  1573 I GoogleInputMethodService: GoogleInputMethodService.updateDeviceLockedStatus():2087 repeatCheckTimes = 2, unlocked = true
04-08 01:07:58.835  1267  5690 I FontLog : (REDACTED) Pulling font file for id = %d, cache size = %d
04-08 01:07:58.894  1267  5690 I FontLog : (REDACTED) Pulling font file for id = %d, cache size = %d
04-08 01:07:58.954  1019  2054 D OneSearchSuggestProvider: Shut down the binder channel
04-08 01:07:58.957  1019  1045 I IPCThreadState: oneway function results for code 2 on binder at 0x7ebcd37f0fb0 will be dropped but finished with status UNKNOWN_TRANSACTION
04-08 01:07:58.963  1019  1091 I ImeTracker: com.google.android.apps.nexuslauncher:95e7116: onRequestHide at ORIGIN_CLIENT_HIDE_SOFT_INPUT reason HIDE_SOFT_INPUT
04-08 01:07:58.966  1019  1091 I ImeTracker: com.google.android.apps.nexuslauncher:95e7116: onFailed at PHASE_CLIENT_VIEW_SERVED
04-08 01:07:58.994  1391  1434 W WindowOnBackDispatcher: sendCancelIfRunning: isInProgress=falsecallback=android.view.ViewRootImpl$$ExternalSyntheticLambda17@8b0e673
04-08 01:07:58.998   571  1384 W InputManager-JNI: Input channel object '1d5df28 Splash Screen com.example.qr_dasher (client)' was disposed without first being removed with the input manager!
04-08 01:07:59.097  7237  7278 W FileTestStorage: Output properties is not supported.
04-08 01:07:59.101  7237  7278 I Tracing : Tracer added: class androidx.test.platform.tracing.AndroidXTracer
04-08 01:07:59.113   571   766 D ConnectivityService: requestNetwork for uid/pid:10230/7237 activeRequest: null callbackRequest: 1159 [NetworkRequest [ REQUEST id=1160, [ Capabilities: INTERNET&NOT_RESTRICTED&TRUSTED&NOT_VCN_MANAGED Uid: 10230 RequestorUid: 10230 RequestorPkg: com.example.qr_dasher UnderlyingNetworks: Null] ]] callback flags: 0 order: 2147483647
04-08 01:07:59.118   571   708 D ConnectivityService: NetReassign [1160 : null → 104] [c 0] [a 1] [i 3]
04-08 01:07:59.123   571   701 D WifiNetworkFactory: got request NetworkRequest [ REQUEST id=1160, [ Capabilities: INTERNET&NOT_RESTRICTED&TRUSTED&NOT_VCN_MANAGED Uid: 10230 RequestorUid: 10230 RequestorPkg: com.example.qr_dasher UnderlyingNetworks: Null] ]
04-08 01:07:59.123   571   701 D UntrustedWifiNetworkFactory: got request NetworkRequest [ REQUEST id=1160, [ Capabilities: INTERNET&NOT_RESTRICTED&TRUSTED&NOT_VCN_MANAGED Uid: 10230 RequestorUid: 10230 RequestorPkg: com.example.qr_dasher UnderlyingNetworks: Null] ]
04-08 01:07:59.133   571   701 D OemPaidWifiNetworkFactory: got request NetworkRequest [ REQUEST id=1160, [ Capabilities: INTERNET&NOT_RESTRICTED&TRUSTED&NOT_VCN_MANAGED Uid: 10230 RequestorUid: 10230 RequestorPkg: com.example.qr_dasher UnderlyingNetworks: Null] ]
04-08 01:07:59.133   571   701 D MultiInternetWifiNetworkFactory: got request NetworkRequest [ REQUEST id=1160, [ Capabilities: INTERNET&NOT_RESTRICTED&TRUSTED&NOT_VCN_MANAGED Uid: 10230 RequestorUid: 10230 RequestorPkg: com.example.qr_dasher UnderlyingNetworks: Null] ]
04-08 01:07:59.147  1267  1267 D BoundBrokerSvc: onBind: Intent { act=com.google.android.gms.presencemanager.service.START dat=chimera-action:/... cmp=com.google.android.gms/.chimera.PersistentApiService }
04-08 01:07:59.147  1267  1267 D BoundBrokerSvc: Loading bound service for intent: Intent { act=com.google.android.gms.presencemanager.service.START dat=chimera-action:/... cmp=com.google.android.gms/.chimera.PersistentApiService }
04-08 01:07:59.160  7237  7278 D CompatibilityChangeReporter: Compat change id reported: 247079863; UID 10230; state: ENABLED
04-08 01:07:59.168  1267  1267 D BoundBrokerSvc: onBind: Intent { act=com.google.android.gms.presencemanager.service.INTERNAL_IDENTITY dat=chimera-action:/... cmp=com.google.android.gms/.chimera.PersistentApiService }
04-08 01:07:59.168  1267  1267 D BoundBrokerSvc: Loading bound service for intent: Intent { act=com.google.android.gms.presencemanager.service.INTERNAL_IDENTITY dat=chimera-action:/... cmp=com.google.android.gms/.chimera.PersistentApiService }
04-08 01:07:59.202  7237  7278 D EventInjectionStrategy: Creating injection strategy with input manager.
04-08 01:07:59.202  7237  7278 W ample.qr_dasher: Accessing hidden method Landroid/hardware/input/InputManager;->getInstance()Landroid/hardware/input/InputManager; (unsupported, reflection, allowed)
04-08 01:07:59.210  7237  7278 W ample.qr_dasher: Accessing hidden method Landroid/hardware/input/InputManager;->injectInputEvent(Landroid/view/InputEvent;I)Z (unsupported, reflection, allowed)
04-08 01:07:59.210  7237  7278 W ample.qr_dasher: Accessing hidden field Landroid/hardware/input/InputManager;->INJECT_INPUT_EVENT_MODE_WAIT_FOR_FINISH:I (unsupported, reflection, allowed)
04-08 01:07:59.272  1267  6894 W NetworkScheduler: Error inserting flex_time=0 job_id=-1 period=2000 source=16 requires_charging=0 preferred_network_type=1 target_class=com.google.android.gms.measurement.PackageMeasurementTaskService user_id=0 target_package=com.google.android.gms tag=Measurement.PackageMeasurementTaskService.UPLOAD_TASK_TAG task_type=0 required_idleness_state=0 service_kind=0 source_version=240812000 persistence_level=1 preferred_charging_state=1 required_network_type=0 runtime=1712560079250 retry_strategy={"maximum_backoff_seconds":{"3600":0},"initial_backoff_seconds":{"30":0},"retry_policy":{"0":0}} last_runtime=0 [CONTEXT service_id=218 ]
04-08 01:07:59.272  1267  6894 W NetworkScheduler: android.database.sqlite.SQLiteConstraintException: UNIQUE constraint failed: pending_ops.tag, pending_ops.target_class, pending_ops.target_package, pending_ops.user_id (code 2067 SQLITE_CONSTRAINT_UNIQUE)
04-08 01:07:59.272  1267  6894 W NetworkScheduler: 	at android.database.sqlite.SQLiteConnection.nativeExecuteForLastInsertedRowId(Native Method)
04-08 01:07:59.272  1267  6894 W NetworkScheduler: 	at android.database.sqlite.SQLiteConnection.executeForLastInsertedRowId(SQLiteConnection.java:961)
04-08 01:07:59.272  1267  6894 W NetworkScheduler: 	at android.database.sqlite.SQLiteSession.executeForLastInsertedRowId(SQLiteSession.java:790)
04-08 01:07:59.272  1267  6894 W NetworkScheduler: 	at android.database.sqlite.SQLiteStatement.executeInsert(SQLiteStatement.java:89)
04-08 01:07:59.272  1267  6894 W NetworkScheduler: 	at android.database.sqlite.SQLiteDatabase.insertWithOnConflict(SQLiteDatabase.java:1870)
04-08 01:07:59.272  1267  6894 W NetworkScheduler: 	at android.database.sqlite.SQLiteDatabase.insertOrThrow(SQLiteDatabase.java:1765)
04-08 01:07:59.272  1267  6894 W NetworkScheduler: 	at ctph.d(:com.google.android.gms@240812041@24.08.12 (190800-608507424):743)
04-08 01:07:59.272  1267  6894 W NetworkScheduler: 	at ctne.n(:com.google.android.gms@240812041@24.08.12 (190800-608507424):29)
04-08 01:07:59.272  1267  6894 W NetworkScheduler: 	at ctne.u(:com.google.android.gms@240812041@24.08.12 (190800-608507424):362)
04-08 01:07:59.272  1267  6894 W NetworkScheduler: 	at ctne.h(:com.google.android.gms@240812041@24.08.12 (190800-608507424):51)
04-08 01:07:59.272  1267  6894 W NetworkScheduler: 	at ctih.run(:com.google.android.gms@240812041@24.08.12 (190800-608507424):72)
04-08 01:07:59.272  1267  6894 W NetworkScheduler: 	at alab.c(:com.google.android.gms@240812041@24.08.12 (190800-608507424):50)
04-08 01:07:59.272  1267  6894 W NetworkScheduler: 	at alab.run(:com.google.android.gms@240812041@24.08.12 (190800-608507424):97)
04-08 01:07:59.272  1267  6894 W NetworkScheduler: 	at java.util.concurrent.ThreadPoolExecutor.runWorker(ThreadPoolExecutor.java:1145)
04-08 01:07:59.272  1267  6894 W NetworkScheduler: 	at java.util.concurrent.ThreadPoolExecutor$Worker.run(ThreadPoolExecutor.java:644)
04-08 01:07:59.272  1267  6894 W NetworkScheduler: 	at alfp.run(:com.google.android.gms@240812041@24.08.12 (190800-608507424):8)
04-08 01:07:59.272  1267  6894 W NetworkScheduler: 	at java.lang.Thread.run(Thread.java:1012)
04-08 01:07:59.288  7237  7278 W ample.qr_dasher: Accessing hidden method Landroid/view/ViewConfiguration;->getDoubleTapMinTime()I (unsupported, reflection, allowed)
04-08 01:07:59.305  1267  5889 W NetworkScheduler: Error inserting flex_time=9000 job_id=-1 period=20000 source=16 requires_charging=0 preferred_network_type=1 target_class=com.google.android.gms.measurement.PackageMeasurementTaskService user_id=0 target_package=com.google.android.gms tag=Measurement.PackageMeasurementTaskService.UPLOAD_TASK_TAG task_type=0 required_idleness_state=0 service_kind=0 source_version=240812000 persistence_level=1 preferred_charging_state=1 required_network_type=0 runtime=1712560079305 retry_strategy={"maximum_backoff_seconds":{"3600":0},"initial_backoff_seconds":{"30":0},"retry_policy":{"0":0}} last_runtime=0 [CONTEXT service_id=218 ]
04-08 01:07:59.305  1267  5889 W NetworkScheduler: android.database.sqlite.SQLiteConstraintException: UNIQUE constraint failed: pending_ops.tag, pending_ops.target_class, pending_ops.target_package, pending_ops.user_id (code 2067 SQLITE_CONSTRAINT_UNIQUE)
04-08 01:07:59.305  1267  5889 W NetworkScheduler: 	at android.database.sqlite.SQLiteConnection.nativeExecuteForLastInsertedRowId(Native Method)
04-08 01:07:59.305  1267  5889 W NetworkScheduler: 	at android.database.sqlite.SQLiteConnection.executeForLastInsertedRowId(SQLiteConnection.java:961)
04-08 01:07:59.305  1267  5889 W NetworkScheduler: 	at android.database.sqlite.SQLiteSession.executeForLastInsertedRowId(SQLiteSession.java:790)
04-08 01:07:59.305  1267  5889 W NetworkScheduler: 	at android.database.sqlite.SQLiteStatement.executeInsert(SQLiteStatement.java:89)
04-08 01:07:59.305  1267  5889 W NetworkScheduler: 	at android.database.sqlite.SQLiteDatabase.insertWithOnConflict(SQLiteDatabase.java:1870)
04-08 01:07:59.305  1267  5889 W NetworkScheduler: 	at android.database.sqlite.SQLiteDatabase.insertOrThrow(SQLiteDatabase.java:1765)
04-08 01:07:59.305  1267  5889 W NetworkScheduler: 	at ctph.d(:com.google.android.gms@240812041@24.08.12 (190800-608507424):743)
04-08 01:07:59.305  1267  5889 W NetworkScheduler: 	at ctne.n(:com.google.android.gms@240812041@24.08.12 (190800-608507424):29)
04-08 01:07:59.305  1267  5889 W NetworkScheduler: 	at ctne.u(:com.google.android.gms@240812041@24.08.12 (190800-608507424):362)
04-08 01:07:59.305  1267  5889 W NetworkScheduler: 	at ctne.h(:com.google.android.gms@240812041@24.08.12 (190800-608507424):51)
04-08 01:07:59.305  1267  5889 W NetworkScheduler: 	at ctih.run(:com.google.android.gms@240812041@24.08.12 (190800-608507424):72)
04-08 01:07:59.305  1267  5889 W NetworkScheduler: 	at alab.c(:com.google.android.gms@240812041@24.08.12 (190800-608507424):50)
04-08 01:07:59.305  1267  5889 W NetworkScheduler: 	at alab.run(:com.google.android.gms@240812041@24.08.12 (190800-608507424):76)
04-08 01:07:59.305  1267  5889 W NetworkScheduler: 	at java.util.concurrent.ThreadPoolExecutor.runWorker(ThreadPoolExecutor.java:1145)
04-08 01:07:59.305  1267  5889 W NetworkScheduler: 	at java.util.concurrent.ThreadPoolExecutor$Worker.run(ThreadPoolExecutor.java:644)
04-08 01:07:59.305  1267  5889 W NetworkScheduler: 	at alfp.run(:com.google.android.gms@240812041@24.08.12 (190800-608507424):8)
04-08 01:07:59.305  1267  5889 W NetworkScheduler: 	at java.lang.Thread.run(Thread.java:1012)
04-08 01:07:59.328  7237  7237 W ample.qr_dasher: Accessing hidden method Landroid/os/MessageQueue;->next()Landroid/os/Message; (unsupported, reflection, allowed)
04-08 01:07:59.328  7237  7237 W ample.qr_dasher: Accessing hidden field Landroid/os/MessageQueue;->mMessages:Landroid/os/Message; (unsupported, reflection, allowed)
04-08 01:07:59.329  7237  7237 W ample.qr_dasher: Accessing hidden method Landroid/os/Message;->recycleUnchecked()V (unsupported, reflection, allowed)
04-08 01:07:59.343  7237  7237 W ample.qr_dasher: Accessing hidden method Landroid/view/WindowManagerGlobal;->getInstance()Landroid/view/WindowManagerGlobal; (unsupported, reflection, allowed)
04-08 01:07:59.344  7237  7237 W ample.qr_dasher: Accessing hidden field Landroid/view/WindowManagerGlobal;->mViews:Ljava/util/ArrayList; (unsupported, reflection, allowed)
04-08 01:07:59.344  7237  7237 W ample.qr_dasher: Accessing hidden field Landroid/view/WindowManagerGlobal;->mParams:Ljava/util/ArrayList; (unsupported, reflection, allowed)
04-08 01:07:59.353  1267  6894 W NetworkScheduler: Error inserting flex_time=9000 job_id=-1 period=20000 source=16 requires_charging=0 preferred_network_type=1 target_class=com.google.android.gms.measurement.PackageMeasurementTaskService user_id=0 target_package=com.google.android.gms tag=Measurement.PackageMeasurementTaskService.UPLOAD_TASK_TAG task_type=0 required_idleness_state=0 service_kind=0 source_version=240812000 persistence_level=1 preferred_charging_state=1 required_network_type=0 runtime=1712560079346 retry_strategy={"maximum_backoff_seconds":{"3600":0},"initial_backoff_seconds":{"30":0},"retry_policy":{"0":0}} last_runtime=0 [CONTEXT service_id=218 ]
04-08 01:07:59.353  1267  6894 W NetworkScheduler: android.database.sqlite.SQLiteConstraintException: UNIQUE constraint failed: pending_ops.tag, pending_ops.target_class, pending_ops.target_package, pending_ops.user_id (code 2067 SQLITE_CONSTRAINT_UNIQUE)
04-08 01:07:59.353  1267  6894 W NetworkScheduler: 	at android.database.sqlite.SQLiteConnection.nativeExecuteForLastInsertedRowId(Native Method)
04-08 01:07:59.353  1267  6894 W NetworkScheduler: 	at android.database.sqlite.SQLiteConnection.executeForLastInsertedRowId(SQLiteConnection.java:961)
04-08 01:07:59.353  1267  6894 W NetworkScheduler: 	at android.database.sqlite.SQLiteSession.executeForLastInsertedRowId(SQLiteSession.java:790)
04-08 01:07:59.353  1267  6894 W NetworkScheduler: 	at android.database.sqlite.SQLiteStatement.executeInsert(SQLiteStatement.java:89)
04-08 01:07:59.353  1267  6894 W NetworkScheduler: 	at android.database.sqlite.SQLiteDatabase.insertWithOnConflict(SQLiteDatabase.java:1870)
04-08 01:07:59.353  1267  6894 W NetworkScheduler: 	at android.database.sqlite.SQLiteDatabase.insertOrThrow(SQLiteDatabase.java:1765)
04-08 01:07:59.353  1267  6894 W NetworkScheduler: 	at ctph.d(:com.google.android.gms@240812041@24.08.12 (190800-608507424):743)
04-08 01:07:59.353  1267  6894 W NetworkScheduler: 	at ctne.n(:com.google.android.gms@240812041@24.08.12 (190800-608507424):29)
04-08 01:07:59.353  1267  6894 W NetworkScheduler: 	at ctne.u(:com.google.android.gms@240812041@24.08.12 (190800-608507424):362)
04-08 01:07:59.353  1267  6894 W NetworkScheduler: 	at ctne.h(:com.google.android.gms@240812041@24.08.12 (190800-608507424):51)
04-08 01:07:59.353  1267  6894 W NetworkScheduler: 	at ctih.run(:com.google.android.gms@240812041@24.08.12 (190800-608507424):72)
04-08 01:07:59.353  1267  6894 W NetworkScheduler: 	at alab.c(:com.google.android.gms@240812041@24.08.12 (190800-608507424):50)
04-08 01:07:59.353  1267  6894 W NetworkScheduler: 	at alab.run(:com.google.android.gms@240812041@24.08.12 (190800-608507424):76)
04-08 01:07:59.353  1267  6894 W NetworkScheduler: 	at java.util.concurrent.ThreadPoolExecutor.runWorker(ThreadPoolExecutor.java:1145)
04-08 01:07:59.353  1267  6894 W NetworkScheduler: 	at java.util.concurrent.ThreadPoolExecutor$Worker.run(ThreadPoolExecutor.java:644)
04-08 01:07:59.353  1267  6894 W NetworkScheduler: 	at alfp.run(:com.google.android.gms@240812041@24.08.12 (190800-608507424):8)
04-08 01:07:59.353  1267  6894 W NetworkScheduler: 	at java.lang.Thread.run(Thread.java:1012)
04-08 01:07:59.365  7237  7237 I ViewInteraction: Performing 'type text(John Doe)' action on view view.getId() is <2131231109/com.example.qr_dasher:id/name_edit>
04-08 01:07:59.391 25958 25972 I Finsky  : [83] alhk.m(226): Package com.google.android.gms is verified.
04-08 01:07:59.467 27225  7313 W FA-SVC  : Service response is missing Install Referrer install timestamp
04-08 01:07:59.514  7237  7237 D CompatibilityChangeReporter: Compat change id reported: 163400105; UID 10230; state: ENABLED
04-08 01:07:59.514  1573  1573 I GoogleInputMethodService: GoogleInputMethodService.onFinishInput():3227
04-08 01:07:59.515  1573  1573 I GoogleInputMethodService: GoogleInputMethodService.updateDeviceLockedStatus():2087 repeatCheckTimes = 0, unlocked = true
04-08 01:07:59.516  1573  1573 I GoogleInputMethodService: GoogleInputMethodService.onStartInput():1877 onStartInput(EditorInfo{inputType=0x20001(Normal) imeOptions=0x48000005 privateImeOptions=null actionName=NEXT actionLabel=null actionId=0 initialSelStart=0 initialSelEnd=0 initialCapsMode=0x0 hintText=null label=null packageName=com.example.qr_dasher fieldId=2131231109 fieldName=null extras=null}, false)
04-08 01:07:59.516  1573  1573 I GoogleInputMethodService: GoogleInputMethodService.shouldHideHeaderOnInitialState():4008 ShouldHideHeaderOnInitialState = false
04-08 01:07:59.517  1573  1573 I GoogleInputMethodService: GoogleInputMethodService.updateDeviceLockedStatus():2087 repeatCheckTimes = 2, unlocked = true
04-08 01:07:59.519  7237  7237 I ImeTracker: com.example.qr_dasher:34ec154: onRequestShow at ORIGIN_CLIENT_SHOW_SOFT_INPUT reason SHOW_SOFT_INPUT
04-08 01:07:59.520  7237  7237 D InputMethodManager: showSoftInput() view=androidx.appcompat.widget.AppCompatEditText{5155a69 VFED..CL. .F.P..ID 299,0-684,118 #7f080185 app:id/name_edit aid=1073741824} flags=0 reason=SHOW_SOFT_INPUT
04-08 01:07:59.532  1573  1573 I DeviceModeUtil: DeviceModeUtil.getDeviceMode():122 Get device mode phone by ui mode:1 and smallestScreenWidthDp:411
04-08 01:07:59.538  1573  1573 I GoogleInputMethodService: GoogleInputMethodService.onStartInputView():1995 onStartInputView(EditorInfo{inputType=0x20001(Normal) imeOptions=0x48000005 privateImeOptions=null actionName=NEXT actionLabel=null actionId=0 initialSelStart=0 initialSelEnd=0 initialCapsMode=0x0 hintText=null label=null packageName=com.example.qr_dasher fieldId=2131231109 fieldName=null extras=null}, false)
04-08 01:07:59.539  1573  1573 I GoogleInputMethodService: GoogleInputMethodService.updateDeviceLockedStatus():2087 repeatCheckTimes = 2, unlocked = true
04-08 01:07:59.541  1573  1660 I DeviceModeUtil: DeviceModeUtil.getDeviceMode():122 Get device mode phone by ui mode:1 and smallestScreenWidthDp:411
04-08 01:07:59.543  1573  1573 W ModuleManager: ModuleManager.loadModule():450 Module erj is not available
04-08 01:07:59.546  1573  1573 I KeyboardViewUtil: KeyboardViewUtil.getKeyboardHeightRatio():189 systemKeyboardHeightRatio:1.000000; userKeyboardHeightRatio:1.000000.
04-08 01:07:59.546  1573  1573 I AndroidIME: AbstractIme.onActivate():86 LatinIme.onActivate() : EditorInfo = inputType=0x20001(Normal) imeOptions=0x48000005 privateImeOptions=null actionName=NEXT actionLabel=null actionId=0 initialSelStart=0 initialSelEnd=0 initialCapsMode=0x0 hintText=null label=null packageName=com.example.qr_dasher fieldId=2131231109 fieldName=null extras=null, IncognitoMode = false, DeviceLocked = false
04-08 01:07:59.549  1573  1573 I Delight5Facilitator: Delight5Facilitator.initializeForIme():777 initializeForIme() : Locale = [en_US], layout = qwerty
04-08 01:07:59.564  7237  7237 I AssistStructure: Flattened final assist data: 2648 bytes, containing 1 windows, 15 views
04-08 01:07:59.572  1573  1573 I VoiceInputManagerWrapper: VoiceInputManagerWrapper.cancelShutdown():55 cancelShutdown()
04-08 01:07:59.572  1573  1573 I VoiceInputManagerWrapper: VoiceInputManagerWrapper.syncLanguagePacks():67 syncLanguagePacks()
04-08 01:07:59.579  1573  1573 I LatinIme: LatinIme.updateEnableInlineSuggestionsOnDecoderSideFlags():1003 inline flag updated to:false
04-08 01:07:59.579  1573  3450 I SpeechFactory: SpeechRecognitionFactory.maybeScheduleAutoPackDownloadForFallback():205 maybeScheduleAutoPackDownloadForFallback()
04-08 01:07:59.579  1573  3450 I FallbackOnDeviceRecognitionProvider: FallbackOnDeviceRecognitionProvider.maybeScheduleAutoPackDownload():195 maybeScheduleAutoPackDownload() for language tag en-US
04-08 01:07:59.605  1573  1573 I KeyboardWrapper: KeyboardWrapper.consumeEvent():275 Skip consuming an event as current keyboard is deactivated (state=0, keyboard existence=true)
04-08 01:07:59.620  1573  1573 I KeyboardViewUtil: KeyboardViewUtil.calculateMaxKeyboardBodyHeight():40 leave 354 height for app when screen height:2274, header height:116 and isFullscreenMode:false, so the max keyboard body height is:1804
04-08 01:07:59.623  1573  1573 I DeviceModeUtil: DeviceModeUtil.getDeviceMode():122 Get device mode phone by ui mode:1 and smallestScreenWidthDp:411
04-08 01:07:59.625  1573  1573 I GoogleInputMethodService: GoogleInputMethodService.setKeyboardViewShown():3483 setKeyboardViewShown() : type = HEADER, shownType = SHOW_OPTIONAL
04-08 01:07:59.625  1573  1573 I GoogleInputMethodService: GoogleInputMethodService.setKeyboardViewShown():3530 setKeyboardViewShown() : shouldShow = true
04-08 01:07:59.626  1573  1573 I GoogleInputMethodService: GoogleInputMethodService.setKeyboardViewShown():3483 setKeyboardViewShown() : type = BODY, shownType = SHOW_MANDATORY
04-08 01:07:59.626  1573  1573 I GoogleInputMethodService: GoogleInputMethodService.setKeyboardViewShown():3530 setKeyboardViewShown() : shouldShow = true
04-08 01:07:59.626  1573  1573 I GoogleInputMethodService: GoogleInputMethodService.setKeyboardViewShown():3483 setKeyboardViewShown() : type = FLOATING_CANDIDATES, shownType = HIDE
04-08 01:07:59.626  1573  1573 I GoogleInputMethodService: GoogleInputMethodService.setKeyboardViewShown():3530 setKeyboardViewShown() : shouldShow = false
04-08 01:07:59.631  1573  1573 I KeyboardViewUtil: KeyboardViewUtil.calculateMaxKeyboardBodyHeight():40 leave 354 height for app when screen height:2274, header height:116 and isFullscreenMode:false, so the max keyboard body height is:1804
04-08 01:07:59.632  1573  1573 I DeviceModeUtil: DeviceModeUtil.getDeviceMode():122 Get device mode phone by ui mode:1 and smallestScreenWidthDp:411
04-08 01:07:59.641  1573  1573 I DeviceModeUtil: DeviceModeUtil.getDeviceMode():122 Get device mode phone by ui mode:1 and smallestScreenWidthDp:411
04-08 01:07:59.642  1573  1573 I DeviceModeUtil: DeviceModeUtil.getDeviceMode():122 Get device mode phone by ui mode:1 and smallestScreenWidthDp:411
04-08 01:07:59.642  1573  1573 I KeyboardModeManager: KeyboardModeManager.setInputView():364 setInputView() : supportsOneHandedMode=true
04-08 01:07:59.642  1573  1573 I NormalModeController: NormalModeController.getKeyboardBodyViewHolderPaddingBottom():116 currentPrimeKeyboardType:SOFT systemPaddingBottom:-1
04-08 01:07:59.644  1573  1573 I AndroidIME: KeyboardViewManager.updateKeyboardBodyViewHolderPaddingBottom():604 Set finalPaddingBottom = 0 while keyboardBottomGapFromScreen = 0; navigationHeight = 126
04-08 01:07:59.644  1573  1573 I NormalModeController: NormalModeController.getKeyboardBodyViewHolderPaddingBottom():116 currentPrimeKeyboardType:SOFT systemPaddingBottom:-1
04-08 01:07:59.646  1573  1573 I AndroidIME: KeyboardViewManager.updateKeyboardBodyViewHolderPaddingBottom():604 Set finalPaddingBottom = 0 while keyboardBottomGapFromScreen = 0; navigationHeight = 126
04-08 01:07:59.646  1573  1573 I KeyboardModeManager: KeyboardModeManager.setInputView():356 setInputView() : entry=hwn{languageTag=en-US, variant=qwerty, hasLocalizedResources=true, conditionCacheKey=_device=phone_device_size=default_enable_adaptive_text_editing=true_enable_inline_suggestions_on_client_side=false_enable_large_tablet_batch_1=false_enable_large_tablet_batch_2=false_enable_more_candidates_view_for_multilingual=false_enable_nav_redesign=false_enable_number_row=false_enable_preemptive_decode=true_enable_secondary_symbols=false_expressions=normal_four_or_more_letter_rows=false_keyboard_mode=normal_language=en-US_orientation=portrait_physical_keyboard=qwerty_show_secondary_digits=true_show_suggestions=true_split_with_duplicate_keys=true_variant=qwerty, imeDef.stringId=ime_english_united_states, imeDef.className=com.google.android.apps.inputmethod.libs.latin5.LatinIme, imeDef.languageTag=en-US}
04-08 01:07:59.665  1573  1573 I ProactiveSuggestionsHolderManager: ProactiveSuggestionsHolderManager$3.display():216 Requesting to show proactive suggestions: CLIPBOARD PREEMPTIVE_WITH_SUPPRESSION
04-08 01:07:59.670  1573  1573 I VoiceImeExtension: VoiceImeExtension.shouldStartVoiceInputAutomatically():383 No private IME option set to start voice input.
04-08 01:07:59.680 27225 27225 D BoundBrokerSvc: onBind: Intent { act=com.google.firebase.dynamiclinks.service.START pkg=com.google.android.gms }
04-08 01:07:59.680 27225 27225 D BoundBrokerSvc: Loading bound service for intent: Intent { act=com.google.firebase.dynamiclinks.service.START pkg=com.google.android.gms }
04-08 01:07:59.873  7237  7237 D UiControllerImpl: Injecting string: "John Doe"
04-08 01:07:59.885  1573  1699 E OpenGLRenderer: Unable to match the desired swap behavior.
04-08 01:07:59.898  1267  1267 W AutofillChimeraService: Pending fill request while another request in the same session was triggered. [CONTEXT service_id=177 ]
04-08 01:07:59.934  1391  1391 D StatusBarIconController: ignoring old pipeline callbacks, because the new mobile icons are enabled
04-08 01:07:59.945 27225 27225 D BoundBrokerSvc: onBind: Intent { act=com.google.android.mdd.service.START dat=chimera-action:/... cmp=com.google.android.gms/.chimera.GmsBoundBrokerService }
04-08 01:07:59.945 27225 27225 D BoundBrokerSvc: Loading bound service for intent: Intent { act=com.google.android.mdd.service.START dat=chimera-action:/... cmp=com.google.android.gms/.chimera.GmsBoundBrokerService }
04-08 01:07:59.986  1573  1573 W InputContextProxyV4: InputContextProxyV4.applyClientDiffInternal():897 Ignore [FetchSuggestions] diff due to stale request: 5420<5421, inputStateId=5314, lastInputStateId=5313
04-08 01:07:59.986  1573  1573 I DeviceModeUtil: DeviceModeUtil.getDeviceMode():122 Get device mode phone by ui mode:1 and smallestScreenWidthDp:411
04-08 01:07:59.991  1573  1573 I DeviceModeUtil: DeviceModeUtil.getDeviceMode():122 Get device mode phone by ui mode:1 and smallestScreenWidthDp:411
04-08 01:07:59.992  1573  1573 I NormalModeController: NormalModeController.getKeyboardBodyViewHolderPaddingBottom():116 currentPrimeKeyboardType:SOFT systemPaddingBottom:-1
04-08 01:07:59.997  1573  2001 I Delight5Decoder: Delight5DecoderWrapper.setKeyboardLayout():457 setKeyboardLayout()
04-08 01:08:00.017  7237  7286 D EGL_emulation: app_time_stats: avg=139.32ms min=13.30ms max=513.26ms count=10
04-08 01:08:00.018  1661  1795 I AiAiEcho: Predicting[0]:
04-08 01:08:00.018  1661  1795 I AiAiEcho: EchoTargets:
04-08 01:08:00.018  1661  1795 I AiAiEcho: Filtered by AiAi flag check:
04-08 01:08:00.018  1661  1795 I AiAiEcho: Ranked targets strategy: SORT, count: 0, ranking metadata:
04-08 01:08:00.021  1661  1795 I AiAiEcho: #postPredictionTargets: Sending updates to UISurface lockscreen with targets# 0 (types=[])
04-08 01:08:00.022  1391  1391 W PageIndicator: Total number of pages invalid: 0. Assuming 1 page.
04-08 01:08:00.025  7237  7237 D InsetsController: show(ime(), fromIme=true)
04-08 01:08:00.053  1573  1573 W TooltipLifecycleManager: TooltipLifecycleManager.dismissTooltips():159 Tooltip with id spell_check_add_to_dictionary not found in tooltipManager.
04-08 01:08:00.068  1391  1438 D EGL_emulation: app_time_stats: avg=295.01ms min=4.17ms max=2842.03ms count=10
04-08 01:08:00.153  1046  1046 V InlineSuggestionRenderService: handleDestroySuggestionViews called for 0:984044032
04-08 01:08:00.166  1267  2992 I IPCThreadState: oneway function results for code 1 on binder at 0x7ebcd3834660 will be dropped but finished with status UNKNOWN_TRANSACTION and reply parcel size 80
04-08 01:08:00.219  1573  1573 W AndroidSpellCheckerService: AndroidSpellCheckerService.initialize():82 initialize...
04-08 01:08:00.219  1573  1573 I ShortcutsDataManager: ShortcutsDataManager.onContentChanged():70 onContentChanged()
04-08 01:08:00.219  1573  1573 I ContactsDataManager: ContactsDataManager.onContentChanged():156 onContentChanged()
04-08 01:08:00.220  1573  1573 W AndroidSpellCheckerService: AndroidSpellCheckerService.initialize():94 initialize...done
04-08 01:08:00.326  7237  7237 I ImeTracker: com.example.qr_dasher:34ec154: onShown
04-08 01:08:00.421  1573  2001 I native  : I0000 00:00:1712560080.509200    2001 input-context-store.cc:255] Ignoring stale client request for FetchSuggestions
04-08 01:08:00.440  1573  1573 W InputContextProxyV4: InputContextProxyV4.applyClientDiffInternal():897 Ignore [FetchSuggestions] diff due to stale request: 5423<5429, inputStateId=5319, lastInputStateId=5319
04-08 01:08:00.453  1573  2001 I native  : I0000 00:00:1712560080.453922    2001 input-context-store.cc:255] Ignoring stale client request for FetchSuggestions
04-08 01:08:00.461  1573  2001 I native  : I0000 00:00:1712560080.568168    2001 input-context-store.cc:178] Ignoring stale client request for OverrideDecodedCandidates
04-08 01:08:00.465  1573  1573 W InputContextProxyV4: InputContextProxyV4.applyClientDiffInternal():897 Ignore [FetchSuggestions] diff due to stale request: 5429<5432, inputStateId=0, lastInputStateId=5320
04-08 01:08:00.512  1573  1573 I GoogleInputMethodService: GoogleInputMethodService.setKeyboardViewShown():3483 setKeyboardViewShown() : type = HEADER, shownType = SHOW_MANDATORY_WITH_ANIMATION
04-08 01:08:00.512  1573  1573 I GoogleInputMethodService: GoogleInputMethodService.setKeyboardViewShown():3530 setKeyboardViewShown() : shouldShow = true
04-08 01:08:00.523  1573  1573 I KeyboardViewController: KeyboardViewController.lambda$showSelfAndAncestors$6():609 current view doesn't has the priority com.google.android.apps.inputmethod.latin.keyboard.widget.LatinFixedCountCandidatesHolderView{25b1064 I.E...... ......ID 0,0-850,116 #7f0b141a app:id/softkey_holder_fixed_candidates} to show itself, PREEMPTIVE
04-08 01:08:00.657  1573  1573 W InputContextProxyV4: InputContextProxyV4.applyClientDiffInternal():897 Ignore [FetchSuggestions] diff due to stale request: 5434<5438, inputStateId=5324, lastInputStateId=5327
04-08 01:08:00.659  1573  2001 I native  : I0000 00:00:1712560080.848637    2001 input-context-store.cc:255] Ignoring stale client request for FetchSuggestions
04-08 01:08:00.661  1573  1573 W InputContextProxyV4: InputContextProxyV4.applyClientDiffInternal():897 Ignore [FetchSuggestions] diff due to stale request: 5437<5438, inputStateId=5327, lastInputStateId=5327
04-08 01:08:00.665  1573  1573 I GoogleInputMethodService: GoogleInputMethodService.setKeyboardViewShown():3483 setKeyboardViewShown() : type = HEADER, shownType = SHOW_MANDATORY_WITH_ANIMATION
04-08 01:08:00.665  1573  1573 I GoogleInputMethodService: GoogleInputMethodService.setKeyboardViewShown():3530 setKeyboardViewShown() : shouldShow = true
04-08 01:08:00.668  1573  1573 I KeyboardViewController: KeyboardViewController.lambda$showSelfAndAncestors$6():609 current view doesn't has the priority com.google.android.apps.inputmethod.latin.keyboard.widget.LatinFixedCountCandidatesHolderView{25b1064 I.E...... ......ID 0,0-850,116 #7f0b141a app:id/softkey_holder_fixed_candidates} to show itself, PREEMPTIVE
04-08 01:08:00.722  7237  7237 I ViewInteraction: Performing 'close keyboard' action on view view.getId() is <2131231109/com.example.qr_dasher:id/name_edit>
04-08 01:08:00.724  7237  7237 D IdlingRegistry: Registering idling resources: [androidx.test.espresso.action.CloseKeyboardAction$CloseKeyboardIdlingResult@9b28db2]
04-08 01:08:00.726  7237  7237 I ImeTracker: com.example.qr_dasher:ad371b34: onRequestHide at ORIGIN_CLIENT_HIDE_SOFT_INPUT reason HIDE_SOFT_INPUT
04-08 01:08:00.737  1573  1573 I GoogleInputMethodService: GoogleInputMethodService.onFinishInputView():2241
04-08 01:08:00.744  1573  1573 W TooltipLifecycleManager: TooltipLifecycleManager.dismissTooltips():159 Tooltip with id spell_check_add_to_dictionary not found in tooltipManager.
04-08 01:08:00.752  1573  1573 I InputBundle: InputBundle.consumeEvent():923 Skip consuming an event as keyboard status is 0
04-08 01:08:00.757  1573  2001 I native  : I0000 00:00:1712560080.756950    2001 input-context-store.cc:255] Ignoring stale client request for FetchSuggestions
04-08 01:08:00.759  1573  2001 I native  : I0000 00:00:1712560080.759898    2001 input-context-store.cc:178] Ignoring stale client request for OverrideDecodedCandidates
04-08 01:08:00.760  1573  1573 I KeyboardWrapper: KeyboardWrapper.consumeEvent():275 Skip consuming an event as current keyboard is deactivated (state=0, keyboard existence=true)
04-08 01:08:00.761  1573  1573 I VoiceInputManagerWrapper: VoiceInputManagerWrapper.shutdown():77 shutdown()
04-08 01:08:00.763  1573  1573 I AndroidIME: AbstractIme.onDeactivate():207 LatinIme.onDeactivate()
04-08 01:08:00.783  1573  2548 E native  : E0000 00:00:1712560080.782950    2548 keyboard.cc:27] Cannot create a keyboard with 0 valid keys
04-08 01:08:00.785  1573  1573 W InputContextProxyV4: InputContextProxyV4.applyClientDiffInternal():897 Ignore [FetchSuggestions] diff due to stale request: 5441<5442, inputStateId=0, lastInputStateId=5330
04-08 01:08:00.786  7237  7237 W WindowOnBackDispatcher: sendCancelIfRunning: isInProgress=falsecallback=ImeCallback=ImeOnBackInvokedCallback@77554338 Callback=android.window.IOnBackInvokedCallback$Stub$Proxy@db7d2fe
04-08 01:08:00.874  1391  1391 D StatusBarIconController: ignoring old pipeline callbacks, because the new mobile icons are enabled
04-08 01:08:00.958  7237  7237 I ImeTracker: com.example.qr_dasher:84aec1bb: onRequestHide at ORIGIN_CLIENT_HIDE_SOFT_INPUT reason HIDE_SOFT_INPUT_BY_INSETS_API
04-08 01:08:00.959   571  1382 I ImeTracker: com.example.qr_dasher:84aec1bb: onCancelled at PHASE_SERVER_SHOULD_HIDE
04-08 01:08:00.960  7237  7237 I ImeTracker: com.example.qr_dasher:ad371b34: onHidden
04-08 01:08:01.097  7237  7237 D IdlingRegistry: Unregistering idling resources: [androidx.test.espresso.action.CloseKeyboardAction$CloseKeyboardIdlingResult@9b28db2]
04-08 01:08:01.108  7237  7237 I ViewInteraction: Performing 'type text(johndoe@example.com)' action on view view.getId() is <2131230947/com.example.qr_dasher:id/email_edit>
04-08 01:08:01.146  7237  7286 D EGL_emulation: app_time_stats: avg=74.51ms min=12.76ms max=338.88ms count=15
04-08 01:08:01.169  1573  1573 I GoogleInputMethodService: GoogleInputMethodService.onFinishInput():3227
04-08 01:08:01.170  7237  7237 I ImeTracker: com.example.qr_dasher:2ca71ecb: onRequestShow at ORIGIN_CLIENT_SHOW_SOFT_INPUT reason SHOW_SOFT_INPUT
04-08 01:08:01.171  7237  7237 D InputMethodManager: showSoftInput() view=androidx.appcompat.widget.AppCompatEditText{a73558f VFED..CL. .F.P..ID 289,0-674,118 #7f0800e3 app:id/email_edit aid=1073741825} flags=0 reason=SHOW_SOFT_INPUT
04-08 01:08:01.172  1573  1573 I GoogleInputMethodService: GoogleInputMethodService.updateDeviceLockedStatus():2087 repeatCheckTimes = 0, unlocked = true
04-08 01:08:01.172  1573  1573 I GoogleInputMethodService: GoogleInputMethodService.onStartInput():1877 onStartInput(EditorInfo{inputType=0x20001(Normal) imeOptions=0x4c000005 privateImeOptions=null actionName=NEXT actionLabel=null actionId=0 initialSelStart=0 initialSelEnd=0 initialCapsMode=0x0 hintText=null label=null packageName=com.example.qr_dasher fieldId=2131230947 fieldName=null extras=Bundle[mParcelledData.dataSize=240]}, false)
04-08 01:08:01.172  1573  1573 I GoogleInputMethodService: GoogleInputMethodService.shouldHideHeaderOnInitialState():4008 ShouldHideHeaderOnInitialState = false
