04-08 01:08:08.068  1573  1573 I AndroidIME: AbstractIme.onActivate():86 LatinIme.onActivate() : EditorInfo = inputType=0x20001(Normal) imeOptions=0x4c000005 privateImeOptions=null actionName=NEXT actionLabel=null actionId=0 initialSelStart=0 initialSelEnd=0 initialCapsMode=0x0 hintText=non-empty label=null packageName=com.example.qr_dasher fieldId=2131230917 fieldName=null extras=Bundle[{android.support.text.emoji.emojiCompat_metadataVersion=9, android.support.text.emoji.emojiCompat_replaceAll=false}], IncognitoMode = false, DeviceLocked = false
04-08 01:08:08.069  1573  1573 I Delight5Facilitator: Delight5Facilitator.initializeForIme():777 initializeForIme() : Locale = [en_US], layout = qwerty
04-08 01:08:08.070  1573  1573 I VoiceInputManagerWrapper: VoiceInputManagerWrapper.cancelShutdown():55 cancelShutdown()
04-08 01:08:08.070  1573  1573 I VoiceInputManagerWrapper: VoiceInputManagerWrapper.syncLanguagePacks():67 syncLanguagePacks()
04-08 01:08:08.070  1573  1573 I LatinIme: LatinIme.updateEnableInlineSuggestionsOnDecoderSideFlags():1003 inline flag updated to:false
04-08 01:08:08.072  1573  1660 I DeviceModeUtil: DeviceModeUtil.getDeviceMode():122 Get device mode phone by ui mode:1 and smallestScreenWidthDp:411
04-08 01:08:08.074  1573  3450 I SpeechFactory: SpeechRecognitionFactory.maybeScheduleAutoPackDownloadForFallback():205 maybeScheduleAutoPackDownloadForFallback()
04-08 01:08:08.075  1573  3450 I FallbackOnDeviceRecognitionProvider: FallbackOnDeviceRecognitionProvider.maybeScheduleAutoPackDownload():195 maybeScheduleAutoPackDownload() for language tag en-US
04-08 01:08:08.076  1573  1573 I KeyboardWrapper: KeyboardWrapper.consumeEvent():275 Skip consuming an event as current keyboard is deactivated (state=0, keyboard existence=true)
04-08 01:08:08.078  1573  1872 I ShortcutsDataManager: AbstractContentDataManager.importRecords():338 importRecords() : Success : Count = 0
04-08 01:08:08.081  1573  1872 I ShortcutsDataManager: AbstractContentDataManager.importContentData():288 importContentData() : Ending import process
04-08 01:08:08.081  1573  1573 I KeyboardViewUtil: KeyboardViewUtil.calculateMaxKeyboardBodyHeight():40 leave 354 height for app when screen height:2274, header height:116 and isFullscreenMode:false, so the max keyboard body height is:1804
04-08 01:08:08.082  1573  2001 I Delight5Decoder: Delight5DecoderWrapper.unloadLanguageModel():857 unloadLanguageModel() : 4, version [n/a]
04-08 01:08:08.082  1573  1573 I DeviceModeUtil: DeviceModeUtil.getDeviceMode():122 Get device mode phone by ui mode:1 and smallestScreenWidthDp:411
04-08 01:08:08.082  1573  1573 I GoogleInputMethodService: GoogleInputMethodService.setKeyboardViewShown():3483 setKeyboardViewShown() : type = HEADER, shownType = SHOW_OPTIONAL
04-08 01:08:08.082  1573  1573 I GoogleInputMethodService: GoogleInputMethodService.setKeyboardViewShown():3530 setKeyboardViewShown() : shouldShow = true
04-08 01:08:08.083  1573  1573 I GoogleInputMethodService: GoogleInputMethodService.setKeyboardViewShown():3483 setKeyboardViewShown() : type = BODY, shownType = SHOW_MANDATORY
04-08 01:08:08.083  1573  1573 I GoogleInputMethodService: GoogleInputMethodService.setKeyboardViewShown():3530 setKeyboardViewShown() : shouldShow = true
04-08 01:08:08.083  1573  1573 I GoogleInputMethodService: GoogleInputMethodService.setKeyboardViewShown():3483 setKeyboardViewShown() : type = FLOATING_CANDIDATES, shownType = HIDE
04-08 01:08:08.083  1573  1573 I GoogleInputMethodService: GoogleInputMethodService.setKeyboardViewShown():3530 setKeyboardViewShown() : shouldShow = false
04-08 01:08:08.084  1573  1573 I KeyboardViewUtil: KeyboardViewUtil.calculateMaxKeyboardBodyHeight():40 leave 354 height for app when screen height:2274, header height:116 and isFullscreenMode:false, so the max keyboard body height is:1804
04-08 01:08:08.085  1573  1573 I DeviceModeUtil: DeviceModeUtil.getDeviceMode():122 Get device mode phone by ui mode:1 and smallestScreenWidthDp:411
04-08 01:08:08.085  1573  1573 I DeviceModeUtil: DeviceModeUtil.getDeviceMode():122 Get device mode phone by ui mode:1 and smallestScreenWidthDp:411
04-08 01:08:08.085  1573  1573 I DeviceModeUtil: DeviceModeUtil.getDeviceMode():122 Get device mode phone by ui mode:1 and smallestScreenWidthDp:411
04-08 01:08:08.086  1573  1573 I KeyboardModeManager: KeyboardModeManager.setInputView():364 setInputView() : supportsOneHandedMode=true
04-08 01:08:08.086  1573  1573 I NormalModeController: NormalModeController.getKeyboardBodyViewHolderPaddingBottom():116 currentPrimeKeyboardType:SOFT systemPaddingBottom:-1
04-08 01:08:08.086  1573  1573 I AndroidIME: KeyboardViewManager.updateKeyboardBodyViewHolderPaddingBottom():604 Set finalPaddingBottom = 0 while keyboardBottomGapFromScreen = 0; navigationHeight = 126
04-08 01:08:08.086  1573  1573 I NormalModeController: NormalModeController.getKeyboardBodyViewHolderPaddingBottom():116 currentPrimeKeyboardType:SOFT systemPaddingBottom:-1
04-08 01:08:08.087  1573  1573 I AndroidIME: KeyboardViewManager.updateKeyboardBodyViewHolderPaddingBottom():604 Set finalPaddingBottom = 0 while keyboardBottomGapFromScreen = 0; navigationHeight = 126
04-08 01:08:08.087  1573  1573 I KeyboardModeManager: KeyboardModeManager.setInputView():356 setInputView() : entry=hwn{languageTag=en-US, variant=qwerty, hasLocalizedResources=true, conditionCacheKey=_device=phone_device_size=default_enable_adaptive_text_editing=true_enable_inline_suggestions_on_client_side=false_enable_large_tablet_batch_1=false_enable_large_tablet_batch_2=false_enable_more_candidates_view_for_multilingual=false_enable_nav_redesign=false_enable_number_row=false_enable_preemptive_decode=true_enable_secondary_symbols=false_expressions=normal_four_or_more_letter_rows=false_keyboard_mode=normal_language=en-US_orientation=portrait_physical_keyboard=qwerty_show_secondary_digits=true_show_suggestions=true_split_with_duplicate_keys=true_variant=qwerty, imeDef.stringId=ime_english_united_states, imeDef.className=com.google.android.apps.inputmethod.libs.latin5.LatinIme, imeDef.languageTag=en-US}
04-08 01:08:08.096  1573  1573 I ProactiveSuggestionsHolderManager: ProactiveSuggestionsHolderManager$3.display():216 Requesting to show proactive suggestions: CLIPBOARD PREEMPTIVE_WITH_SUPPRESSION
04-08 01:08:08.097  7237  7286 D EGL_emulation: app_time_stats: avg=50.49ms min=27.19ms max=311.65ms count=20
04-08 01:08:08.100  1573  1573 I VoiceImeExtension: VoiceImeExtension.shouldStartVoiceInputAutomatically():383 No private IME option set to start voice input.
04-08 01:08:08.116  1573  1872 I PersonalLanguageModelUpdater: PersonalLanguageModelUpdater$UpdateOperation.performInternal():162 run() : Added 0 words and 0 shortcuts
04-08 01:08:08.116  1573  1872 I DynamicLanguageModelOperation: DynamicLanguageModelOperation.perform():41 perform() : 4 : cje : Completed
04-08 01:08:08.116  1573  2001 I Delight5Decoder: Delight5DecoderWrapper.loadLanguageModel():649 loadLanguageModel() : 4, version [n/a]
04-08 01:08:08.118  1573  2001 I Delight5Decoder: Delight5DecoderWrapper.loadLanguageModel():690 Loaded dynamic LM 4.en
04-08 01:08:08.144  1573  1699 E OpenGLRenderer: Unable to match the desired swap behavior.
04-08 01:08:08.165  7237  7237 D InsetsController: show(ime(), fromIme=true)
04-08 01:08:08.165  1573  1573 I DeviceModeUtil: DeviceModeUtil.getDeviceMode():122 Get device mode phone by ui mode:1 and smallestScreenWidthDp:411
04-08 01:08:08.165  1573  1573 I DeviceModeUtil: DeviceModeUtil.getDeviceMode():122 Get device mode phone by ui mode:1 and smallestScreenWidthDp:411
04-08 01:08:08.167  1573  1573 I NormalModeController: NormalModeController.getKeyboardBodyViewHolderPaddingBottom():116 currentPrimeKeyboardType:SOFT systemPaddingBottom:-1
04-08 01:08:08.168  1573  2001 I Delight5Decoder: Delight5DecoderWrapper.setKeyboardLayout():457 setKeyboardLayout()
04-08 01:08:08.170  1573  1573 I ShortcutsDataManager: AbstractContentDataManager$ImportContentTask.onPostExecute():259 onPostExecute() : Result = [2,0]
04-08 01:08:08.170  1573  1573 I ShortcutsDataManager: ShortcutsDataManager.onImportFinished():80 onImportFinished() : Result = 2 : Count = 0
04-08 01:08:08.269 27225 27225 D BoundBrokerSvc: onUnbind: Intent { act=com.google.android.gms.feedback.internal.IFeedbackService dat=chimera-action:/... cmp=com.google.android.gms/.chimera.GmsBoundBrokerService }
04-08 01:08:08.279  1573  1573 W TooltipLifecycleManager: TooltipLifecycleManager.dismissTooltips():159 Tooltip with id spell_check_add_to_dictionary not found in tooltipManager.
04-08 01:08:08.313  7237  7237 D UiControllerImpl: Injecting string: "Test Event Details"
04-08 01:08:08.395  7237  7237 I ImeTracker: com.example.qr_dasher:d58d0321: onShown
04-08 01:08:08.414  1573  1573 I GoogleInputMethodService: GoogleInputMethodService.setKeyboardViewShown():3483 setKeyboardViewShown() : type = HEADER, shownType = SHOW_MANDATORY_WITH_ANIMATION
04-08 01:08:08.414  1573  1573 I GoogleInputMethodService: GoogleInputMethodService.setKeyboardViewShown():3530 setKeyboardViewShown() : shouldShow = true
04-08 01:08:08.415  1573  1573 I KeyboardViewController: KeyboardViewController.lambda$showSelfAndAncestors$6():609 current view doesn't has the priority com.google.android.apps.inputmethod.latin.keyboard.widget.LatinFixedCountCandidatesHolderView{25b1064 I.E...... ......ID 0,0-850,116 #7f0b141a app:id/softkey_holder_fixed_candidates} to show itself, PREEMPTIVE
04-08 01:08:08.428  1391  1438 D EGL_emulation: app_time_stats: avg=97.83ms min=2.75ms max=1897.50ms count=21
04-08 01:08:08.472  1573  1573 I GoogleInputMethodService: GoogleInputMethodService.setKeyboardViewShown():3483 setKeyboardViewShown() : type = HEADER, shownType = SHOW_MANDATORY_WITH_ANIMATION
04-08 01:08:08.472  1573  1573 I GoogleInputMethodService: GoogleInputMethodService.setKeyboardViewShown():3530 setKeyboardViewShown() : shouldShow = true
04-08 01:08:08.473  1573  1573 I KeyboardViewController: KeyboardViewController.lambda$showSelfAndAncestors$6():609 current view doesn't has the priority com.google.android.apps.inputmethod.latin.keyboard.widget.LatinFixedCountCandidatesHolderView{25b1064 I.E...... ......ID 0,0-850,116 #7f0b141a app:id/softkey_holder_fixed_candidates} to show itself, PREEMPTIVE
04-08 01:08:08.520  1573  1573 I GoogleInputMethodService: GoogleInputMethodService.setKeyboardViewShown():3483 setKeyboardViewShown() : type = HEADER, shownType = SHOW_MANDATORY_WITH_ANIMATION
04-08 01:08:08.520  1573  1573 I GoogleInputMethodService: GoogleInputMethodService.setKeyboardViewShown():3530 setKeyboardViewShown() : shouldShow = true
04-08 01:08:08.521  1573  1573 I KeyboardViewController: KeyboardViewController.lambda$showSelfAndAncestors$6():609 current view doesn't has the priority com.google.android.apps.inputmethod.latin.keyboard.widget.LatinFixedCountCandidatesHolderView{25b1064 I.E...... ......ID 0,0-850,116 #7f0b141a app:id/softkey_holder_fixed_candidates} to show itself, PREEMPTIVE
04-08 01:08:08.568  1573  1573 I GoogleInputMethodService: GoogleInputMethodService.setKeyboardViewShown():3483 setKeyboardViewShown() : type = HEADER, shownType = SHOW_MANDATORY_WITH_ANIMATION
04-08 01:08:08.568  1573  1573 I GoogleInputMethodService: GoogleInputMethodService.setKeyboardViewShown():3530 setKeyboardViewShown() : shouldShow = true
04-08 01:08:08.568  1573  1573 I KeyboardViewController: KeyboardViewController.lambda$showSelfAndAncestors$6():609 current view doesn't has the priority com.google.android.apps.inputmethod.latin.keyboard.widget.LatinFixedCountCandidatesHolderView{25b1064 I.E...... ......ID 0,0-850,116 #7f0b141a app:id/softkey_holder_fixed_candidates} to show itself, PREEMPTIVE
04-08 01:08:08.596  1573  1573 I GoogleInputMethodService: GoogleInputMethodService.setKeyboardViewShown():3483 setKeyboardViewShown() : type = HEADER, shownType = SHOW_MANDATORY_WITH_ANIMATION
04-08 01:08:08.596  1573  1573 I GoogleInputMethodService: GoogleInputMethodService.setKeyboardViewShown():3530 setKeyboardViewShown() : shouldShow = true
04-08 01:08:08.598  1573  1573 I KeyboardViewController: KeyboardViewController.lambda$showSelfAndAncestors$6():609 current view doesn't has the priority com.google.android.apps.inputmethod.latin.keyboard.widget.LatinFixedCountCandidatesHolderView{25b1064 I.E...... ......ID 0,0-850,116 #7f0b141a app:id/softkey_holder_fixed_candidates} to show itself, PREEMPTIVE
04-08 01:08:08.706  1573  1573 I GoogleInputMethodService: GoogleInputMethodService.setKeyboardViewShown():3483 setKeyboardViewShown() : type = HEADER, shownType = SHOW_MANDATORY_WITH_ANIMATION
04-08 01:08:08.706  1573  1573 I GoogleInputMethodService: GoogleInputMethodService.setKeyboardViewShown():3530 setKeyboardViewShown() : shouldShow = true
04-08 01:08:08.706  1573  1573 I KeyboardViewController: KeyboardViewController.lambda$showSelfAndAncestors$6():609 current view doesn't has the priority com.google.android.apps.inputmethod.latin.keyboard.widget.LatinFixedCountCandidatesHolderView{25b1064 I.E...... ......ID 0,0-850,116 #7f0b141a app:id/softkey_holder_fixed_candidates} to show itself, PREEMPTIVE
04-08 01:08:08.724   359  3337 D android.hardware.audio@7.1-impl.ranchu: threadLoop: entering standby, frames: 88736192
04-08 01:08:08.745  1573  1573 I GoogleInputMethodService: GoogleInputMethodService.setKeyboardViewShown():3483 setKeyboardViewShown() : type = HEADER, shownType = SHOW_MANDATORY_WITH_ANIMATION
04-08 01:08:08.745  1573  1573 I GoogleInputMethodService: GoogleInputMethodService.setKeyboardViewShown():3530 setKeyboardViewShown() : shouldShow = true
04-08 01:08:08.745  1573  1573 I KeyboardViewController: KeyboardViewController.lambda$showSelfAndAncestors$6():609 current view doesn't has the priority com.google.android.apps.inputmethod.latin.keyboard.widget.LatinFixedCountCandidatesHolderView{25b1064 I.E...... ......ID 0,0-850,116 #7f0b141a app:id/softkey_holder_fixed_candidates} to show itself, PREEMPTIVE
04-08 01:08:08.782  1573  1573 I GoogleInputMethodService: GoogleInputMethodService.setKeyboardViewShown():3483 setKeyboardViewShown() : type = HEADER, shownType = SHOW_MANDATORY_WITH_ANIMATION
04-08 01:08:08.782  1573  1573 I GoogleInputMethodService: GoogleInputMethodService.setKeyboardViewShown():3530 setKeyboardViewShown() : shouldShow = true
04-08 01:08:08.783  1573  1573 I KeyboardViewController: KeyboardViewController.lambda$showSelfAndAncestors$6():609 current view doesn't has the priority com.google.android.apps.inputmethod.latin.keyboard.widget.LatinFixedCountCandidatesHolderView{25b1064 I.E...... ......ID 0,0-850,116 #7f0b141a app:id/softkey_holder_fixed_candidates} to show itself, PREEMPTIVE
04-08 01:08:08.797  1573  1573 I GoogleInputMethodService: GoogleInputMethodService.setKeyboardViewShown():3483 setKeyboardViewShown() : type = HEADER, shownType = SHOW_MANDATORY_WITH_ANIMATION
04-08 01:08:08.797  1573  1573 I GoogleInputMethodService: GoogleInputMethodService.setKeyboardViewShown():3530 setKeyboardViewShown() : shouldShow = true
04-08 01:08:08.798  1573  1573 I KeyboardViewController: KeyboardViewController.lambda$showSelfAndAncestors$6():609 current view doesn't has the priority com.google.android.apps.inputmethod.latin.keyboard.widget.LatinFixedCountCandidatesHolderView{25b1064 I.E...... ......ID 0,0-850,116 #7f0b141a app:id/softkey_holder_fixed_candidates} to show itself, PREEMPTIVE
04-08 01:08:08.824  1573  1573 I GoogleInputMethodService: GoogleInputMethodService.setKeyboardViewShown():3483 setKeyboardViewShown() : type = HEADER, shownType = SHOW_MANDATORY_WITH_ANIMATION
04-08 01:08:08.824  1573  1573 I GoogleInputMethodService: GoogleInputMethodService.setKeyboardViewShown():3530 setKeyboardViewShown() : shouldShow = true
04-08 01:08:08.825  1573  1573 I KeyboardViewController: KeyboardViewController.lambda$showSelfAndAncestors$6():609 current view doesn't has the priority com.google.android.apps.inputmethod.latin.keyboard.widget.LatinFixedCountCandidatesHolderView{25b1064 I.E...... ......ID 0,0-850,116 #7f0b141a app:id/softkey_holder_fixed_candidates} to show itself, PREEMPTIVE
04-08 01:08:08.860  1573  2001 I native  : I0000 00:00:1712560088.803555    2001 input-context-store.cc:195] Using roll back input context for operation: [FetchSuggestions] rolled back operation: [OverrideDecodedCandidates] reason: client [5465] vs decoder [5467]
04-08 01:08:08.866  1573  1573 W InputContextProxyV4: InputContextProxyV4.applyClientDiffInternal():897 Ignore [FetchSuggestions] diff due to stale request: 5575<5576, inputStateId=5467, lastInputStateId=5465
04-08 01:08:08.866  1573  1573 I GoogleInputMethodService: GoogleInputMethodService.setKeyboardViewShown():3483 setKeyboardViewShown() : type = HEADER, shownType = SHOW_MANDATORY_WITH_ANIMATION
04-08 01:08:08.866  1573  1573 I GoogleInputMethodService: GoogleInputMethodService.setKeyboardViewShown():3530 setKeyboardViewShown() : shouldShow = true
04-08 01:08:08.867  1573  1573 I KeyboardViewController: KeyboardViewController.lambda$showSelfAndAncestors$6():609 current view doesn't has the priority com.google.android.apps.inputmethod.latin.keyboard.widget.LatinFixedCountCandidatesHolderView{25b1064 I.E...... ......ID 0,0-850,116 #7f0b141a app:id/softkey_holder_fixed_candidates} to show itself, PREEMPTIVE
04-08 01:08:08.910  1391  1391 D StatusBarIconController: ignoring old pipeline callbacks, because the new mobile icons are enabled
04-08 01:08:08.929  1573  1573 I GoogleInputMethodService: GoogleInputMethodService.setKeyboardViewShown():3483 setKeyboardViewShown() : type = HEADER, shownType = SHOW_MANDATORY_WITH_ANIMATION
04-08 01:08:08.929  1573  1573 I GoogleInputMethodService: GoogleInputMethodService.setKeyboardViewShown():3530 setKeyboardViewShown() : shouldShow = true
04-08 01:08:08.929  1573  1573 I KeyboardViewController: KeyboardViewController.lambda$showSelfAndAncestors$6():609 current view doesn't has the priority com.google.android.apps.inputmethod.latin.keyboard.widget.LatinFixedCountCandidatesHolderView{25b1064 I.E...... ......ID 0,0-850,116 #7f0b141a app:id/softkey_holder_fixed_candidates} to show itself, PREEMPTIVE
04-08 01:08:08.966  1573  1573 I GoogleInputMethodService: GoogleInputMethodService.setKeyboardViewShown():3483 setKeyboardViewShown() : type = HEADER, shownType = SHOW_MANDATORY_WITH_ANIMATION
04-08 01:08:08.966  1573  1573 I GoogleInputMethodService: GoogleInputMethodService.setKeyboardViewShown():3530 setKeyboardViewShown() : shouldShow = true
04-08 01:08:08.968  1573  1573 I KeyboardViewController: KeyboardViewController.lambda$showSelfAndAncestors$6():609 current view doesn't has the priority com.google.android.apps.inputmethod.latin.keyboard.widget.LatinFixedCountCandidatesHolderView{25b1064 I.E...... ......ID 0,0-850,116 #7f0b141a app:id/softkey_holder_fixed_candidates} to show itself, PREEMPTIVE
04-08 01:08:09.001  1573  1573 I GoogleInputMethodService: GoogleInputMethodService.setKeyboardViewShown():3483 setKeyboardViewShown() : type = HEADER, shownType = SHOW_MANDATORY_WITH_ANIMATION
04-08 01:08:09.001  1573  1573 I GoogleInputMethodService: GoogleInputMethodService.setKeyboardViewShown():3530 setKeyboardViewShown() : shouldShow = true
04-08 01:08:09.001  1573  1573 I KeyboardViewController: KeyboardViewController.lambda$showSelfAndAncestors$6():609 current view doesn't has the priority com.google.android.apps.inputmethod.latin.keyboard.widget.LatinFixedCountCandidatesHolderView{25b1064 I.E...... ......ID 0,0-850,116 #7f0b141a app:id/softkey_holder_fixed_candidates} to show itself, PREEMPTIVE
04-08 01:08:09.027  1573  1573 I GoogleInputMethodService: GoogleInputMethodService.setKeyboardViewShown():3483 setKeyboardViewShown() : type = HEADER, shownType = SHOW_MANDATORY_WITH_ANIMATION
04-08 01:08:09.027  1573  1573 I GoogleInputMethodService: GoogleInputMethodService.setKeyboardViewShown():3530 setKeyboardViewShown() : shouldShow = true
04-08 01:08:09.029  1573  1573 I KeyboardViewController: KeyboardViewController.lambda$showSelfAndAncestors$6():609 current view doesn't has the priority com.google.android.apps.inputmethod.latin.keyboard.widget.LatinFixedCountCandidatesHolderView{25b1064 I.E...... ......ID 0,0-850,116 #7f0b141a app:id/softkey_holder_fixed_candidates} to show itself, PREEMPTIVE
04-08 01:08:09.083  1573  1573 I GoogleInputMethodService: GoogleInputMethodService.setKeyboardViewShown():3483 setKeyboardViewShown() : type = HEADER, shownType = SHOW_MANDATORY_WITH_ANIMATION
04-08 01:08:09.083  1573  1573 I GoogleInputMethodService: GoogleInputMethodService.setKeyboardViewShown():3530 setKeyboardViewShown() : shouldShow = true
04-08 01:08:09.083  1573  1573 I KeyboardViewController: KeyboardViewController.lambda$showSelfAndAncestors$6():609 current view doesn't has the priority com.google.android.apps.inputmethod.latin.keyboard.widget.LatinFixedCountCandidatesHolderView{25b1064 I.E...... ......ID 0,0-850,116 #7f0b141a app:id/softkey_holder_fixed_candidates} to show itself, PREEMPTIVE
04-08 01:08:09.105  1573  1573 I GoogleInputMethodService: GoogleInputMethodService.setKeyboardViewShown():3483 setKeyboardViewShown() : type = HEADER, shownType = SHOW_MANDATORY_WITH_ANIMATION
04-08 01:08:09.105  1573  1573 I GoogleInputMethodService: GoogleInputMethodService.setKeyboardViewShown():3530 setKeyboardViewShown() : shouldShow = true
04-08 01:08:09.105  1573  1573 I KeyboardViewController: KeyboardViewController.lambda$showSelfAndAncestors$6():609 current view doesn't has the priority com.google.android.apps.inputmethod.latin.keyboard.widget.LatinFixedCountCandidatesHolderView{25b1064 I.E...... ......ID 0,0-850,116 #7f0b141a app:id/softkey_holder_fixed_candidates} to show itself, PREEMPTIVE
04-08 01:08:09.114  7237  7286 D EGL_emulation: app_time_stats: avg=40.43ms min=11.61ms max=248.94ms count=25
04-08 01:08:09.126  7237  7237 I ViewInteraction: Performing 'close keyboard' action on view view.getId() is <2131230917/com.example.qr_dasher:id/details>
04-08 01:08:09.127  7237  7237 D IdlingRegistry: Registering idling resources: [androidx.test.espresso.action.CloseKeyboardAction$CloseKeyboardIdlingResult@4c9cdf6]
04-08 01:08:09.129  7237  7237 I ImeTracker: com.example.qr_dasher:37077ea3: onRequestHide at ORIGIN_CLIENT_HIDE_SOFT_INPUT reason HIDE_SOFT_INPUT
04-08 01:08:09.131  1573  1573 I GoogleInputMethodService: GoogleInputMethodService.onFinishInputView():2241
04-08 01:08:09.131  1573  1573 W TooltipLifecycleManager: TooltipLifecycleManager.dismissTooltips():159 Tooltip with id spell_check_add_to_dictionary not found in tooltipManager.
04-08 01:08:09.137  1573  1573 I InputBundle: InputBundle.consumeEvent():923 Skip consuming an event as keyboard status is 0
04-08 01:08:09.138  1573  1573 I KeyboardWrapper: KeyboardWrapper.consumeEvent():275 Skip consuming an event as current keyboard is deactivated (state=0, keyboard existence=true)
04-08 01:08:09.138  1573  1573 I VoiceInputManagerWrapper: VoiceInputManagerWrapper.shutdown():77 shutdown()
04-08 01:08:09.140  1573  1573 I AndroidIME: AbstractIme.onDeactivate():207 LatinIme.onDeactivate()
04-08 01:08:09.148  1573  2001 I native  : I0000 00:00:1712560089.148224    2001 input-context-store.cc:255] Ignoring stale client request for FetchSuggestions
04-08 01:08:09.156  7237  7237 W WindowOnBackDispatcher: sendCancelIfRunning: isInProgress=falsecallback=ImeCallback=ImeOnBackInvokedCallback@77554338 Callback=android.window.IOnBackInvokedCallback$Stub$Proxy@e116ecd
04-08 01:08:09.162  1573  2001 I native  : I0000 00:00:1712560089.162649    2001 input-context-store.cc:178] Ignoring stale client request for OverrideDecodedCandidates
04-08 01:08:09.167  1573  2548 E native  : E0000 00:00:1712560089.167560    2548 keyboard.cc:27] Cannot create a keyboard with 0 valid keys
04-08 01:08:09.172  1573  1573 W InputContextProxyV4: InputContextProxyV4.applyClientDiffInternal():897 Ignore [FetchSuggestions] diff due to stale request: 5590<5591, inputStateId=0, lastInputStateId=5483
04-08 01:08:09.319 27225  7353 D TrafficStats: tagSocket(121) with statsTag=0x20003300, statsUid=10230
04-08 01:08:09.362  7237  7237 I ImeTracker: com.example.qr_dasher:d785dcb6: onRequestHide at ORIGIN_CLIENT_HIDE_SOFT_INPUT reason HIDE_SOFT_INPUT_BY_INSETS_API
04-08 01:08:09.366   571  1382 I ImeTracker: com.example.qr_dasher:d785dcb6: onCancelled at PHASE_SERVER_SHOULD_HIDE
04-08 01:08:09.368  7237  7237 I ImeTracker: com.example.qr_dasher:37077ea3: onHidden
04-08 01:08:09.459  7237  7237 D IdlingRegistry: Unregistering idling resources: [androidx.test.espresso.action.CloseKeyboardAction$CloseKeyboardIdlingResult@4c9cdf6]
04-08 01:08:09.463  7237  7237 I ViewInteraction: Performing 'single click' action on view view.getId() is <2131231171/com.example.qr_dasher:id/pickTime>
04-08 01:08:09.509   408   429 D audioserver: FGS Logger Transaction failed
04-08 01:08:09.509   408   429 D audioserver: -129
04-08 01:08:09.675   408   534 D audioserver: FGS Logger Transaction failed
04-08 01:08:09.675   408   534 D audioserver: -129
04-08 01:08:09.744  7237  7237 D CompatibilityChangeReporter: Compat change id reported: 170233598; UID 10230; state: ENABLED
04-08 01:08:09.797  1267  5889 W NetworkScheduler: Error inserting flex_time=3599000 job_id=-1 period=7200000 source=16 requires_charging=0 preferred_network_type=1 target_class=com.google.android.gms.measurement.PackageMeasurementTaskService user_id=0 target_package=com.google.android.gms tag=Measurement.PackageMeasurementTaskService.UPLOAD_TASK_TAG task_type=0 required_idleness_state=0 service_kind=0 source_version=240812000 persistence_level=1 preferred_charging_state=1 required_network_type=0 runtime=1712560089796 retry_strategy={"maximum_backoff_seconds":{"3600":0},"initial_backoff_seconds":{"30":0},"retry_policy":{"0":0}} last_runtime=0 [CONTEXT service_id=218 ]
04-08 01:08:09.797  1267  5889 W NetworkScheduler: android.database.sqlite.SQLiteConstraintException: UNIQUE constraint failed: pending_ops.tag, pending_ops.target_class, pending_ops.target_package, pending_ops.user_id (code 2067 SQLITE_CONSTRAINT_UNIQUE)
04-08 01:08:09.797  1267  5889 W NetworkScheduler: 	at android.database.sqlite.SQLiteConnection.nativeExecuteForLastInsertedRowId(Native Method)
04-08 01:08:09.797  1267  5889 W NetworkScheduler: 	at android.database.sqlite.SQLiteConnection.executeForLastInsertedRowId(SQLiteConnection.java:961)
04-08 01:08:09.797  1267  5889 W NetworkScheduler: 	at android.database.sqlite.SQLiteSession.executeForLastInsertedRowId(SQLiteSession.java:790)
04-08 01:08:09.797  1267  5889 W NetworkScheduler: 	at android.database.sqlite.SQLiteStatement.executeInsert(SQLiteStatement.java:89)
04-08 01:08:09.797  1267  5889 W NetworkScheduler: 	at android.database.sqlite.SQLiteDatabase.insertWithOnConflict(SQLiteDatabase.java:1870)
04-08 01:08:09.797  1267  5889 W NetworkScheduler: 	at android.database.sqlite.SQLiteDatabase.insertOrThrow(SQLiteDatabase.java:1765)
04-08 01:08:09.797  1267  5889 W NetworkScheduler: 	at ctph.d(:com.google.android.gms@240812041@24.08.12 (190800-608507424):743)
04-08 01:08:09.797  1267  5889 W NetworkScheduler: 	at ctne.n(:com.google.android.gms@240812041@24.08.12 (190800-608507424):29)
04-08 01:08:09.797  1267  5889 W NetworkScheduler: 	at ctne.u(:com.google.android.gms@240812041@24.08.12 (190800-608507424):362)
04-08 01:08:09.797  1267  5889 W NetworkScheduler: 	at ctne.h(:com.google.android.gms@240812041@24.08.12 (190800-608507424):51)
04-08 01:08:09.797  1267  5889 W NetworkScheduler: 	at ctih.run(:com.google.android.gms@240812041@24.08.12 (190800-608507424):72)
04-08 01:08:09.797  1267  5889 W NetworkScheduler: 	at alab.c(:com.google.android.gms@240812041@24.08.12 (190800-608507424):50)
04-08 01:08:09.797  1267  5889 W NetworkScheduler: 	at alab.run(:com.google.android.gms@240812041@24.08.12 (190800-608507424):76)
04-08 01:08:09.797  1267  5889 W NetworkScheduler: 	at java.util.concurrent.ThreadPoolExecutor.runWorker(ThreadPoolExecutor.java:1145)
04-08 01:08:09.797  1267  5889 W NetworkScheduler: 	at java.util.concurrent.ThreadPoolExecutor$Worker.run(ThreadPoolExecutor.java:644)
04-08 01:08:09.797  1267  5889 W NetworkScheduler: 	at alfp.run(:com.google.android.gms@240812041@24.08.12 (190800-608507424):8)
04-08 01:08:09.797  1267  5889 W NetworkScheduler: 	at java.lang.Thread.run(Thread.java:1012)
04-08 01:08:09.821  7237  7286 E OpenGLRenderer: Unable to match the desired swap behavior.
04-08 01:08:09.910  1391  1438 D EGL_emulation: app_time_stats: avg=9842.30ms min=9842.30ms max=9842.30ms count=1
04-08 01:08:09.917  1391  1391 D StatusBarIconController: ignoring old pipeline callbacks, because the new mobile icons are enabled
04-08 01:08:10.192  1391  1438 D EGL_emulation: app_time_stats: avg=317.23ms min=2.47ms max=11415.14ms count=37
04-08 01:08:10.235  7237  7237 I ViewInteraction: Performing 'single click' action on view an instance of android.widget.TextView and view.getText() with or without transformation to match: is "OK"
04-08 01:08:10.298   408   429 D audioserver: FGS Logger Transaction failed
04-08 01:08:10.298   408   429 D audioserver: -129
04-08 01:08:10.331   408   534 D AudioFlinger: mixer(0x72cffd203930) throttle end: throttle time(36)
04-08 01:08:10.536   408   534 D audioserver: FGS Logger Transaction failed
04-08 01:08:10.536   408   534 D audioserver: -129
04-08 01:08:10.592  7237  7237 W WindowOnBackDispatcher: sendCancelIfRunning: isInProgress=falsecallback=android.view.ViewRootImpl$$ExternalSyntheticLambda17@d3e443a
04-08 01:08:10.601  7237  7286 D OpenGLRenderer: endAllActiveAnimators on 0x7ebe838219e0 (RippleDrawable) with handle 0x7ebcd380b0b0
04-08 01:08:10.602   571   766 W InputManager-JNI: Input channel object '945c059 com.example.qr_dasher/com.example.qr_dasher.CreateEventOrganizer (client)' was disposed without first being removed with the input manager!
04-08 01:08:10.666  7237  7286 E OpenGLRenderer: Unable to match the desired swap behavior.
04-08 01:08:10.860   571  2289 I ImeTracker: com.example.qr_dasher:7f8046e: onRequestHide at ORIGIN_SERVER_HIDE_INPUT reason HIDE_UNSPECIFIED_WINDOW
04-08 01:08:10.861   571  2289 I ImeTracker: com.example.qr_dasher:7f8046e: onCancelled at PHASE_SERVER_SHOULD_HIDE
04-08 01:08:10.863  1573  1573 I GoogleInputMethodService: GoogleInputMethodService.onFinishInput():3227
04-08 01:08:10.866  1573  1573 I GoogleInputMethodService: GoogleInputMethodService.updateDeviceLockedStatus():2087 repeatCheckTimes = 0, unlocked = true
04-08 01:08:10.866  1573  1573 I GoogleInputMethodService: GoogleInputMethodService.onStartInput():1877 onStartInput(EditorInfo{inputType=0x0(NULL) imeOptions=0x0 privateImeOptions=null actionName=UNSPECIFIED actionLabel=null actionId=0 initialSelStart=-1 initialSelEnd=-1 initialCapsMode=0x0 hintText=null label=null packageName=com.example.qr_dasher fieldId=0 fieldName=null extras=null}, false)
04-08 01:08:10.866  1573  1573 I GoogleInputMethodService: GoogleInputMethodService.shouldHideHeaderOnInitialState():4008 ShouldHideHeaderOnInitialState = false
04-08 01:08:10.868  1573  1573 I GoogleInputMethodService: GoogleInputMethodService.updateDeviceLockedStatus():2087 repeatCheckTimes = 2, unlocked = true
04-08 01:08:10.918  1391  1438 D EGL_emulation: app_time_stats: avg=44.99ms min=7.79ms max=586.04ms count=22
04-08 01:08:10.934  1391  1391 D StatusBarIconController: ignoring old pipeline callbacks, because the new mobile icons are enabled
04-08 01:08:11.077  7237  7237 I ViewInteraction: Performing 'single click' action on view an instance of android.widget.TextView and view.getText() with or without transformation to match: is "OK"
04-08 01:08:11.169   408   429 D audioserver: FGS Logger Transaction failed
04-08 01:08:11.170  7237  7237 W WindowOnBackDispatcher: sendCancelIfRunning: isInProgress=falsecallback=android.view.ViewRootImpl$$ExternalSyntheticLambda17@a2dbf69
04-08 01:08:11.173   408   429 D audioserver: -129
04-08 01:08:11.185  7237  7286 D OpenGLRenderer: endAllActiveAnimators on 0x7ebe8383c930 (RippleDrawable) with handle 0x7ebcd380e770
04-08 01:08:11.190   571  2289 W InputManager-JNI: Input channel object 'c89abef com.example.qr_dasher/com.example.qr_dasher.CreateEventOrganizer (client)' was disposed without first being removed with the input manager!
04-08 01:08:11.193  1391  1438 D EGL_emulation: app_time_stats: avg=17.06ms min=1.91ms max=61.38ms count=52
04-08 01:08:11.246  7237  7286 D EGL_emulation: app_time_stats: avg=532.78ms min=52.68ms max=1281.87ms count=4
04-08 01:08:11.266   571  2289 I ImeTracker: com.example.qr_dasher:f6bf6883: onRequestHide at ORIGIN_SERVER_HIDE_INPUT reason HIDE_UNSPECIFIED_WINDOW
04-08 01:08:11.267   571  2289 I ImeTracker: com.example.qr_dasher:f6bf6883: onCancelled at PHASE_SERVER_SHOULD_HIDE
04-08 01:08:11.268  1573  1573 I GoogleInputMethodService: GoogleInputMethodService.onFinishInput():3227
04-08 01:08:11.272  1573  1573 I GoogleInputMethodService: GoogleInputMethodService.updateDeviceLockedStatus():2087 repeatCheckTimes = 0, unlocked = true
04-08 01:08:11.273  1573  1573 I GoogleInputMethodService: GoogleInputMethodService.onStartInput():1877 onStartInput(EditorInfo{inputType=0x20001(Normal) imeOptions=0x4c000005 privateImeOptions=null actionName=NEXT actionLabel=null actionId=0 initialSelStart=18 initialSelEnd=18 initialCapsMode=0x0 hintText=non-empty label=null packageName=com.example.qr_dasher fieldId=2131230917 fieldName=null extras=Bundle[mParcelledData.dataSize=240]}, false)
04-08 01:08:11.273  1573  1573 I GoogleInputMethodService: GoogleInputMethodService.shouldHideHeaderOnInitialState():4008 ShouldHideHeaderOnInitialState = false
04-08 01:08:11.277  1573  1573 I GoogleInputMethodService: GoogleInputMethodService.updateDeviceLockedStatus():2087 repeatCheckTimes = 2, unlocked = true
04-08 01:08:11.400   408   534 D audioserver: FGS Logger Transaction failed
04-08 01:08:11.400   408   534 D audioserver: -129
04-08 01:08:11.481  7237  7237 I ViewInteraction: Performing 'single click' action on view view.getId() is <2131230992/com.example.qr_dasher:id/generateQRandCreateEvent>
04-08 01:08:11.539   408   429 D audioserver: FGS Logger Transaction failed
04-08 01:08:11.539   408   429 D audioserver: -129
04-08 01:08:11.761   408   534 D audioserver: FGS Logger Transaction failed
04-08 01:08:11.761   408   534 D audioserver: -129
04-08 01:08:11.893  7237  7237 I ViewInteraction: Performing 'single click' action on view view.getId() is <2131230991/com.example.qr_dasher:id/generatePromotionalQR>
04-08 01:08:11.929  1391  1391 D StatusBarIconController: ignoring old pipeline callbacks, because the new mobile icons are enabled
04-08 01:08:11.949  7237  7237 I ImeTracker: com.example.qr_dasher:ff4bdc02: onRequestHide at ORIGIN_CLIENT_HIDE_SOFT_INPUT reason HIDE_SOFT_INPUT
04-08 01:08:11.950   571  2289 I ImeTracker: com.example.qr_dasher:ff4bdc02: onCancelled at PHASE_SERVER_SHOULD_HIDE
04-08 01:08:11.977   408   429 D audioserver: FGS Logger Transaction failed
04-08 01:08:11.977   408   429 D audioserver: -129
04-08 01:08:12.100  7237  7237 D QR      : Successfully uploaded to firestore
04-08 01:08:12.177  7237  7237 D Organizer: User updated successfully
04-08 01:08:12.196  1391  1438 D EGL_emulation: app_time_stats: avg=6.33ms min=2.02ms max=34.02ms count=60
04-08 01:08:12.215   408   534 D audioserver: FGS Logger Transaction failed
04-08 01:08:12.216   408   534 D audioserver: -129
04-08 01:08:12.235  7237  7237 D Organizer: Event QR PROMOTIONAL ADDED successfully
04-08 01:08:12.263  7237  7286 D EGL_emulation: app_time_stats: avg=169.40ms min=35.84ms max=401.09ms count=6
04-08 01:08:12.289  7237  7237 I ViewInteraction: Performing 'send keyCode: 4, metaState: 0 key event' action on view view.getRootView() to equal view
04-08 01:08:12.295  1573  1573 I GoogleInputMethodService: GoogleInputMethodService.onKeyDown():2444 Received KEYCODE_BACK. isAllViewsInvisible=false
04-08 01:08:12.320  7237  7237 D LifecycleMonitor: Lifecycle status change: com.example.qr_dasher.CreateEventOrganizer@dd30418 in: PAUSED
04-08 01:08:12.321  7237  7237 V ActivityScenario: Activity lifecycle changed event received but ignored because the intent does not match. startActivityIntent=Intent { act=android.intent.action.MAIN cat=[android.intent.category.LAUNCHER] flg=0x10008000 cmp=com.example.qr_dasher/.HomePage }, activity.getIntent()=Intent { cmp=com.example.qr_dasher/.CreateEventOrganizer (has extras) }, activity=com.example.qr_dasher.CreateEventOrganizer@dd30418
04-08 01:08:12.333  7237  7237 D LifecycleMonitor: Lifecycle status change: com.example.qr_dasher.Organizer@819cff3 in: RESTARTED
04-08 01:08:12.339   412   412 I BpBinder: onLastStrongRef automatically unlinking death recipients:
04-08 01:08:12.340  7237  7237 V ActivityScenario: Activity lifecycle changed event received but ignored because the intent does not match. startActivityIntent=Intent { act=android.intent.action.MAIN cat=[android.intent.category.LAUNCHER] flg=0x10008000 cmp=com.example.qr_dasher/.HomePage }, activity.getIntent()=Intent { cmp=com.example.qr_dasher/.Organizer }, activity=com.example.qr_dasher.Organizer@819cff3
04-08 01:08:12.341  7237  7237 D LifecycleMonitor: Lifecycle status change: com.example.qr_dasher.Organizer@819cff3 in: STARTED
04-08 01:08:12.342  7237  7237 V ActivityScenario: Activity lifecycle changed event received but ignored because the intent does not match. startActivityIntent=Intent { act=android.intent.action.MAIN cat=[android.intent.category.LAUNCHER] flg=0x10008000 cmp=com.example.qr_dasher/.HomePage }, activity.getIntent()=Intent { cmp=com.example.qr_dasher/.Organizer }, activity=com.example.qr_dasher.Organizer@819cff3
04-08 01:08:12.347  7237  7237 D LifecycleMonitor: Lifecycle status change: com.example.qr_dasher.Organizer@819cff3 in: RESUMED
04-08 01:08:12.348  7237  7237 V ActivityScenario: Activity lifecycle changed event received but ignored because the intent does not match. startActivityIntent=Intent { act=android.intent.action.MAIN cat=[android.intent.category.LAUNCHER] flg=0x10008000 cmp=com.example.qr_dasher/.HomePage }, activity.getIntent()=Intent { cmp=com.example.qr_dasher/.Organizer }, activity=com.example.qr_dasher.Organizer@819cff3
04-08 01:08:12.380  7237  7237 D ListAdapter: Base64 string for position 0: null
04-08 01:08:12.391  7237  7286 E OpenGLRenderer: Unable to match the desired swap behavior.
04-08 01:08:12.581   571  1384 I ImeTracker: com.example.qr_dasher:d79a3735: onRequestHide at ORIGIN_SERVER_HIDE_INPUT reason HIDE_UNSPECIFIED_WINDOW
04-08 01:08:12.584   571  1384 I ImeTracker: com.example.qr_dasher:d79a3735: onCancelled at PHASE_SERVER_SHOULD_HIDE
04-08 01:08:12.586  1573  1573 I GoogleInputMethodService: GoogleInputMethodService.onFinishInput():3227
04-08 01:08:12.589  1573  1573 I GoogleInputMethodService: GoogleInputMethodService.updateDeviceLockedStatus():2087 repeatCheckTimes = 0, unlocked = true
04-08 01:08:12.589  1573  1573 I GoogleInputMethodService: GoogleInputMethodService.onStartInput():1877 onStartInput(EditorInfo{inputType=0x0(NULL) imeOptions=0x0 privateImeOptions=null actionName=UNSPECIFIED actionLabel=null actionId=0 initialSelStart=-1 initialSelEnd=-1 initialCapsMode=0x0 hintText=null label=null packageName=com.example.qr_dasher fieldId=0 fieldName=null extras=null}, false)
04-08 01:08:12.589  1573  1573 I GoogleInputMethodService: GoogleInputMethodService.shouldHideHeaderOnInitialState():4008 ShouldHideHeaderOnInitialState = false
04-08 01:08:12.592  1573  1573 I GoogleInputMethodService: GoogleInputMethodService.updateDeviceLockedStatus():2087 repeatCheckTimes = 2, unlocked = true
04-08 01:08:12.602  1267  6894 W NetworkScheduler: Error inserting flex_time=3597000 job_id=-1 period=7195000 source=16 requires_charging=0 preferred_network_type=1 target_class=com.google.android.gms.measurement.PackageMeasurementTaskService user_id=0 target_package=com.google.android.gms tag=Measurement.PackageMeasurementTaskService.UPLOAD_TASK_TAG task_type=0 required_idleness_state=0 service_kind=0 source_version=240812000 persistence_level=1 preferred_charging_state=1 required_network_type=0 runtime=1712560092591 retry_strategy={"maximum_backoff_seconds":{"3600":0},"initial_backoff_seconds":{"30":0},"retry_policy":{"0":0}} last_runtime=0 [CONTEXT service_id=218 ]
04-08 01:08:12.602  1267  6894 W NetworkScheduler: android.database.sqlite.SQLiteConstraintException: UNIQUE constraint failed: pending_ops.tag, pending_ops.target_class, pending_ops.target_package, pending_ops.user_id (code 2067 SQLITE_CONSTRAINT_UNIQUE)
04-08 01:08:12.602  1267  6894 W NetworkScheduler: 	at android.database.sqlite.SQLiteConnection.nativeExecuteForLastInsertedRowId(Native Method)
04-08 01:08:12.602  1267  6894 W NetworkScheduler: 	at android.database.sqlite.SQLiteConnection.executeForLastInsertedRowId(SQLiteConnection.java:961)
04-08 01:08:12.602  1267  6894 W NetworkScheduler: 	at android.database.sqlite.SQLiteSession.executeForLastInsertedRowId(SQLiteSession.java:790)
04-08 01:08:12.602  1267  6894 W NetworkScheduler: 	at android.database.sqlite.SQLiteStatement.executeInsert(SQLiteStatement.java:89)
04-08 01:08:12.602  1267  6894 W NetworkScheduler: 	at android.database.sqlite.SQLiteDatabase.insertWithOnConflict(SQLiteDatabase.java:1870)
04-08 01:08:12.602  1267  6894 W NetworkScheduler: 	at android.database.sqlite.SQLiteDatabase.insertOrThrow(SQLiteDatabase.java:1765)
04-08 01:08:12.602  1267  6894 W NetworkScheduler: 	at ctph.d(:com.google.android.gms@240812041@24.08.12 (190800-608507424):743)
04-08 01:08:12.602  1267  6894 W NetworkScheduler: 	at ctne.n(:com.google.android.gms@240812041@24.08.12 (190800-608507424):29)
04-08 01:08:12.602  1267  6894 W NetworkScheduler: 	at ctne.u(:com.google.android.gms@240812041@24.08.12 (190800-608507424):362)
04-08 01:08:12.602  1267  6894 W NetworkScheduler: 	at ctne.h(:com.google.android.gms@240812041@24.08.12 (190800-608507424):51)
04-08 01:08:12.602  1267  6894 W NetworkScheduler: 	at ctih.run(:com.google.android.gms@240812041@24.08.12 (190800-608507424):72)
04-08 01:08:12.602  1267  6894 W NetworkScheduler: 	at alab.c(:com.google.android.gms@240812041@24.08.12 (190800-608507424):50)
04-08 01:08:12.602  1267  6894 W NetworkScheduler: 	at alab.run(:com.google.android.gms@240812041@24.08.12 (190800-608507424):76)
04-08 01:08:12.602  1267  6894 W NetworkScheduler: 	at java.util.concurrent.ThreadPoolExecutor.runWorker(ThreadPoolExecutor.java:1145)
04-08 01:08:12.602  1267  6894 W NetworkScheduler: 	at java.util.concurrent.ThreadPoolExecutor$Worker.run(ThreadPoolExecutor.java:644)
04-08 01:08:12.602  1267  6894 W NetworkScheduler: 	at alfp.run(:com.google.android.gms@240812041@24.08.12 (190800-608507424):8)
04-08 01:08:12.602  1267  6894 W NetworkScheduler: 	at java.lang.Thread.run(Thread.java:1012)
04-08 01:08:12.646  1267  5889 W NetworkScheduler: Error inserting flex_time=3597000 job_id=-1 period=7195000 source=16 requires_charging=0 preferred_network_type=1 target_class=com.google.android.gms.measurement.PackageMeasurementTaskService user_id=0 target_package=com.google.android.gms tag=Measurement.PackageMeasurementTaskService.UPLOAD_TASK_TAG task_type=0 required_idleness_state=0 service_kind=0 source_version=240812000 persistence_level=1 preferred_charging_state=1 required_network_type=0 runtime=1712560092634 retry_strategy={"maximum_backoff_seconds":{"3600":0},"initial_backoff_seconds":{"30":0},"retry_policy":{"0":0}} last_runtime=0 [CONTEXT service_id=218 ]
04-08 01:08:12.646  1267  5889 W NetworkScheduler: android.database.sqlite.SQLiteConstraintException: UNIQUE constraint failed: pending_ops.tag, pending_ops.target_class, pending_ops.target_package, pending_ops.user_id (code 2067 SQLITE_CONSTRAINT_UNIQUE)
04-08 01:08:12.646  1267  5889 W NetworkScheduler: 	at android.database.sqlite.SQLiteConnection.nativeExecuteForLastInsertedRowId(Native Method)
04-08 01:08:12.646  1267  5889 W NetworkScheduler: 	at android.database.sqlite.SQLiteConnection.executeForLastInsertedRowId(SQLiteConnection.java:961)
04-08 01:08:12.646  1267  5889 W NetworkScheduler: 	at android.database.sqlite.SQLiteSession.executeForLastInsertedRowId(SQLiteSession.java:790)
04-08 01:08:12.646  1267  5889 W NetworkScheduler: 	at android.database.sqlite.SQLiteStatement.executeInsert(SQLiteStatement.java:89)
04-08 01:08:12.646  1267  5889 W NetworkScheduler: 	at android.database.sqlite.SQLiteDatabase.insertWithOnConflict(SQLiteDatabase.java:1870)
04-08 01:08:12.646  1267  5889 W NetworkScheduler: 	at android.database.sqlite.SQLiteDatabase.insertOrThrow(SQLiteDatabase.java:1765)
04-08 01:08:12.646  1267  5889 W NetworkScheduler: 	at ctph.d(:com.google.android.gms@240812041@24.08.12 (190800-608507424):743)
04-08 01:08:12.646  1267  5889 W NetworkScheduler: 	at ctne.n(:com.google.android.gms@240812041@24.08.12 (190800-608507424):29)
04-08 01:08:12.646  1267  5889 W NetworkScheduler: 	at ctne.u(:com.google.android.gms@240812041@24.08.12 (190800-608507424):362)
04-08 01:08:12.646  1267  5889 W NetworkScheduler: 	at ctne.h(:com.google.android.gms@240812041@24.08.12 (190800-608507424):51)
04-08 01:08:12.646  1267  5889 W NetworkScheduler: 	at ctih.run(:com.google.android.gms@240812041@24.08.12 (190800-608507424):72)
04-08 01:08:12.646  1267  5889 W NetworkScheduler: 	at alab.c(:com.google.android.gms@240812041@24.08.12 (190800-608507424):50)
04-08 01:08:12.646  1267  5889 W NetworkScheduler: 	at alab.run(:com.google.android.gms@240812041@24.08.12 (190800-608507424):76)
04-08 01:08:12.646  1267  5889 W NetworkScheduler: 	at java.util.concurrent.ThreadPoolExecutor.runWorker(ThreadPoolExecutor.java:1145)
04-08 01:08:12.646  1267  5889 W NetworkScheduler: 	at java.util.concurrent.ThreadPoolExecutor$Worker.run(ThreadPoolExecutor.java:644)
04-08 01:08:12.646  1267  5889 W NetworkScheduler: 	at alfp.run(:com.google.android.gms@240812041@24.08.12 (190800-608507424):8)
04-08 01:08:12.646  1267  5889 W NetworkScheduler: 	at java.lang.Thread.run(Thread.java:1012)
04-08 01:08:13.100  7237  7237 W KeyEventActionBase: Back was pressed and left the application in an inconsistent state even after 600ms.
04-08 01:08:13.148  7237  7237 D LifecycleMonitor: Lifecycle status change: com.example.qr_dasher.CreateEventOrganizer@dd30418 in: STOPPED
04-08 01:08:13.148  7237  7237 V ActivityScenario: Activity lifecycle changed event received but ignored because the intent does not match. startActivityIntent=Intent { act=android.intent.action.MAIN cat=[android.intent.category.LAUNCHER] flg=0x10008000 cmp=com.example.qr_dasher/.HomePage }, activity.getIntent()=Intent { cmp=com.example.qr_dasher/.CreateEventOrganizer (has extras) }, activity=com.example.qr_dasher.CreateEventOrganizer@dd30418
04-08 01:08:13.150  7237  7237 D LifecycleMonitor: Lifecycle status change: com.example.qr_dasher.CreateEventOrganizer@dd30418 in: DESTROYED
04-08 01:08:13.151  7237  7237 V ActivityScenario: Activity lifecycle changed event received but ignored because the intent does not match. startActivityIntent=Intent { act=android.intent.action.MAIN cat=[android.intent.category.LAUNCHER] flg=0x10008000 cmp=com.example.qr_dasher/.HomePage }, activity.getIntent()=Intent { cmp=com.example.qr_dasher/.CreateEventOrganizer (has extras) }, activity=com.example.qr_dasher.CreateEventOrganizer@dd30418
04-08 01:08:13.151  7237  7237 W WindowOnBackDispatcher: sendCancelIfRunning: isInProgress=falsecallback=android.view.ViewRootImpl$$ExternalSyntheticLambda17@6207cb9
04-08 01:08:13.156   571  1386 W InputManager-JNI: Input channel object '56512e5 com.example.qr_dasher/com.example.qr_dasher.CreateEventOrganizer (client)' was disposed without first being removed with the input manager!
04-08 01:08:13.933  1391  1391 D StatusBarIconController: ignoring old pipeline callbacks, because the new mobile icons are enabled
04-08 01:08:13.959  7237  7286 D EGL_emulation: app_time_stats: avg=505.57ms min=30.36ms max=1362.18ms count=3
04-08 01:08:14.193  1267  1267 D BoundBrokerSvc: onUnbind: Intent { act=com.google.android.gms.presencemanager.service.START dat=chimera-action:/... cmp=com.google.android.gms/.chimera.PersistentApiService }
04-08 01:08:14.197  1267  1267 D BoundBrokerSvc: onUnbind: Intent { act=com.google.android.gms.presencemanager.service.INTERNAL_IDENTITY dat=chimera-action:/... cmp=com.google.android.gms/.chimera.PersistentApiService }
04-08 01:08:15.083   359  3337 D android.hardware.audio@7.1-impl.ranchu: threadLoop: entering standby, frames: 89006016
04-08 01:08:16.105  7237  7237 I ViewInteraction: Checking 'MatchesViewAssertion{viewMatcher=(view has effective visibility <VISIBLE> and view.getGlobalVisibleRect() to return non-empty rectangle)}' assertion on view view.getId() is <2131230958/com.example.qr_dasher:id/eventListView>
04-08 01:08:16.108  7237  7237 I ViewInteraction: Performing 'single click' action on view view.getId() is <2131230958/com.example.qr_dasher:id/eventListView>
04-08 01:08:16.157  7237  7286 D EGL_emulation: app_time_stats: avg=129.13ms min=12.35ms max=1930.70ms count=17
04-08 01:08:16.373  7237  7278 I TestRunner: finished: createEvent(com.example.qr_dasher.CreateUserProfileHomePageTest)
